../Core/OLED_lib/oled.c:8:6:OLED_Refresh_Gram	16	static
../Core/OLED_lib/oled.c:20:6:OLED_WR_Byte	24	static
../Core/OLED_lib/oled.c:43:6:OLED_Clear	16	static
../Core/OLED_lib/oled.c:53:6:OLED_Display_On	8	static
../Core/OLED_lib/oled.c:62:6:OLED_Display_Off	8	static
../Core/OLED_lib/oled.c:72:6:OLED_DrawPoint	24	static
../Core/OLED_lib/oled.c:84:6:OLED_DrawRect	32	static
../Core/OLED_lib/oled.c:98:6:OLED_DrawRectWithFill	32	static
../Core/OLED_lib/oled.c:118:6:OLED_DrawHorizontalLine	24	static
../Core/OLED_lib/oled.c:124:6:OLED_DrawVerticalLine	24	static
../Core/OLED_lib/oled.c:132:6:OLED_ShowChar	32	static
../Core/OLED_lib/oled.c:157:10:oled_pow	24	static
../Core/OLED_lib/oled.c:167:6:OLED_ShowNumber	40	static
../Core/OLED_lib/oled.c:189:6:OLED_ShowString	24	static
../Core/OLED_lib/oled.c:203:6:OLED_Init	8	static
