../Core/Src/main.c:199:6:DWT_Delay_Init	4	static
../Core/Src/main.c:217:5:main	8	static
../Core/Src/main.c:339:6:SystemClock_Config	88	static
../Core/Src/main.c:381:13:MX_ADC1_Init	32	static
../Core/Src/main.c:434:13:MX_I2C2_Init	8	static
../Core/Src/main.c:468:13:MX_TIM1_Init	80	static
../Core/Src/main.c:537:13:MX_TIM2_Init	56	static
../Core/Src/main.c:586:13:MX_TIM3_Init	64	static
../Core/Src/main.c:645:13:MX_TIM4_Init	48	static
../Core/Src/main.c:698:13:MX_TIM5_Init	56	static
../Core/Src/main.c:747:13:MX_TIM12_Init	40	static
../Core/Src/main.c:798:13:MX_USART1_UART_Init	8	static
../Core/Src/main.c:831:13:MX_USART3_UART_Init	8	static
../Core/Src/main.c:863:13:MX_DMA_Init	16	static
../Core/Src/main.c:881:13:MX_GPIO_Init	48	static
../Core/Src/main.c:940:6:HAL_TIM_IC_MspInit	48	static
../Core/Src/main.c:969:6:HAL_TIM_IC_CaptureCallback	16	static
../Core/Src/main.c:1009:6:DWT_Delay_us	24	static
../Core/Src/main.c:1018:6:HAL_UART_RxCpltCallback	32	static
../Core/Src/main.c:1034:6:vApplicationStackOverflowHook	24	static
../Core/Src/main.c:1056:6:StartDefaultTask	16	static
../Core/Src/main.c:1074:9:get_button_clicks	24	static
../Core/Src/main.c:1114:6:StartMotorTask	48	static
../Core/Src/main.c:1227:6:StartOLEDTask	80	static
../Core/Src/main.c:1271:6:StartGyroTask	24	static
../Core/Src/main.c:1323:6:StartUltrasonicTask	16	static
../Core/Src/main.c:1386:6:StartCommunicateTask	16	static
../Core/Src/main.c:1409:6:StartEncoderRTask	24	static
../Core/Src/main.c:1434:6:StartEncoderLTask	24	static
../Core/Src/main.c:1458:6:StartIR_Task	56	static
../Core/Src/main.c:1500:6:HAL_TIM_PeriodElapsedCallback	16	static
../Core/Src/main.c:1518:6:Error_Handler	4	static,ignoring_inline_asm
