../Core/Src/oled.c:5:6:OLED_Refresh_Gram	16	static
../Core/Src/oled.c:17:6:OLED_WR_Byte	24	static
../Core/Src/oled.c:40:6:OLED_Clear	16	static
../Core/Src/oled.c:50:6:OLED_Display_On	8	static
../Core/Src/oled.c:59:6:OLED_Display_Off	8	static
../Core/Src/oled.c:69:6:OLED_DrawPoint	24	static
../Core/Src/oled.c:82:6:OLED_ShowChar	32	static
../Core/Src/oled.c:107:10:oled_pow	24	static
../Core/Src/oled.c:117:6:OLED_ShowNumber	40	static
../Core/Src/oled.c:139:6:OLED_ShowString	24	static
../Core/Src/oled.c:153:6:OLED_Init	8	static
