Archive member included to satisfy reference by file (symbol)

C:/Users/rombo/OneDrive/Desktop/MDP/STT/STM32CubeIDE_1.19.0/STM32CubeIDE/plugins/com.st.stm32cube.ide.mcu.externaltools.gnu-tools-for-stm32.13.3.rel1.win32_1.0.0.202411081344/tools/bin/../lib/gcc/arm-none-eabi/13.3.1/../../../../arm-none-eabi/lib/thumb/v7e-m+fp/hard\libc_nano.a(libc_a-exit.o)
                              C:/Users/rombo/OneDrive/Desktop/MDP/STT/STM32CubeIDE_1.19.0/STM32CubeIDE/plugins/com.st.stm32cube.ide.mcu.externaltools.gnu-tools-for-stm32.13.3.rel1.win32_1.0.0.202411081344/tools/bin/../lib/gcc/arm-none-eabi/13.3.1/../../../../arm-none-eabi/lib/thumb/v7e-m+fp/hard/crt0.o (exit)
C:/Users/rombo/OneDrive/Desktop/MDP/STT/STM32CubeIDE_1.19.0/STM32CubeIDE/plugins/com.st.stm32cube.ide.mcu.externaltools.gnu-tools-for-stm32.13.3.rel1.win32_1.0.0.202411081344/tools/bin/../lib/gcc/arm-none-eabi/13.3.1/../../../../arm-none-eabi/lib/thumb/v7e-m+fp/hard\libc_nano.a(libc_a-strtoul.o)
                              ./Core/Src/app_parser.o (strtoul)
C:/Users/rombo/OneDrive/Desktop/MDP/STT/STM32CubeIDE_1.19.0/STM32CubeIDE/plugins/com.st.stm32cube.ide.mcu.externaltools.gnu-tools-for-stm32.13.3.rel1.win32_1.0.0.202411081344/tools/bin/../lib/gcc/arm-none-eabi/13.3.1/../../../../arm-none-eabi/lib/thumb/v7e-m+fp/hard\libc_nano.a(libc_a-ctype_.o)
                              C:/Users/rombo/OneDrive/Desktop/MDP/STT/STM32CubeIDE_1.19.0/STM32CubeIDE/plugins/com.st.stm32cube.ide.mcu.externaltools.gnu-tools-for-stm32.13.3.rel1.win32_1.0.0.202411081344/tools/bin/../lib/gcc/arm-none-eabi/13.3.1/../../../../arm-none-eabi/lib/thumb/v7e-m+fp/hard\libc_nano.a(libc_a-strtoul.o) (_ctype_)
C:/Users/rombo/OneDrive/Desktop/MDP/STT/STM32CubeIDE_1.19.0/STM32CubeIDE/plugins/com.st.stm32cube.ide.mcu.externaltools.gnu-tools-for-stm32.13.3.rel1.win32_1.0.0.202411081344/tools/bin/../lib/gcc/arm-none-eabi/13.3.1/../../../../arm-none-eabi/lib/thumb/v7e-m+fp/hard\libc_nano.a(libc_a-nano-vfprintf_float.o)
                              (_printf_float)
C:/Users/rombo/OneDrive/Desktop/MDP/STT/STM32CubeIDE_1.19.0/STM32CubeIDE/plugins/com.st.stm32cube.ide.mcu.externaltools.gnu-tools-for-stm32.13.3.rel1.win32_1.0.0.202411081344/tools/bin/../lib/gcc/arm-none-eabi/13.3.1/../../../../arm-none-eabi/lib/thumb/v7e-m+fp/hard\libc_nano.a(libc_a-nano-vfprintf_i.o)
                              C:/Users/rombo/OneDrive/Desktop/MDP/STT/STM32CubeIDE_1.19.0/STM32CubeIDE/plugins/com.st.stm32cube.ide.mcu.externaltools.gnu-tools-for-stm32.13.3.rel1.win32_1.0.0.202411081344/tools/bin/../lib/gcc/arm-none-eabi/13.3.1/../../../../arm-none-eabi/lib/thumb/v7e-m+fp/hard\libc_nano.a(libc_a-nano-vfprintf_float.o) (_printf_common)
C:/Users/rombo/OneDrive/Desktop/MDP/STT/STM32CubeIDE_1.19.0/STM32CubeIDE/plugins/com.st.stm32cube.ide.mcu.externaltools.gnu-tools-for-stm32.13.3.rel1.win32_1.0.0.202411081344/tools/bin/../lib/gcc/arm-none-eabi/13.3.1/../../../../arm-none-eabi/lib/thumb/v7e-m+fp/hard\libc_nano.a(libc_a-findfp.o)
                              ./Middlewares/Third_Party/FreeRTOS/Source/tasks.o (__sf)
C:/Users/rombo/OneDrive/Desktop/MDP/STT/STM32CubeIDE_1.19.0/STM32CubeIDE/plugins/com.st.stm32cube.ide.mcu.externaltools.gnu-tools-for-stm32.13.3.rel1.win32_1.0.0.202411081344/tools/bin/../lib/gcc/arm-none-eabi/13.3.1/../../../../arm-none-eabi/lib/thumb/v7e-m+fp/hard\libc_nano.a(libc_a-fwalk.o)
                              C:/Users/rombo/OneDrive/Desktop/MDP/STT/STM32CubeIDE_1.19.0/STM32CubeIDE/plugins/com.st.stm32cube.ide.mcu.externaltools.gnu-tools-for-stm32.13.3.rel1.win32_1.0.0.202411081344/tools/bin/../lib/gcc/arm-none-eabi/13.3.1/../../../../arm-none-eabi/lib/thumb/v7e-m+fp/hard\libc_nano.a(libc_a-findfp.o) (_fwalk_sglue)
C:/Users/rombo/OneDrive/Desktop/MDP/STT/STM32CubeIDE_1.19.0/STM32CubeIDE/plugins/com.st.stm32cube.ide.mcu.externaltools.gnu-tools-for-stm32.13.3.rel1.win32_1.0.0.202411081344/tools/bin/../lib/gcc/arm-none-eabi/13.3.1/../../../../arm-none-eabi/lib/thumb/v7e-m+fp/hard\libc_nano.a(libc_a-snprintf.o)
                              ./Core/Src/app_parser.o (snprintf)
C:/Users/rombo/OneDrive/Desktop/MDP/STT/STM32CubeIDE_1.19.0/STM32CubeIDE/plugins/com.st.stm32cube.ide.mcu.externaltools.gnu-tools-for-stm32.13.3.rel1.win32_1.0.0.202411081344/tools/bin/../lib/gcc/arm-none-eabi/13.3.1/../../../../arm-none-eabi/lib/thumb/v7e-m+fp/hard\libc_nano.a(libc_a-stdio.o)
                              C:/Users/rombo/OneDrive/Desktop/MDP/STT/STM32CubeIDE_1.19.0/STM32CubeIDE/plugins/com.st.stm32cube.ide.mcu.externaltools.gnu-tools-for-stm32.13.3.rel1.win32_1.0.0.202411081344/tools/bin/../lib/gcc/arm-none-eabi/13.3.1/../../../../arm-none-eabi/lib/thumb/v7e-m+fp/hard\libc_nano.a(libc_a-findfp.o) (__sread)
C:/Users/rombo/OneDrive/Desktop/MDP/STT/STM32CubeIDE_1.19.0/STM32CubeIDE/plugins/com.st.stm32cube.ide.mcu.externaltools.gnu-tools-for-stm32.13.3.rel1.win32_1.0.0.202411081344/tools/bin/../lib/gcc/arm-none-eabi/13.3.1/../../../../arm-none-eabi/lib/thumb/v7e-m+fp/hard\libc_nano.a(libc_a-memset.o)
[...]
Memory Configuration

Name             Origin             Length             Attributes
CCMRAM           0x10000000         0x00010000         xrw
RAM              0x20000000         0x00020000         xrw
FLASH            0x08000000         0x00080000         xr
*default*        0x00000000         0xffffffff

Linker script and memory map

LOAD C:/Users/rombo/OneDrive/Desktop/MDP/STT/STM32CubeIDE_1.19.0/STM32CubeIDE/plugins/com.st.stm32cube.ide.mcu.externaltools.gnu-tools-for-stm32.13.3.rel1.win32_1.0.0.202411081344/tools/bin/../lib/gcc/arm-none-eabi/13.3.1/thumb/v7e-m+fp/hard/crti.o
LOAD C:/Users/rombo/OneDrive/Desktop/MDP/STT/STM32CubeIDE_1.19.0/STM32CubeIDE/plugins/com.st.stm32cube.ide.mcu.externaltools.gnu-tools-for-stm32.13.3.rel1.win32_1.0.0.202411081344/tools/bin/../lib/gcc/arm-none-eabi/13.3.1/thumb/v7e-m+fp/hard/crtbegin.o
LOAD C:/Users/rombo/OneDrive/Desktop/MDP/STT/STM32CubeIDE_1.19.0/STM32CubeIDE/plugins/com.st.stm32cube.ide.mcu.externaltools.gnu-tools-for-stm32.13.3.rel1.win32_1.0.0.202411081344/tools/bin/../lib/gcc/arm-none-eabi/13.3.1/../../../../arm-none-eabi/lib/thumb/v7e-m+fp/hard/crt0.o
LOAD ./Core/Src/ICM20948.o
LOAD ./Core/Src/adc_utils.o
LOAD ./Core/Src/app_parser.o
LOAD ./Core/Src/freertos.o
LOAD ./Core/Src/main.o
LOAD ./Core/Src/motion.o
LOAD ./Core/Src/oled.o
LOAD ./Core/Src/pid.o
LOAD ./Core/Src/stm32f4xx_hal_msp.o
LOAD ./Core/Src/stm32f4xx_hal_timebase_tim.o
LOAD ./Core/Src/stm32f4xx_it.o
LOAD ./Core/Src/syscalls.o
LOAD ./Core/Src/sysmem.o
LOAD ./Core/Src/system_stm32f4xx.o
LOAD ./Core/Startup/startup_stm32f407vetx.o
LOAD ./Drivers/STM32F4xx_HAL_Driver/Src/stm32f4xx_hal.o
LOAD ./Drivers/STM32F4xx_HAL_Driver/Src/stm32f4xx_hal_adc.o
LOAD ./Drivers/STM32F4xx_HAL_Driver/Src/stm32f4xx_hal_adc_ex.o
LOAD ./Drivers/STM32F4xx_HAL_Driver/Src/stm32f4xx_hal_cortex.o
LOAD ./Drivers/STM32F4xx_HAL_Driver/Src/stm32f4xx_hal_dma.o
LOAD ./Drivers/STM32F4xx_HAL_Driver/Src/stm32f4xx_hal_dma_ex.o
LOAD ./Drivers/STM32F4xx_HAL_Driver/Src/stm32f4xx_hal_exti.o
LOAD ./Drivers/STM32F4xx_HAL_Driver/Src/stm32f4xx_hal_flash.o
LOAD ./Drivers/STM32F4xx_HAL_Driver/Src/stm32f4xx_hal_flash_ex.o
LOAD ./Drivers/STM32F4xx_HAL_Driver/Src/stm32f4xx_hal_flash_ramfunc.o
LOAD ./Drivers/STM32F4xx_HAL_Driver/Src/stm32f4xx_hal_gpio.o
LOAD ./Drivers/STM32F4xx_HAL_Driver/Src/stm32f4xx_hal_i2c.o
LOAD ./Drivers/STM32F4xx_HAL_Driver/Src/stm32f4xx_hal_i2c_ex.o
LOAD ./Drivers/STM32F4xx_HAL_Driver/Src/stm32f4xx_hal_pwr.o
LOAD ./Drivers/STM32F4xx_HAL_Driver/Src/stm32f4xx_hal_pwr_ex.o
LOAD ./Drivers/STM32F4xx_HAL_Driver/Src/stm32f4xx_hal_rcc.o
LOAD ./Drivers/STM32F4xx_HAL_Driver/Src/stm32f4xx_hal_rcc_ex.o
LOAD ./Drivers/STM32F4xx_HAL_Driver/Src/stm32f4xx_hal_tim.o
LOAD ./Drivers/STM32F4xx_HAL_Driver/Src/stm32f4xx_hal_tim_ex.o
LOAD ./Drivers/STM32F4xx_HAL_Driver/Src/stm32f4xx_hal_uart.o
LOAD ./Drivers/STM32F4xx_HAL_Driver/Src/stm32f4xx_ll_adc.o
LOAD ./Middlewares/Third_Party/FreeRTOS/Source/CMSIS_RTOS_V2/cmsis_os2.o
LOAD ./Middlewares/Third_Party/FreeRTOS/Source/croutine.o
LOAD ./Middlewares/Third_Party/FreeRTOS/Source/event_groups.o
LOAD ./Middlewares/Third_Party/FreeRTOS/Source/list.o
LOAD ./Middlewares/Third_Party/FreeRTOS/Source/queue.o
LOAD ./Middlewares/Third_Party/FreeRTOS/Source/stream_buffer.o
LOAD ./Middlewares/Third_Party/FreeRTOS/Source/tasks.o
LOAD ./Middlewares/Third_Party/FreeRTOS/Source/timers.o
LOAD ./Middlewares/Third_Party/FreeRTOS/Source/portable/GCC/ARM_CM4F/port.o
LOAD ./Middlewares/Third_Party/FreeRTOS/Source/portable/MemMang/heap_4.o
START GROUP
LOAD C:/Users/rombo/OneDrive/Desktop/MDP/STT/STM32CubeIDE_1.19.0/STM32CubeIDE/plugins/com.st.stm32cube.ide.mcu.externaltools.gnu-tools-for-stm32.13.3.rel1.win32_1.0.0.202411081344/tools/bin/../lib/gcc/arm-none-eabi/13.3.1/../../../../arm-none-eabi/lib/thumb/v7e-m+fp/hard\libc_nano.a
LOAD C:/Users/rombo/OneDrive/Desktop/MDP/STT/STM32CubeIDE_1.19.0/STM32CubeIDE/plugins/com.st.stm32cube.ide.mcu.externaltools.gnu-tools-for-stm32.13.3.rel1.win32_1.0.0.202411081344/tools/bin/../lib/gcc/arm-none-eabi/13.3.1/../../../../arm-none-eabi/lib/thumb/v7e-m+fp/hard\libm.a
END GROUP
START GROUP
LOAD C:/Users/rombo/OneDrive/Desktop/MDP/STT/STM32CubeIDE_1.19.0/STM32CubeIDE/plugins/com.st.stm32cube.ide.mcu.externaltools.gnu-tools-for-stm32.13.3.rel1.win32_1.0.0.202411081344/tools/bin/../lib/gcc/arm-none-eabi/13.3.1/thumb/v7e-m+fp/hard\libgcc.a
LOAD C:/Users/rombo/OneDrive/Desktop/MDP/STT/STM32CubeIDE_1.19.0/STM32CubeIDE/plugins/com.st.stm32cube.ide.mcu.externaltools.gnu-tools-for-stm32.13.3.rel1.win32_1.0.0.202411081344/tools/bin/../lib/gcc/arm-none-eabi/13.3.1/../../../../arm-none-eabi/lib/thumb/v7e-m+fp/hard\libc_nano.a
END GROUP
START GROUP
LOAD C:/Users/rombo/OneDrive/Desktop/MDP/STT/STM32CubeIDE_1.19.0/STM32CubeIDE/plugins/com.st.stm32cube.ide.mcu.externaltools.gnu-tools-for-stm32.13.3.rel1.win32_1.0.0.202411081344/tools/bin/../lib/gcc/arm-none-eabi/13.3.1/thumb/v7e-m+fp/hard\libgcc.a
LOAD C:/Users/rombo/OneDrive/Desktop/MDP/STT/STM32CubeIDE_1.19.0/STM32CubeIDE/plugins/com.st.stm32cube.ide.mcu.externaltools.gnu-tools-for-stm32.13.3.rel1.win32_1.0.0.202411081344/tools/bin/../lib/gcc/arm-none-eabi/13.3.1/../../../../arm-none-eabi/lib/thumb/v7e-m+fp/hard\libc_nano.a
LOAD C:/Users/rombo/OneDrive/Desktop/MDP/STT/STM32CubeIDE_1.19.0/STM32CubeIDE/plugins/com.st.stm32cube.ide.mcu.externaltools.gnu-tools-for-stm32.13.3.rel1.win32_1.0.0.202411081344/tools/bin/../lib/gcc/arm-none-eabi/13.3.1/../../../../arm-none-eabi/lib/thumb/v7e-m+fp/hard\libnosys.a
END GROUP
START GROUP
LOAD C:/Users/rombo/OneDrive/Desktop/MDP/STT/STM32CubeIDE_1.19.0/STM32CubeIDE/plugins/com.st.stm32cube.ide.mcu.externaltools.gnu-tools-for-stm32.13.3.rel1.win32_1.0.0.202411081344/tools/bin/../lib/gcc/arm-none-eabi/13.3.1/thumb/v7e-m+fp/hard\libgcc.a
LOAD C:/Users/rombo/OneDrive/Desktop/MDP/STT/STM32CubeIDE_1.19.0/STM32CubeIDE/plugins/com.st.stm32cube.ide.mcu.externaltools.gnu-tools-for-stm32.13.3.rel1.win32_1.0.0.202411081344/tools/bin/../lib/gcc/arm-none-eabi/13.3.1/../../../../arm-none-eabi/lib/thumb/v7e-m+fp/hard\libc_nano.a
LOAD C:/Users/rombo/OneDrive/Desktop/MDP/STT/STM32CubeIDE_1.19.0/STM32CubeIDE/plugins/com.st.stm32cube.ide.mcu.externaltools.gnu-tools-for-stm32.13.3.rel1.win32_1.0.0.202411081344/tools/bin/../lib/gcc/arm-none-eabi/13.3.1/../../../../arm-none-eabi/lib/thumb/v7e-m+fp/hard\libnosys.a
END GROUP
LOAD C:/Users/rombo/OneDrive/Desktop/MDP/STT/STM32CubeIDE_1.19.0/STM32CubeIDE/plugins/com.st.stm32cube.ide.mcu.externaltools.gnu-tools-for-stm32.13.3.rel1.win32_1.0.0.202411081344/tools/bin/../lib/gcc/arm-none-eabi/13.3.1/thumb/v7e-m+fp/hard/crtend.o
LOAD C:/Users/rombo/OneDrive/Desktop/MDP/STT/STM32CubeIDE_1.19.0/STM32CubeIDE/plugins/com.st.stm32cube.ide.mcu.externaltools.gnu-tools-for-stm32.13.3.rel1.win32_1.0.0.202411081344/tools/bin/../lib/gcc/arm-none-eabi/13.3.1/thumb/v7e-m+fp/hard/crtn.o
                0x20020000                        _estack = (ORIGIN (RAM) + LENGTH (RAM))
                0x00000200                        _Min_Heap_Size = 0x200
                0x00000400                        _Min_Stack_Size = 0x400

.isr_vector     0x08000000      0x188
                0x08000000                        . = ALIGN (0x4)
 *(.isr_vector)
 .isr_vector    0x08000000      0x188 ./Core/Startup/startup_stm32f407vetx.o
                0x08000000                g_pfnVectors
                0x08000188                        . = ALIGN (0x4)

.text           0x08000190    0x11e40
                0x08000190                        . = ALIGN (0x4)
 *(.text)
 .text          0x08000190       0x40 C:/Users/rombo/OneDrive/Desktop/MDP/STT/STM32CubeIDE_1.19.0/STM32CubeIDE/plugins/com.st.stm32cube.ide.mcu.externaltools.gnu-tools-for-stm32.13.3.rel1.win32_1.0.0.202411081344/tools/bin/../lib/gcc/arm-none-eabi/13.3.1/thumb/v7e-m+fp/hard/crtbegin.o
 .text          0x080001d0       0xa0 C:/Users/rombo/OneDrive/Desktop/MDP/STT/STM32CubeIDE_1.19.0/STM32CubeIDE/plugins/com.st.stm32cube.ide.mcu.externaltools.gnu-tools-for-stm32.13.3.rel1.win32_1.0.0.202411081344/tools/bin/../lib/gcc/arm-none-eabi/13.3.1/../../../../arm-none-eabi/lib/thumb/v7e-m+fp/hard\libc_nano.a(libc_a-memchr.o)
                0x080001d0                memchr
 .text          0x08000270       0x10 C:/Users/rombo/OneDrive/Desktop/MDP/STT/STM32CubeIDE_1.19.0/STM32CubeIDE/plugins/com.st.stm32cube.ide.mcu.externaltools.gnu-tools-for-stm32.13.3.rel1.win32_1.0.0.202411081344/tools/bin/../lib/gcc/arm-none-eabi/13.3.1/../../../../arm-none-eabi/lib/thumb/v7e-m+fp/hard\libc_nano.a(libc_a-strlen.o)
                0x08000270                strlen
 .text          0x08000280      0x378 C:/Users/rombo/OneDrive/Desktop/MDP/STT/STM32CubeIDE_1.19.0/STM32CubeIDE/plugins/com.st.stm32cube.ide.mcu.externaltools.gnu-tools-for-stm32.13.3.rel1.win32_1.0.0.202411081344/tools/bin/../lib/gcc/arm-none-eabi/13.3.1/thumb/v7e-m+fp/hard\libgcc.a(_arm_addsubdf3.o)
                0x08000280                __aeabi_drsub
                0x08000288                __aeabi_dsub
                0x08000288                __subdf3
                0x0800028c                __aeabi_dadd
                0x0800028c                __adddf3
                0x08000504                __floatunsidf
                0x08000504                __aeabi_ui2d
                0x08000524                __floatsidf
                0x08000524                __aeabi_i2d
                0x08000548                __aeabi_f2d
                0x08000548                __extendsfdf2
                0x0800058c                __floatundidf
                0x0800058c                __aeabi_ul2d
                0x0800059c                __floatdidf
                0x0800059c                __aeabi_l2d
 .text          0x080005f8      0x424 C:/Users/rombo/OneDrive/Desktop/MDP/STT/STM32CubeIDE_1.19.0/STM32CubeIDE/plugins/com.st.stm32cube.ide.mcu.externaltools.gnu-tools-for-stm32.13.3.rel1.win32_1.0.0.202411081344/tools/bin/../lib/gcc/arm-none-eabi/13.3.1/thumb/v7e-m+fp/hard\libgcc.a(_arm_muldivdf3.o)
                0x080005f8                __aeabi_dmul
                0x080005f8                __muldf3
                0x0800084c                __divdf3
                0x0800084c                __aeabi_ddiv
 .text          0x08000a1c      0x110 C:/Users/rombo/OneDrive/Desktop/MDP/STT/STM32CubeIDE_1.19.0/STM32CubeIDE/plugins/com.st.stm32cube.ide.mcu.externaltools.gnu-tools-for-stm32.13.3.rel1.win32_1.0.0.202411081344/tools/bin/../lib/gcc/arm-none-eabi/13.3.1/thumb/v7e-m+fp/hard\libgcc.a(_arm_cmpdf2.o)
                0x08000a1c                __gtdf2
                0x08000a1c                __gedf2
                0x08000a24                __ltdf2
                0x08000a24                __ledf2
                0x08000a2c                __nedf2
                0x08000a2c                __eqdf2
                0x08000a2c                __cmpdf2
                0x08000aa8                __aeabi_cdrcmple
                0x08000ab8                __aeabi_cdcmpeq
                0x08000ab8                __aeabi_cdcmple
                0x08000ac8                __aeabi_dcmpeq
                0x08000adc                __aeabi_dcmplt
                0x08000af0                __aeabi_dcmple
                0x08000b04                __aeabi_dcmpge
                0x08000b18                __aeabi_dcmpgt
 .text          0x08000b2c       0x2c C:/Users/rombo/OneDrive/Desktop/MDP/STT/STM32CubeIDE_1.19.0/STM32CubeIDE/plugins/com.st.stm32cube.ide.mcu.externaltools.gnu-tools-for-stm32.13.3.rel1.win32_1.0.0.202411081344/tools/bin/../lib/gcc/arm-none-eabi/13.3.1/thumb/v7e-m+fp/hard\libgcc.a(_arm_unorddf2.o)
                0x08000b2c                __unorddf2
                0x08000b2c                __aeabi_dcmpun
 .text          0x08000b58       0x50 C:/Users/rombo/OneDrive/Desktop/MDP/STT/STM32CubeIDE_1.19.0/STM32CubeIDE/plugins/com.st.stm32cube.ide.mcu.externaltools.gnu-tools-for-stm32.13.3.rel1.win32_1.0.0.202411081344/tools/bin/../lib/gcc/arm-none-eabi/13.3.1/thumb/v7e-m+fp/hard\libgcc.a(_arm_fixdfsi.o)
                0x08000b58                __aeabi_d2iz
                0x08000b58                __fixdfsi
 .text          0x08000ba8       0xa0 C:/Users/rombo/OneDrive/Desktop/MDP/STT/STM32CubeIDE_1.19.0/STM32CubeIDE/plugins/com.st.stm32cube.ide.mcu.externaltools.gnu-tools-for-stm32.13.3.rel1.win32_1.0.0.202411081344/tools/bin/../lib/gcc/arm-none-eabi/13.3.1/thumb/v7e-m+fp/hard\libgcc.a(_arm_truncdfsf2.o)
                0x08000ba8                __truncdfsf2
                0x08000ba8                __aeabi_d2f
 .text          0x08000c48       0x30 C:/Users/rombo/OneDrive/Desktop/MDP/STT/STM32CubeIDE_1.19.0/STM32CubeIDE/plugins/com.st.stm32cube.ide.mcu.externaltools.gnu-tools-for-stm32.13.3.rel1.win32_1.0.0.202411081344/tools/bin/../lib/gcc/arm-none-eabi/13.3.1/thumb/v7e-m+fp/hard\libgcc.a(_aeabi_uldivmod.o)
                0x08000c48                __aeabi_uldivmod
 .text          0x08000c78      0x2f8 C:/Users/rombo/OneDrive/Desktop/MDP/STT/STM32CubeIDE_1.19.0/STM32CubeIDE/plugins/com.st.stm32cube.ide.mcu.externaltools.gnu-tools-for-stm32.13.3.rel1.win32_1.0.0.202411081344/tools/bin/../lib/gcc/arm-none-eabi/13.3.1/thumb/v7e-m+fp/hard\libgcc.a(_udivmoddi4.o)
                0x08000c78                __udivmoddi4
 .text          0x08000f70        0x4 C:/Users/rombo/OneDrive/Desktop/MDP/STT/STM32CubeIDE_1.19.0/STM32CubeIDE/plugins/com.st.stm32cube.ide.mcu.externaltools.gnu-tools-for-stm32.13.3.rel1.win32_1.0.0.202411081344/tools/bin/../lib/gcc/arm-none-eabi/13.3.1/thumb/v7e-m+fp/hard\libgcc.a(_dvmd_tls.o)
                0x08000f70                __aeabi_idiv0
                0x08000f70                __aeabi_ldiv0
 *(.text*)
 .text._ICM20948_SelectUserBank
                0x08000f74       0x58 ./Core/Src/ICM20948.o
                0x08000f74                _ICM20948_SelectUserBank
 .text._ICM20948_WriteByte
                0x08000fcc       0x5a ./Core/Src/ICM20948.o
                0x08000fcc                _ICM20948_WriteByte
 .text._ICM20948_BrustRead
                0x08001026       0x5a ./Core/Src/ICM20948.o
                0x08001026                _ICM20948_BrustRead
 .text._AK09916_WriteByte
                0x08001080       0x3c ./Core/Src/ICM20948.o
                0x08001080                _AK09916_WriteByte
 .text._AK09916_ReadByte
                0x080010bc       0x3a ./Core/Src/ICM20948.o
                0x080010bc                _AK09916_ReadByte
 .text._AK09916_BrustRead
                0x080010f6       0x3e ./Core/Src/ICM20948.o
                0x080010f6                _AK09916_BrustRead
 .text.ICM20948_init
                0x08001134      0x106 ./Core/Src/ICM20948.o
                0x08001134                ICM20948_init
 *fill*         0x0800123a        0x2 
 .text.ICM20948_readGyroscope_Z
                0x0800123c       0xd4 ./Core/Src/ICM20948.o
                0x0800123c                ICM20948_readGyroscope_Z
 .text.ICM20948_readMagnetometer_XY
                0x08001310       0x8c ./Core/Src/ICM20948.o
                0x08001310                ICM20948_readMagnetometer_XY
 *fill*         0x0800139c        0x4 
 .text.IMU_Update
                0x080013a0      0x224 ./Core/Src/ICM20948.o
                0x080013a0                IMU_Update
 .text.IMU_GetYawLatest
                0x080015c4       0x1c ./Core/Src/ICM20948.o
                0x080015c4                IMU_GetYawLatest
 .text.IMU_GetGyroZLatest
                0x080015e0       0x1c ./Core/Src/ICM20948.o
                0x080015e0                IMU_GetGyroZLatest
 .text.IMU_CalibrateGyroZ
                0x080015fc       0xb4 ./Core/Src/ICM20948.o
                0x080015fc                IMU_CalibrateGyroZ
 .text.IR_ReadVDDA_Vrefint
                0x080016b0       0xbc ./Core/Src/adc_utils.o
                0x080016b0                IR_ReadVDDA_Vrefint
 .text.ADC1_Read_Channel
                0x0800176c       0x64 ./Core/Src/adc_utils.o
                0x0800176c                ADC1_Read_Channel
 .text.IR_RawToVolts
                0x080017d0       0x40 ./Core/Src/adc_utils.o
                0x080017d0                IR_RawToVolts
 .text.IR_VoltsToCm
                0x08001810      0x1ec ./Core/Src/adc_utils.o
                0x08001810                IR_VoltsToCm
 .text.Parser_Init
                0x080019fc       0x20 ./Core/Src/app_parser.o
                0x080019fc                Parser_Init
 .text.Parser_Process
                0x08001a1c       0xfc ./Core/Src/app_parser.o
                0x08001a1c                Parser_Process
 .text.return_sensor_request_cmd
                0x08001b18       0xcc ./Core/Src/app_parser.o
 .text.get_motion_cmd_from_bytes
                0x08001be4      0x228 ./Core/Src/app_parser.o
 .text.DWT_Delay_Init
                0x08001e0c       0x34 ./Core/Src/main.o
                0x08001e0c                DWT_Delay_Init
 .text.main     0x08001e40      0x170 ./Core/Src/main.o
                0x08001e40                main
 .text.SystemClock_Config
                0x08001fb0       0xbc ./Core/Src/main.o
                0x08001fb0                SystemClock_Config
 .text.MX_ADC1_Init
                0x0800206c       0xdc ./Core/Src/main.o
 .text.MX_I2C2_Init
                0x08002148       0x5c ./Core/Src/main.o
 .text.MX_TIM1_Init
                0x080021a4      0x120 ./Core/Src/main.o
 .text.MX_TIM2_Init
                0x080022c4       0xa8 ./Core/Src/main.o
 .text.MX_TIM3_Init
                0x0800236c       0xec ./Core/Src/main.o
 .text.MX_TIM4_Init
                0x08002458       0xc8 ./Core/Src/main.o
 .text.MX_TIM5_Init
                0x08002520       0xa8 ./Core/Src/main.o
 .text.MX_TIM12_Init
                0x080025c8       0xb8 ./Core/Src/main.o
 .text.MX_USART1_UART_Init
                0x08002680       0x54 ./Core/Src/main.o
 .text.MX_USART3_UART_Init
                0x080026d4       0x60 ./Core/Src/main.o
 .text.MX_DMA_Init
                0x08002734       0x40 ./Core/Src/main.o
 .text.MX_GPIO_Init
                0x08002774      0x150 ./Core/Src/main.o
 .text.HAL_TIM_IC_MspInit
                0x080028c4       0xa0 ./Core/Src/main.o
                0x080028c4                HAL_TIM_IC_MspInit
 .text.HAL_TIM_IC_CaptureCallback
                0x08002964      0x140 ./Core/Src/main.o
                0x08002964                HAL_TIM_IC_CaptureCallback
 .text.DWT_Delay_us
                0x08002aa4       0x48 ./Core/Src/main.o
                0x08002aa4                DWT_Delay_us
 .text.HAL_UART_RxCpltCallback
                0x08002aec       0x54 ./Core/Src/main.o
                0x08002aec                HAL_UART_RxCpltCallback
 .text.StartDefaultTask
                0x08002b40       0x10 ./Core/Src/main.o
                0x08002b40                StartDefaultTask
 .text.StartMotorTask
                0x08002b50      0x1c4 ./Core/Src/main.o
                0x08002b50                StartMotorTask
 .text.StartOLEDTask
                0x08002d14       0xcc ./Core/Src/main.o
                0x08002d14                StartOLEDTask
 .text.StartGyroTask
                0x08002de0       0xa0 ./Core/Src/main.o
                0x08002de0                StartGyroTask
 .text.StartUltrasonicTask
                0x08002e80       0x90 ./Core/Src/main.o
                0x08002e80                StartUltrasonicTask
 .text.StartCommunicateTask
                0x08002f10       0x1c ./Core/Src/main.o
                0x08002f10                StartCommunicateTask
 .text.StartEncoderRTask
                0x08002f2c       0x4c ./Core/Src/main.o
                0x08002f2c                StartEncoderRTask
 .text.StartEncoderLTask
                0x08002f78       0x4c ./Core/Src/main.o
                0x08002f78                StartEncoderLTask
 .text.StartIR_Task
                0x08002fc4       0xc8 ./Core/Src/main.o
                0x08002fc4                StartIR_Task
 .text.HAL_TIM_PeriodElapsedCallback
                0x0800308c       0x24 ./Core/Src/main.o
                0x0800308c                HAL_TIM_PeriodElapsedCallback
 .text.Error_Handler
                0x080030b0        0xc ./Core/Src/main.o
                0x080030b0                Error_Handler
 .text.set_motor_speed_raw
                0x080030bc      0x1a8 ./Core/Src/motion.o
 .text.set_left_speed
                0x08003264       0x20 ./Core/Src/motion.o
 .text.set_right_speed
                0x08003284       0x24 ./Core/Src/motion.o
 .text.set_forward_speed
                0x080032a8       0x1c ./Core/Src/motion.o
 .text.wrap180  0x080032c4       0x74 ./Core/Src/motion.o
 .text.Motion_Init
                0x08003338       0xe0 ./Core/Src/motion.o
                0x08003338                Motion_Init
 .text.Motion_Set_Steering
                0x08003418       0xa4 ./Core/Src/motion.o
                0x08003418                Motion_Set_Steering
 .text.Motion_Move_Distance
                0x080034bc       0xbc ./Core/Src/motion.o
                0x080034bc                Motion_Move_Distance
 .text.Motion_Process
                0x08003578      0x5e0 ./Core/Src/motion.o
                0x08003578                Motion_Process
 .text.Motion_Is_Busy
                0x08003b58       0x5c ./Core/Src/motion.o
                0x08003b58                Motion_Is_Busy
 .text.Motion_Turn_Angle
                0x08003bb4       0xe0 ./Core/Src/motion.o
                0x08003bb4                Motion_Turn_Angle
 .text.Motion_Turn_Angle_Arc
                0x08003c94      0x114 ./Core/Src/motion.o
                0x08003c94                Motion_Turn_Angle_Arc
 .text.Motion_Turn_Angle_Arc_Backward
                0x08003da8      0x118 ./Core/Src/motion.o
                0x08003da8                Motion_Turn_Angle_Arc_Backward
 .text.Motion_Stop
                0x08003ec0       0x68 ./Core/Src/motion.o
                0x08003ec0                Motion_Stop
 .text.Motion_Sonny_Move_To_O1
                0x08003f28       0x64 ./Core/Src/motion.o
                0x08003f28                Motion_Sonny_Move_To_O1
 .text.Motion_Sonny_Dodge_O1_Left
                0x08003f8c      0x19c ./Core/Src/motion.o
                0x08003f8c                Motion_Sonny_Dodge_O1_Left
 .text.Motion_Sonny_Dodge_O1_Right
                0x08004128      0x178 ./Core/Src/motion.o
                0x08004128                Motion_Sonny_Dodge_O1_Right
 .text.Motion_Sonny_Dodge_O2_Left_And_Home
                0x080042a0      0x374 ./Core/Src/motion.o
                0x080042a0                Motion_Sonny_Dodge_O2_Left_And_Home
 .text.Motion_Sonny_Dodge_O2_Right_And_Home
                0x08004614      0x378 ./Core/Src/motion.o
                0x08004614                Motion_Sonny_Dodge_O2_Right_And_Home
 .text.OLED_Refresh_Gram
                0x0800498c       0x70 ./Core/Src/oled.o
                0x0800498c                OLED_Refresh_Gram
 .text.OLED_WR_Byte
                0x080049fc       0x9c ./Core/Src/oled.o
                0x080049fc                OLED_WR_Byte
 .text.OLED_Clear
                0x08004a98       0x4c ./Core/Src/oled.o
                0x08004a98                OLED_Clear
 .text.OLED_DrawPoint
                0x08004ae4       0xb4 ./Core/Src/oled.o
                0x08004ae4                OLED_DrawPoint
 .text.OLED_ShowChar
                0x08004b98       0xe4 ./Core/Src/oled.o
                0x08004b98                OLED_ShowChar
 .text.OLED_ShowString
                0x08004c7c       0x64 ./Core/Src/oled.o
                0x08004c7c                OLED_ShowString
 .text.OLED_Init
                0x08004ce0      0x11c ./Core/Src/oled.o
                0x08004ce0                OLED_Init
 .text.PID_Init
                0x08004dfc       0x48 ./Core/Src/pid.o
                0x08004dfc                PID_Init
 .text.PID_Compute
                0x08004e44      0x11c ./Core/Src/pid.o
                0x08004e44                PID_Compute
 .text.PID_Reset
                0x08004f60       0x24 ./Core/Src/pid.o
                0x08004f60                PID_Reset
 .text.HAL_MspInit
                0x08004f84       0x58 ./Core/Src/stm32f4xx_hal_msp.o
                0x08004f84                HAL_MspInit
 .text.HAL_ADC_MspInit
                0x08004fdc       0x88 ./Core/Src/stm32f4xx_hal_msp.o
                0x08004fdc                HAL_ADC_MspInit
 .text.HAL_I2C_MspInit
                0x08005064       0x90 ./Core/Src/stm32f4xx_hal_msp.o
                0x08005064                HAL_I2C_MspInit
 .text.HAL_TIM_PWM_MspInit
                0x080050f4       0x70 ./Core/Src/stm32f4xx_hal_msp.o
                0x080050f4                HAL_TIM_PWM_MspInit
 .text.HAL_TIM_Encoder_MspInit
                0x08005164      0x134 ./Core/Src/stm32f4xx_hal_msp.o
                0x08005164                HAL_TIM_Encoder_MspInit
 .text.HAL_TIM_Base_MspInit
                0x08005298       0xcc ./Core/Src/stm32f4xx_hal_msp.o
                0x08005298                HAL_TIM_Base_MspInit
 .text.HAL_TIM_MspPostInit
                0x08005364      0x118 ./Core/Src/stm32f4xx_hal_msp.o
                0x08005364                HAL_TIM_MspPostInit
 .text.HAL_UART_MspInit
                0x0800547c      0x174 ./Core/Src/stm32f4xx_hal_msp.o
                0x0800547c                HAL_UART_MspInit
 .text.HAL_InitTick
                0x080055f0       0xf8 ./Core/Src/stm32f4xx_hal_timebase_tim.o
                0x080055f0                HAL_InitTick
 .text.NMI_Handler
                0x080056e8        0x8 ./Core/Src/stm32f4xx_it.o
                0x080056e8                NMI_Handler
 .text.HardFault_Handler
                0x080056f0        0x8 ./Core/Src/stm32f4xx_it.o
                0x080056f0                HardFault_Handler
 .text.MemManage_Handler
                0x080056f8        0x8 ./Core/Src/stm32f4xx_it.o
                0x080056f8                MemManage_Handler
 .text.BusFault_Handler
                0x08005700        0x8 ./Core/Src/stm32f4xx_it.o
                0x08005700                BusFault_Handler
 .text.UsageFault_Handler
                0x08005708        0x8 ./Core/Src/stm32f4xx_it.o
                0x08005708                UsageFault_Handler
 .text.DebugMon_Handler
                0x08005710        0xe ./Core/Src/stm32f4xx_it.o
                0x08005710                DebugMon_Handler
 *fill*         0x0800571e        0x2 
 .text.DMA1_Stream1_IRQHandler
                0x08005720       0x14 ./Core/Src/stm32f4xx_it.o
                0x08005720                DMA1_Stream1_IRQHandler
 .text.USART3_IRQHandler
                0x08005734       0x14 ./Core/Src/stm32f4xx_it.o
                0x08005734                USART3_IRQHandler
 .text.TIM8_BRK_TIM12_IRQHandler
                0x08005748       0x14 ./Core/Src/stm32f4xx_it.o
                0x08005748                TIM8_BRK_TIM12_IRQHandler
 .text.TIM6_DAC_IRQHandler
                0x0800575c       0x14 ./Core/Src/stm32f4xx_it.o
                0x0800575c                TIM6_DAC_IRQHandler
 .text._getpid  0x08005770       0x10 ./Core/Src/syscalls.o
                0x08005770                _getpid
 .text._kill    0x08005780       0x20 ./Core/Src/syscalls.o
                0x08005780                _kill
 .text._exit    0x080057a0       0x16 ./Core/Src/syscalls.o
                0x080057a0                _exit
 .text._read    0x080057b6       0x3a ./Core/Src/syscalls.o
                0x080057b6                _read
 .text._write   0x080057f0       0x38 ./Core/Src/syscalls.o
                0x080057f0                _write
 .text._close   0x08005828       0x18 ./Core/Src/syscalls.o
                0x08005828                _close
 .text._fstat   0x08005840       0x20 ./Core/Src/syscalls.o
                0x08005840                _fstat
 .text._isatty  0x08005860       0x16 ./Core/Src/syscalls.o
                0x08005860                _isatty
 .text._lseek   0x08005876       0x1a ./Core/Src/syscalls.o
                0x08005876                _lseek
 .text._sbrk    0x08005890       0x6c ./Core/Src/sysmem.o
                0x08005890                _sbrk
 .text.SystemInit
                0x080058fc       0x24 ./Core/Src/system_stm32f4xx.o
                0x080058fc                SystemInit
 .text.Reset_Handler
                0x08005920       0x50 ./Core/Startup/startup_stm32f407vetx.o
                0x08005920                Reset_Handler
 .text.Default_Handler
                0x08005970        0x2 ./Core/Startup/startup_stm32f407vetx.o
                0x08005970                RTC_Alarm_IRQHandler
                0x08005970                HASH_RNG_IRQHandler
                0x08005970                EXTI2_IRQHandler
                0x08005970                TIM8_CC_IRQHandler
                0x08005970                TIM1_CC_IRQHandler
                0x08005970                DMA2_Stream5_IRQHandler
                0x08005970                DMA1_Stream5_IRQHandler
                0x08005970                PVD_IRQHandler
                0x08005970                SDIO_IRQHandler
                0x08005970                TAMP_STAMP_IRQHandler
                0x08005970                CAN2_RX1_IRQHandler
                0x08005970                EXTI3_IRQHandler
                0x08005970                TIM8_TRG_COM_TIM14_IRQHandler
                0x08005970                TIM1_UP_TIM10_IRQHandler
                0x08005970                TIM8_UP_TIM13_IRQHandler
                0x08005970                I2C3_ER_IRQHandler
                0x08005970                EXTI0_IRQHandler
                0x08005970                I2C2_EV_IRQHandler
                0x08005970                DMA1_Stream2_IRQHandler
                0x08005970                CAN1_RX0_IRQHandler
                0x08005970                FPU_IRQHandler
                0x08005970                OTG_HS_WKUP_IRQHandler
                0x08005970                CAN2_SCE_IRQHandler
                0x08005970                DMA2_Stream2_IRQHandler
                0x08005970                SPI1_IRQHandler
                0x08005970                TIM1_BRK_TIM9_IRQHandler
                0x08005970                DCMI_IRQHandler
                0x08005970                CAN2_RX0_IRQHandler
                0x08005970                DMA2_Stream3_IRQHandler
                0x08005970                USART6_IRQHandler
                0x08005970                CAN1_RX1_IRQHandler
                0x08005970                UART5_IRQHandler
                0x08005970                DMA2_Stream0_IRQHandler
                0x08005970                TIM4_IRQHandler
                0x08005970                I2C1_EV_IRQHandler
                0x08005970                DMA1_Stream6_IRQHandler
                0x08005970                UART4_IRQHandler
                0x08005970                TIM3_IRQHandler
                0x08005970                RCC_IRQHandler
                0x08005970                Default_Handler
                0x08005970                EXTI15_10_IRQHandler
                0x08005970                ADC_IRQHandler
                0x08005970                DMA1_Stream7_IRQHandler
                0x08005970                TIM7_IRQHandler
                0x08005970                CAN2_TX_IRQHandler
                0x08005970                TIM5_IRQHandler
                0x08005970                DMA2_Stream7_IRQHandler
                0x08005970                I2C3_EV_IRQHandler
                0x08005970                EXTI9_5_IRQHandler
                0x08005970                RTC_WKUP_IRQHandler
                0x08005970                ETH_WKUP_IRQHandler
                0x08005970                SPI2_IRQHandler
                0x08005970                OTG_HS_EP1_IN_IRQHandler
                0x08005970                DMA1_Stream0_IRQHandler
                0x08005970                CAN1_TX_IRQHandler
                0x08005970                EXTI4_IRQHandler
                0x08005970                FSMC_IRQHandler
                0x08005970                ETH_IRQHandler
                0x08005970                OTG_HS_EP1_OUT_IRQHandler
                0x08005970                WWDG_IRQHandler
                0x08005970                TIM2_IRQHandler
                0x08005970                OTG_FS_WKUP_IRQHandler
                0x08005970                TIM1_TRG_COM_TIM11_IRQHandler
                0x08005970                OTG_HS_IRQHandler
                0x08005970                EXTI1_IRQHandler
                0x08005970                USART2_IRQHandler
                0x08005970                I2C2_ER_IRQHandler
                0x08005970                DMA2_Stream1_IRQHandler
                0x08005970                CAN1_SCE_IRQHandler
                0x08005970                FLASH_IRQHandler
                0x08005970                DMA2_Stream4_IRQHandler
                0x08005970                USART1_IRQHandler
                0x08005970                OTG_FS_IRQHandler
                0x08005970                SPI3_IRQHandler
                0x08005970                DMA1_Stream4_IRQHandler
                0x08005970                I2C1_ER_IRQHandler
                0x08005970                DMA2_Stream6_IRQHandler
                0x08005970                DMA1_Stream3_IRQHandler
 *fill*         0x08005972        0x2 
 .text.HAL_Init
                0x08005974       0x44 ./Drivers/STM32F4xx_HAL_Driver/Src/stm32f4xx_hal.o
                0x08005974                HAL_Init
 .text.HAL_IncTick
                0x080059b8       0x28 ./Drivers/STM32F4xx_HAL_Driver/Src/stm32f4xx_hal.o
                0x080059b8                HAL_IncTick
 .text.HAL_GetTick
                0x080059e0       0x18 ./Drivers/STM32F4xx_HAL_Driver/Src/stm32f4xx_hal.o
                0x080059e0                HAL_GetTick
 .text.HAL_Delay
                0x080059f8       0x48 ./Drivers/STM32F4xx_HAL_Driver/Src/stm32f4xx_hal.o
                0x080059f8                HAL_Delay
 .text.HAL_ADC_Init
                0x08005a40       0x86 ./Drivers/STM32F4xx_HAL_Driver/Src/stm32f4xx_hal_adc.o
                0x08005a40                HAL_ADC_Init
 *fill*         0x08005ac6        0x2 
 .text.HAL_ADC_Start
                0x08005ac8      0x1a4 ./Drivers/STM32F4xx_HAL_Driver/Src/stm32f4xx_hal_adc.o
                0x08005ac8                HAL_ADC_Start
 .text.HAL_ADC_Stop
                0x08005c6c       0x66 ./Drivers/STM32F4xx_HAL_Driver/Src/stm32f4xx_hal_adc.o
                0x08005c6c                HAL_ADC_Stop
 .text.HAL_ADC_PollForConversion
                0x08005cd2      0x116 ./Drivers/STM32F4xx_HAL_Driver/Src/stm32f4xx_hal_adc.o
                0x08005cd2                HAL_ADC_PollForConversion
 .text.HAL_ADC_GetValue
                0x08005de8       0x1a ./Drivers/STM32F4xx_HAL_Driver/Src/stm32f4xx_hal_adc.o
                0x08005de8                HAL_ADC_GetValue
 *fill*         0x08005e02        0x2 
 .text.HAL_ADC_ConfigChannel
                0x08005e04      0x244 ./Drivers/STM32F4xx_HAL_Driver/Src/stm32f4xx_hal_adc.o
                0x08005e04                HAL_ADC_ConfigChannel
 .text.ADC_Init
                0x08006048      0x1f8 ./Drivers/STM32F4xx_HAL_Driver/Src/stm32f4xx_hal_adc.o
 .text.__NVIC_SetPriorityGrouping
                0x08006240       0x48 ./Drivers/STM32F4xx_HAL_Driver/Src/stm32f4xx_hal_cortex.o
 .text.__NVIC_GetPriorityGrouping
                0x08006288       0x1c ./Drivers/STM32F4xx_HAL_Driver/Src/stm32f4xx_hal_cortex.o
 .text.__NVIC_EnableIRQ
                0x080062a4       0x3c ./Drivers/STM32F4xx_HAL_Driver/Src/stm32f4xx_hal_cortex.o
 .text.__NVIC_SetPriority
                0x080062e0       0x54 ./Drivers/STM32F4xx_HAL_Driver/Src/stm32f4xx_hal_cortex.o
 .text.NVIC_EncodePriority
                0x08006334       0x66 ./Drivers/STM32F4xx_HAL_Driver/Src/stm32f4xx_hal_cortex.o
 .text.HAL_NVIC_SetPriorityGrouping
                0x0800639a       0x16 ./Drivers/STM32F4xx_HAL_Driver/Src/stm32f4xx_hal_cortex.o
                0x0800639a                HAL_NVIC_SetPriorityGrouping
 .text.HAL_NVIC_SetPriority
                0x080063b0       0x38 ./Drivers/STM32F4xx_HAL_Driver/Src/stm32f4xx_hal_cortex.o
                0x080063b0                HAL_NVIC_SetPriority
 .text.HAL_NVIC_EnableIRQ
                0x080063e8       0x1c ./Drivers/STM32F4xx_HAL_Driver/Src/stm32f4xx_hal_cortex.o
                0x080063e8                HAL_NVIC_EnableIRQ
 .text.HAL_DMA_Init
                0x08006404      0x15c ./Drivers/STM32F4xx_HAL_Driver/Src/stm32f4xx_hal_dma.o
                0x08006404                HAL_DMA_Init
 .text.HAL_DMA_Start_IT
                0x08006560       0xb0 ./Drivers/STM32F4xx_HAL_Driver/Src/stm32f4xx_hal_dma.o
                0x08006560                HAL_DMA_Start_IT
 .text.HAL_DMA_Abort
                0x08006610       0xe0 ./Drivers/STM32F4xx_HAL_Driver/Src/stm32f4xx_hal_dma.o
                0x08006610                HAL_DMA_Abort
 .text.HAL_DMA_Abort_IT
                0x080066f0       0x44 ./Drivers/STM32F4xx_HAL_Driver/Src/stm32f4xx_hal_dma.o
                0x080066f0                HAL_DMA_Abort_IT
 .text.HAL_DMA_IRQHandler
                0x08006734      0x314 ./Drivers/STM32F4xx_HAL_Driver/Src/stm32f4xx_hal_dma.o
                0x08006734                HAL_DMA_IRQHandler
 .text.DMA_SetConfig
                0x08006a48       0x5c ./Drivers/STM32F4xx_HAL_Driver/Src/stm32f4xx_hal_dma.o
 .text.DMA_CalcBaseAndBitshift
                0x08006aa4       0x6c ./Drivers/STM32F4xx_HAL_Driver/Src/stm32f4xx_hal_dma.o
 .text.DMA_CheckFifoParam
                0x08006b10       0xf8 ./Drivers/STM32F4xx_HAL_Driver/Src/stm32f4xx_hal_dma.o
 .text.HAL_GPIO_Init
                0x08006c08      0x338 ./Drivers/STM32F4xx_HAL_Driver/Src/stm32f4xx_hal_gpio.o
                0x08006c08                HAL_GPIO_Init
 .text.HAL_GPIO_WritePin
                0x08006f40       0x32 ./Drivers/STM32F4xx_HAL_Driver/Src/stm32f4xx_hal_gpio.o
                0x08006f40                HAL_GPIO_WritePin
 *fill*         0x08006f72        0x2 
 .text.HAL_I2C_Init
                0x08006f74      0x288 ./Drivers/STM32F4xx_HAL_Driver/Src/stm32f4xx_hal_i2c.o
                0x08006f74                HAL_I2C_Init
 .text.HAL_I2C_Mem_Write
                0x080071fc      0x1f4 ./Drivers/STM32F4xx_HAL_Driver/Src/stm32f4xx_hal_i2c.o
                0x080071fc                HAL_I2C_Mem_Write
 .text.HAL_I2C_Mem_Read
                0x080073f0      0x464 ./Drivers/STM32F4xx_HAL_Driver/Src/stm32f4xx_hal_i2c.o
                0x080073f0                HAL_I2C_Mem_Read
 .text.I2C_RequestMemoryWrite
                0x08007854      0x12c ./Drivers/STM32F4xx_HAL_Driver/Src/stm32f4xx_hal_i2c.o
 .text.I2C_RequestMemoryRead
                0x08007980      0x1d0 ./Drivers/STM32F4xx_HAL_Driver/Src/stm32f4xx_hal_i2c.o
 .text.I2C_WaitOnFlagUntilTimeout
                0x08007b50       0xf4 ./Drivers/STM32F4xx_HAL_Driver/Src/stm32f4xx_hal_i2c.o
 .text.I2C_WaitOnMasterAddressFlagUntilTimeout
                0x08007c44      0x140 ./Drivers/STM32F4xx_HAL_Driver/Src/stm32f4xx_hal_i2c.o
 .text.I2C_WaitOnTXEFlagUntilTimeout
                0x08007d84       0x90 ./Drivers/STM32F4xx_HAL_Driver/Src/stm32f4xx_hal_i2c.o
 .text.I2C_WaitOnBTFFlagUntilTimeout
                0x08007e14       0x90 ./Drivers/STM32F4xx_HAL_Driver/Src/stm32f4xx_hal_i2c.o
 .text.I2C_WaitOnRXNEFlagUntilTimeout
                0x08007ea4       0xba ./Drivers/STM32F4xx_HAL_Driver/Src/stm32f4xx_hal_i2c.o
 .text.I2C_IsAcknowledgeFailed
                0x08007f5e       0x5e ./Drivers/STM32F4xx_HAL_Driver/Src/stm32f4xx_hal_i2c.o
 .text.HAL_PWR_EnableBkUpAccess
                0x08007fbc       0x28 ./Drivers/STM32F4xx_HAL_Driver/Src/stm32f4xx_hal_pwr.o
                0x08007fbc                HAL_PWR_EnableBkUpAccess
 .text.HAL_PWR_DisableBkUpAccess
                0x08007fe4       0x28 ./Drivers/STM32F4xx_HAL_Driver/Src/stm32f4xx_hal_pwr.o
                0x08007fe4                HAL_PWR_DisableBkUpAccess
 .text.HAL_RCC_OscConfig
                0x0800800c      0x4f0 ./Drivers/STM32F4xx_HAL_Driver/Src/stm32f4xx_hal_rcc.o
                0x0800800c                HAL_RCC_OscConfig
 .text.HAL_RCC_ClockConfig
                0x080084fc      0x1cc ./Drivers/STM32F4xx_HAL_Driver/Src/stm32f4xx_hal_rcc.o
                0x080084fc                HAL_RCC_ClockConfig
 .text.HAL_RCC_GetSysClockFreq
                0x080086c8      0x18c ./Drivers/STM32F4xx_HAL_Driver/Src/stm32f4xx_hal_rcc.o
                0x080086c8                HAL_RCC_GetSysClockFreq
 .text.HAL_RCC_GetHCLKFreq
                0x08008854       0x18 ./Drivers/STM32F4xx_HAL_Driver/Src/stm32f4xx_hal_rcc.o
                0x08008854                HAL_RCC_GetHCLKFreq
 .text.HAL_RCC_GetPCLK1Freq
                0x0800886c       0x28 ./Drivers/STM32F4xx_HAL_Driver/Src/stm32f4xx_hal_rcc.o
                0x0800886c                HAL_RCC_GetPCLK1Freq
 .text.HAL_RCC_GetPCLK2Freq
                0x08008894       0x28 ./Drivers/STM32F4xx_HAL_Driver/Src/stm32f4xx_hal_rcc.o
                0x08008894                HAL_RCC_GetPCLK2Freq
 .text.HAL_RCC_GetClockConfig
                0x080088bc       0x64 ./Drivers/STM32F4xx_HAL_Driver/Src/stm32f4xx_hal_rcc.o
                0x080088bc                HAL_RCC_GetClockConfig
 .text.HAL_TIM_Base_Init
                0x08008920       0x9e ./Drivers/STM32F4xx_HAL_Driver/Src/stm32f4xx_hal_tim.o
                0x08008920                HAL_TIM_Base_Init
 *fill*         0x080089be        0x2 
 .text.HAL_TIM_Base_Start_IT
                0x080089c0       0xe0 ./Drivers/STM32F4xx_HAL_Driver/Src/stm32f4xx_hal_tim.o
                0x080089c0                HAL_TIM_Base_Start_IT
 .text.HAL_TIM_PWM_Init
                0x08008aa0       0x9e ./Drivers/STM32F4xx_HAL_Driver/Src/stm32f4xx_hal_tim.o
                0x08008aa0                HAL_TIM_PWM_Init
 *fill*         0x08008b3e        0x2 
 .text.HAL_TIM_PWM_Start
                0x08008b40      0x190 ./Drivers/STM32F4xx_HAL_Driver/Src/stm32f4xx_hal_tim.o
                0x08008b40                HAL_TIM_PWM_Start
 .text.HAL_TIM_IC_Init
                0x08008cd0       0x9e ./Drivers/STM32F4xx_HAL_Driver/Src/stm32f4xx_hal_tim.o
                0x08008cd0                HAL_TIM_IC_Init
 *fill*         0x08008d6e        0x2 
 .text.HAL_TIM_IC_Start_IT
                0x08008d70      0x250 ./Drivers/STM32F4xx_HAL_Driver/Src/stm32f4xx_hal_tim.o
                0x08008d70                HAL_TIM_IC_Start_IT
 .text.HAL_TIM_IC_Stop_IT
                0x08008fc0      0x15c ./Drivers/STM32F4xx_HAL_Driver/Src/stm32f4xx_hal_tim.o
                0x08008fc0                HAL_TIM_IC_Stop_IT
 .text.HAL_TIM_Encoder_Init
                0x0800911c      0x14c ./Drivers/STM32F4xx_HAL_Driver/Src/stm32f4xx_hal_tim.o
                0x0800911c                HAL_TIM_Encoder_Init
 .text.HAL_TIM_Encoder_Start
                0x08009268      0x11c ./Drivers/STM32F4xx_HAL_Driver/Src/stm32f4xx_hal_tim.o
                0x08009268                HAL_TIM_Encoder_Start
 .text.HAL_TIM_IRQHandler
                0x08009384      0x1e0 ./Drivers/STM32F4xx_HAL_Driver/Src/stm32f4xx_hal_tim.o
                0x08009384                HAL_TIM_IRQHandler
 .text.HAL_TIM_IC_ConfigChannel
                0x08009564      0x138 ./Drivers/STM32F4xx_HAL_Driver/Src/stm32f4xx_hal_tim.o
                0x08009564                HAL_TIM_IC_ConfigChannel
 .text.HAL_TIM_PWM_ConfigChannel
                0x0800969c      0x184 ./Drivers/STM32F4xx_HAL_Driver/Src/stm32f4xx_hal_tim.o
                0x0800969c                HAL_TIM_PWM_ConfigChannel
 .text.HAL_TIM_ConfigClockSource
                0x08009820      0x18e ./Drivers/STM32F4xx_HAL_Driver/Src/stm32f4xx_hal_tim.o
                0x08009820                HAL_TIM_ConfigClockSource
 *fill*         0x080099ae        0x2 
 .text.HAL_TIM_ReadCapturedValue
                0x080099b0       0x88 ./Drivers/STM32F4xx_HAL_Driver/Src/stm32f4xx_hal_tim.o
                0x080099b0                HAL_TIM_ReadCapturedValue
 .text.HAL_TIM_OC_DelayElapsedCallback
                0x08009a38       0x14 ./Drivers/STM32F4xx_HAL_Driver/Src/stm32f4xx_hal_tim.o
                0x08009a38                HAL_TIM_OC_DelayElapsedCallback
 .text.HAL_TIM_PWM_PulseFinishedCallback
                0x08009a4c       0x14 ./Drivers/STM32F4xx_HAL_Driver/Src/stm32f4xx_hal_tim.o
                0x08009a4c                HAL_TIM_PWM_PulseFinishedCallback
 .text.HAL_TIM_TriggerCallback
                0x08009a60       0x14 ./Drivers/STM32F4xx_HAL_Driver/Src/stm32f4xx_hal_tim.o
                0x08009a60                HAL_TIM_TriggerCallback
 .text.TIM_Base_SetConfig
                0x08009a74      0x14c ./Drivers/STM32F4xx_HAL_Driver/Src/stm32f4xx_hal_tim.o
                0x08009a74                TIM_Base_SetConfig
 .text.TIM_OC1_SetConfig
                0x08009bc0       0xe0 ./Drivers/STM32F4xx_HAL_Driver/Src/stm32f4xx_hal_tim.o
 .text.TIM_OC2_SetConfig
                0x08009ca0       0xec ./Drivers/STM32F4xx_HAL_Driver/Src/stm32f4xx_hal_tim.o
                0x08009ca0                TIM_OC2_SetConfig
 .text.TIM_OC3_SetConfig
                0x08009d8c       0xe8 ./Drivers/STM32F4xx_HAL_Driver/Src/stm32f4xx_hal_tim.o
 .text.TIM_OC4_SetConfig
                0x08009e74       0xac ./Drivers/STM32F4xx_HAL_Driver/Src/stm32f4xx_hal_tim.o
 .text.TIM_TI1_SetConfig
                0x08009f20       0xe8 ./Drivers/STM32F4xx_HAL_Driver/Src/stm32f4xx_hal_tim.o
                0x08009f20                TIM_TI1_SetConfig
 .text.TIM_TI1_ConfigInputStage
                0x0800a008       0x5e ./Drivers/STM32F4xx_HAL_Driver/Src/stm32f4xx_hal_tim.o
 .text.TIM_TI2_SetConfig
                0x0800a066       0x7a ./Drivers/STM32F4xx_HAL_Driver/Src/stm32f4xx_hal_tim.o
 .text.TIM_TI2_ConfigInputStage
                0x0800a0e0       0x60 ./Drivers/STM32F4xx_HAL_Driver/Src/stm32f4xx_hal_tim.o
 .text.TIM_TI3_SetConfig
                0x0800a140       0x78 ./Drivers/STM32F4xx_HAL_Driver/Src/stm32f4xx_hal_tim.o
 .text.TIM_TI4_SetConfig
                0x0800a1b8       0x7a ./Drivers/STM32F4xx_HAL_Driver/Src/stm32f4xx_hal_tim.o
 .text.TIM_ITRx_SetConfig
                0x0800a232       0x36 ./Drivers/STM32F4xx_HAL_Driver/Src/stm32f4xx_hal_tim.o
 .text.TIM_ETR_SetConfig
                0x0800a268       0x40 ./Drivers/STM32F4xx_HAL_Driver/Src/stm32f4xx_hal_tim.o
                0x0800a268                TIM_ETR_SetConfig
 .text.TIM_CCxChannelCmd
                0x0800a2a8       0x4a ./Drivers/STM32F4xx_HAL_Driver/Src/stm32f4xx_hal_tim.o
                0x0800a2a8                TIM_CCxChannelCmd
 *fill*         0x0800a2f2        0x2 
 .text.HAL_TIMEx_MasterConfigSynchronization
                0x0800a2f4       0xf8 ./Drivers/STM32F4xx_HAL_Driver/Src/stm32f4xx_hal_tim_ex.o
                0x0800a2f4                HAL_TIMEx_MasterConfigSynchronization
 .text.HAL_TIMEx_ConfigBreakDeadTime
                0x0800a3ec       0xa4 ./Drivers/STM32F4xx_HAL_Driver/Src/stm32f4xx_hal_tim_ex.o
                0x0800a3ec                HAL_TIMEx_ConfigBreakDeadTime
 .text.HAL_TIMEx_CommutCallback
                0x0800a490       0x14 ./Drivers/STM32F4xx_HAL_Driver/Src/stm32f4xx_hal_tim_ex.o
                0x0800a490                HAL_TIMEx_CommutCallback
 .text.HAL_TIMEx_BreakCallback
                0x0800a4a4       0x14 ./Drivers/STM32F4xx_HAL_Driver/Src/stm32f4xx_hal_tim_ex.o
                0x0800a4a4                HAL_TIMEx_BreakCallback
 .text.HAL_UART_Init
                0x0800a4b8       0xa0 ./Drivers/STM32F4xx_HAL_Driver/Src/stm32f4xx_hal_uart.o
                0x0800a4b8                HAL_UART_Init
 .text.HAL_UART_Transmit
                0x0800a558      0x116 ./Drivers/STM32F4xx_HAL_Driver/Src/stm32f4xx_hal_uart.o
                0x0800a558                HAL_UART_Transmit
 .text.HAL_UART_Receive_DMA
                0x0800a66e       0x4a ./Drivers/STM32F4xx_HAL_Driver/Src/stm32f4xx_hal_uart.o
                0x0800a66e                HAL_UART_Receive_DMA
 .text.HAL_UART_IRQHandler
                0x0800a6b8      0x554 ./Drivers/STM32F4xx_HAL_Driver/Src/stm32f4xx_hal_uart.o
                0x0800a6b8                HAL_UART_IRQHandler
 .text.HAL_UART_TxCpltCallback
                0x0800ac0c       0x14 ./Drivers/STM32F4xx_HAL_Driver/Src/stm32f4xx_hal_uart.o
                0x0800ac0c                HAL_UART_TxCpltCallback
 .text.HAL_UART_RxHalfCpltCallback
                0x0800ac20       0x14 ./Drivers/STM32F4xx_HAL_Driver/Src/stm32f4xx_hal_uart.o
                0x0800ac20                HAL_UART_RxHalfCpltCallback
 .text.HAL_UART_ErrorCallback
                0x0800ac34       0x14 ./Drivers/STM32F4xx_HAL_Driver/Src/stm32f4xx_hal_uart.o
                0x0800ac34                HAL_UART_ErrorCallback
 .text.HAL_UARTEx_RxEventCallback
                0x0800ac48       0x18 ./Drivers/STM32F4xx_HAL_Driver/Src/stm32f4xx_hal_uart.o
                0x0800ac48                HAL_UARTEx_RxEventCallback
 .text.UART_DMAReceiveCplt
                0x0800ac60      0x12c ./Drivers/STM32F4xx_HAL_Driver/Src/stm32f4xx_hal_uart.o
 .text.UART_DMARxHalfCplt
                0x0800ad8c       0x3c ./Drivers/STM32F4xx_HAL_Driver/Src/stm32f4xx_hal_uart.o
 .text.UART_DMAError
                0x0800adc8       0x94 ./Drivers/STM32F4xx_HAL_Driver/Src/stm32f4xx_hal_uart.o
 .text.UART_WaitOnFlagUntilTimeout
                0x0800ae5c       0xb2 ./Drivers/STM32F4xx_HAL_Driver/Src/stm32f4xx_hal_uart.o
 *fill*         0x0800af0e        0x2 
 .text.UART_Start_Receive_DMA
                0x0800af10      0x14c ./Drivers/STM32F4xx_HAL_Driver/Src/stm32f4xx_hal_uart.o
                0x0800af10                UART_Start_Receive_DMA
 .text.UART_EndTxTransfer
                0x0800b05c       0x50 ./Drivers/STM32F4xx_HAL_Driver/Src/stm32f4xx_hal_uart.o
 .text.UART_EndRxTransfer
                0x0800b0ac       0xc6 ./Drivers/STM32F4xx_HAL_Driver/Src/stm32f4xx_hal_uart.o
 .text.UART_DMAAbortOnError
                0x0800b172       0x22 ./Drivers/STM32F4xx_HAL_Driver/Src/stm32f4xx_hal_uart.o
 .text.UART_Transmit_IT
                0x0800b194       0xa0 ./Drivers/STM32F4xx_HAL_Driver/Src/stm32f4xx_hal_uart.o
 .text.UART_EndTransmit_IT
                0x0800b234       0x30 ./Drivers/STM32F4xx_HAL_Driver/Src/stm32f4xx_hal_uart.o
 .text.UART_Receive_IT
                0x0800b264      0x17c ./Drivers/STM32F4xx_HAL_Driver/Src/stm32f4xx_hal_uart.o
 .text.UART_SetConfig
                0x0800b3e0      0x4e8 ./Drivers/STM32F4xx_HAL_Driver/Src/stm32f4xx_hal_uart.o
 .text.__NVIC_SetPriority
                0x0800b8c8       0x54 ./Middlewares/Third_Party/FreeRTOS/Source/CMSIS_RTOS_V2/cmsis_os2.o
 .text.SysTick_Handler
                0x0800b91c       0x20 ./Middlewares/Third_Party/FreeRTOS/Source/CMSIS_RTOS_V2/cmsis_os2.o
                0x0800b91c                SysTick_Handler
 .text.SVC_Setup
                0x0800b93c       0x12 ./Middlewares/Third_Party/FreeRTOS/Source/CMSIS_RTOS_V2/cmsis_os2.o
 *fill*         0x0800b94e        0x2 
 .text.osKernelInitialize
                0x0800b950       0x48 ./Middlewares/Third_Party/FreeRTOS/Source/CMSIS_RTOS_V2/cmsis_os2.o
                0x0800b950                osKernelInitialize
 .text.osKernelStart
                0x0800b998       0x4c ./Middlewares/Third_Party/FreeRTOS/Source/CMSIS_RTOS_V2/cmsis_os2.o
                0x0800b998                osKernelStart
 .text.osThreadNew
                0x0800b9e4      0x124 ./Middlewares/Third_Party/FreeRTOS/Source/CMSIS_RTOS_V2/cmsis_os2.o
                0x0800b9e4                osThreadNew
 .text.osDelay  0x0800bb08       0x36 ./Middlewares/Third_Party/FreeRTOS/Source/CMSIS_RTOS_V2/cmsis_os2.o
                0x0800bb08                osDelay
 .text.osMessageQueueNew
                0x0800bb3e       0xe6 ./Middlewares/Third_Party/FreeRTOS/Source/CMSIS_RTOS_V2/cmsis_os2.o
                0x0800bb3e                osMessageQueueNew
 .text.osMessageQueuePut
                0x0800bc24       0xc0 ./Middlewares/Third_Party/FreeRTOS/Source/CMSIS_RTOS_V2/cmsis_os2.o
                0x0800bc24                osMessageQueuePut
 .text.osMessageQueueGet
                0x0800bce4       0xbc ./Middlewares/Third_Party/FreeRTOS/Source/CMSIS_RTOS_V2/cmsis_os2.o
                0x0800bce4                osMessageQueueGet
 .text.vApplicationGetIdleTaskMemory
                0x0800bda0       0x34 ./Middlewares/Third_Party/FreeRTOS/Source/CMSIS_RTOS_V2/cmsis_os2.o
                0x0800bda0                vApplicationGetIdleTaskMemory
 .text.vApplicationGetTimerTaskMemory
                0x0800bdd4       0x34 ./Middlewares/Third_Party/FreeRTOS/Source/CMSIS_RTOS_V2/cmsis_os2.o
                0x0800bdd4                vApplicationGetTimerTaskMemory
 .text.vListInitialise
                0x0800be08       0x40 ./Middlewares/Third_Party/FreeRTOS/Source/list.o
                0x0800be08                vListInitialise
 .text.vListInitialiseItem
                0x0800be48       0x1a ./Middlewares/Third_Party/FreeRTOS/Source/list.o
                0x0800be48                vListInitialiseItem
 .text.vListInsertEnd
                0x0800be62       0x48 ./Middlewares/Third_Party/FreeRTOS/Source/list.o
                0x0800be62                vListInsertEnd
 .text.vListInsert
                0x0800beaa       0x72 ./Middlewares/Third_Party/FreeRTOS/Source/list.o
                0x0800beaa                vListInsert
 .text.uxListRemove
                0x0800bf1c       0x54 ./Middlewares/Third_Party/FreeRTOS/Source/list.o
                0x0800bf1c                uxListRemove
 .text.xQueueGenericReset
                0x0800bf70       0xd4 ./Middlewares/Third_Party/FreeRTOS/Source/queue.o
                0x0800bf70                xQueueGenericReset
 .text.xQueueGenericCreateStatic
                0x0800c044       0xfa ./Middlewares/Third_Party/FreeRTOS/Source/queue.o
                0x0800c044                xQueueGenericCreateStatic
 .text.xQueueGenericCreate
                0x0800c13e       0x76 ./Middlewares/Third_Party/FreeRTOS/Source/queue.o
                0x0800c13e                xQueueGenericCreate
 .text.prvInitialiseNewQueue
                0x0800c1b4       0x46 ./Middlewares/Third_Party/FreeRTOS/Source/queue.o
 *fill*         0x0800c1fa        0x2 
 .text.xQueueGenericSend
                0x0800c1fc      0x204 ./Middlewares/Third_Party/FreeRTOS/Source/queue.o
                0x0800c1fc                xQueueGenericSend
 .text.xQueueGenericSendFromISR
                0x0800c400      0x13c ./Middlewares/Third_Party/FreeRTOS/Source/queue.o
                0x0800c400                xQueueGenericSendFromISR
 .text.xQueueReceive
                0x0800c53c      0x1c4 ./Middlewares/Third_Party/FreeRTOS/Source/queue.o
                0x0800c53c                xQueueReceive
 .text.xQueueReceiveFromISR
                0x0800c700      0x104 ./Middlewares/Third_Party/FreeRTOS/Source/queue.o
                0x0800c700                xQueueReceiveFromISR
 .text.prvCopyDataToQueue
                0x0800c804       0xd4 ./Middlewares/Third_Party/FreeRTOS/Source/queue.o
 .text.prvCopyDataFromQueue
                0x0800c8d8       0x4c ./Middlewares/Third_Party/FreeRTOS/Source/queue.o
 .text.prvUnlockQueue
                0x0800c924       0xa4 ./Middlewares/Third_Party/FreeRTOS/Source/queue.o
 .text.prvIsQueueEmpty
                0x0800c9c8       0x2c ./Middlewares/Third_Party/FreeRTOS/Source/queue.o
 .text.prvIsQueueFull
                0x0800c9f4       0x30 ./Middlewares/Third_Party/FreeRTOS/Source/queue.o
 .text.vQueueAddToRegistry
                0x0800ca24       0x54 ./Middlewares/Third_Party/FreeRTOS/Source/queue.o
                0x0800ca24                vQueueAddToRegistry
 .text.vQueueWaitForMessageRestricted
                0x0800ca78       0x68 ./Middlewares/Third_Party/FreeRTOS/Source/queue.o
                0x0800ca78                vQueueWaitForMessageRestricted
 .text.xTaskCreateStatic
                0x0800cae0       0xc0 ./Middlewares/Third_Party/FreeRTOS/Source/tasks.o
                0x0800cae0                xTaskCreateStatic
 .text.xTaskCreate
                0x0800cba0       0x8a ./Middlewares/Third_Party/FreeRTOS/Source/tasks.o
                0x0800cba0                xTaskCreate
 *fill*         0x0800cc2a        0x2 
 .text.prvInitialiseNewTask
                0x0800cc2c      0x150 ./Middlewares/Third_Party/FreeRTOS/Source/tasks.o
 .text.prvAddNewTaskToReadyList
                0x0800cd7c       0xe0 ./Middlewares/Third_Party/FreeRTOS/Source/tasks.o
 .text.vTaskDelayUntil
                0x0800ce5c      0x100 ./Middlewares/Third_Party/FreeRTOS/Source/tasks.o
                0x0800ce5c                vTaskDelayUntil
 .text.vTaskDelay
                0x0800cf5c       0x6c ./Middlewares/Third_Party/FreeRTOS/Source/tasks.o
                0x0800cf5c                vTaskDelay
 .text.vTaskStartScheduler
                0x0800cfc8       0xe0 ./Middlewares/Third_Party/FreeRTOS/Source/tasks.o
                0x0800cfc8                vTaskStartScheduler
 .text.vTaskSuspendAll
                0x0800d0a8       0x1c ./Middlewares/Third_Party/FreeRTOS/Source/tasks.o
                0x0800d0a8                vTaskSuspendAll
 .text.xTaskResumeAll
                0x0800d0c4      0x13c ./Middlewares/Third_Party/FreeRTOS/Source/tasks.o
                0x0800d0c4                xTaskResumeAll
 .text.xTaskGetTickCount
                0x0800d200       0x20 ./Middlewares/Third_Party/FreeRTOS/Source/tasks.o
                0x0800d200                xTaskGetTickCount
 .text.xTaskIncrementTick
                0x0800d220      0x174 ./Middlewares/Third_Party/FreeRTOS/Source/tasks.o
                0x0800d220                xTaskIncrementTick
 .text.vTaskSwitchContext
                0x0800d394       0xcc ./Middlewares/Third_Party/FreeRTOS/Source/tasks.o
                0x0800d394                vTaskSwitchContext
 .text.vTaskPlaceOnEventList
                0x0800d460       0x4c ./Middlewares/Third_Party/FreeRTOS/Source/tasks.o
                0x0800d460                vTaskPlaceOnEventList
 .text.vTaskPlaceOnEventListRestricted
                0x0800d4ac       0x58 ./Middlewares/Third_Party/FreeRTOS/Source/tasks.o
                0x0800d4ac                vTaskPlaceOnEventListRestricted
 .text.xTaskRemoveFromEventList
                0x0800d504       0xc8 ./Middlewares/Third_Party/FreeRTOS/Source/tasks.o
                0x0800d504                xTaskRemoveFromEventList
 .text.vTaskInternalSetTimeOutState
                0x0800d5cc       0x2c ./Middlewares/Third_Party/FreeRTOS/Source/tasks.o
                0x0800d5cc                vTaskInternalSetTimeOutState
 .text.xTaskCheckForTimeOut
                0x0800d5f8       0xc8 ./Middlewares/Third_Party/FreeRTOS/Source/tasks.o
                0x0800d5f8                xTaskCheckForTimeOut
 .text.vTaskMissedYield
                0x0800d6c0       0x18 ./Middlewares/Third_Party/FreeRTOS/Source/tasks.o
                0x0800d6c0                vTaskMissedYield
 .text.prvIdleTask
                0x0800d6d8       0x30 ./Middlewares/Third_Party/FreeRTOS/Source/tasks.o
 .text.prvInitialiseTaskLists
                0x0800d708       0x80 ./Middlewares/Third_Party/FreeRTOS/Source/tasks.o
 .text.prvCheckTasksWaitingTermination
                0x0800d788       0x5c ./Middlewares/Third_Party/FreeRTOS/Source/tasks.o
 .text.prvDeleteTCB
                0x0800d7e4       0x6a ./Middlewares/Third_Party/FreeRTOS/Source/tasks.o
 *fill*         0x0800d84e        0x2 
 .text.prvResetNextTaskUnblockTime
                0x0800d850       0x40 ./Middlewares/Third_Party/FreeRTOS/Source/tasks.o
 .text.xTaskGetSchedulerState
                0x0800d890       0x3c ./Middlewares/Third_Party/FreeRTOS/Source/tasks.o
                0x0800d890                xTaskGetSchedulerState
 .text.xTaskPriorityDisinherit
                0x0800d8cc       0xe0 ./Middlewares/Third_Party/FreeRTOS/Source/tasks.o
                0x0800d8cc                xTaskPriorityDisinherit
 .text.prvAddCurrentTaskToDelayedList
                0x0800d9ac       0xa8 ./Middlewares/Third_Party/FreeRTOS/Source/tasks.o
 .text.xTimerCreateTimerTask
                0x0800da54       0x94 ./Middlewares/Third_Party/FreeRTOS/Source/timers.o
                0x0800da54                xTimerCreateTimerTask
 .text.xTimerGenericCommand
                0x0800dae8       0x9c ./Middlewares/Third_Party/FreeRTOS/Source/timers.o
                0x0800dae8                xTimerGenericCommand
 .text.prvProcessExpiredTimer
                0x0800db84       0x9c ./Middlewares/Third_Party/FreeRTOS/Source/timers.o
 .text.prvTimerTask
                0x0800dc20       0x26 ./Middlewares/Third_Party/FreeRTOS/Source/timers.o
 *fill*         0x0800dc46        0x2 
 .text.prvProcessTimerOrBlockTask
                0x0800dc48       0x9c ./Middlewares/Third_Party/FreeRTOS/Source/timers.o
 .text.prvGetNextExpireTime
                0x0800dce4       0x48 ./Middlewares/Third_Party/FreeRTOS/Source/timers.o
 .text.prvSampleTimeNow
                0x0800dd2c       0x40 ./Middlewares/Third_Party/FreeRTOS/Source/timers.o
 .text.prvInsertTimerInActiveList
                0x0800dd6c       0x84 ./Middlewares/Third_Party/FreeRTOS/Source/timers.o
 .text.prvProcessReceivedCommands
                0x0800ddf0      0x1cc ./Middlewares/Third_Party/FreeRTOS/Source/timers.o
 .text.prvSwitchTimerLists
                0x0800dfbc       0xcc ./Middlewares/Third_Party/FreeRTOS/Source/timers.o
 .text.prvCheckForValidListAndQueue
                0x0800e088       0x80 ./Middlewares/Third_Party/FreeRTOS/Source/timers.o
 .text.pxPortInitialiseStack
                0x0800e108       0x68 ./Middlewares/Third_Party/FreeRTOS/Source/portable/GCC/ARM_CM4F/port.o
                0x0800e108                pxPortInitialiseStack
 .text.prvTaskExitError
                0x0800e170       0x5c ./Middlewares/Third_Party/FreeRTOS/Source/portable/GCC/ARM_CM4F/port.o
 *fill*         0x0800e1cc        0x4 
 .text.SVC_Handler
                0x0800e1d0       0x28 ./Middlewares/Third_Party/FreeRTOS/Source/portable/GCC/ARM_CM4F/port.o
                0x0800e1d0                SVC_Handler
 .text.prvPortStartFirstTask
                0x0800e1f8       0x28 ./Middlewares/Third_Party/FreeRTOS/Source/portable/GCC/ARM_CM4F/port.o
 .text.xPortStartScheduler
                0x0800e220      0x148 ./Middlewares/Third_Party/FreeRTOS/Source/portable/GCC/ARM_CM4F/port.o
                0x0800e220                xPortStartScheduler
 .text.vPortEnterCritical
                0x0800e368       0x64 ./Middlewares/Third_Party/FreeRTOS/Source/portable/GCC/ARM_CM4F/port.o
                0x0800e368                vPortEnterCritical
 .text.vPortExitCritical
                0x0800e3cc       0x54 ./Middlewares/Third_Party/FreeRTOS/Source/portable/GCC/ARM_CM4F/port.o
                0x0800e3cc                vPortExitCritical
 .text.PendSV_Handler
                0x0800e420       0x68 ./Middlewares/Third_Party/FreeRTOS/Source/portable/GCC/ARM_CM4F/port.o
                0x0800e420                PendSV_Handler
 .text.xPortSysTickHandler
                0x0800e488       0x44 ./Middlewares/Third_Party/FreeRTOS/Source/portable/GCC/ARM_CM4F/port.o
                0x0800e488                xPortSysTickHandler
 .text.vPortSetupTimerInterrupt
                0x0800e4cc       0x48 ./Middlewares/Third_Party/FreeRTOS/Source/portable/GCC/ARM_CM4F/port.o
                0x0800e4cc                vPortSetupTimerInterrupt
 .text.vPortEnableVFP
                0x0800e514       0x14 ./Middlewares/Third_Party/FreeRTOS/Source/portable/GCC/ARM_CM4F/port.o
 .text.vPortValidateInterruptPriority
                0x0800e528       0x84 ./Middlewares/Third_Party/FreeRTOS/Source/portable/GCC/ARM_CM4F/port.o
                0x0800e528                vPortValidateInterruptPriority
 .text.pvPortMalloc
                0x0800e5ac      0x19c ./Middlewares/Third_Party/FreeRTOS/Source/portable/MemMang/heap_4.o
                0x0800e5ac                pvPortMalloc
 .text.vPortFree
                0x0800e748       0xc8 ./Middlewares/Third_Party/FreeRTOS/Source/portable/MemMang/heap_4.o
                0x0800e748                vPortFree
 .text.prvHeapInit
                0x0800e810       0xc4 ./Middlewares/Third_Party/FreeRTOS/Source/portable/MemMang/heap_4.o
 .text.prvInsertBlockIntoFreeList
                0x0800e8d4       0xb4 ./Middlewares/Third_Party/FreeRTOS/Source/portable/MemMang/heap_4.o
 .text._strtoul_l.isra.0
                0x0800e988       0xdc C:/Users/rombo/OneDrive/Desktop/MDP/STT/STM32CubeIDE_1.19.0/STM32CubeIDE/plugins/com.st.stm32cube.ide.mcu.externaltools.gnu-tools-for-stm32.13.3.rel1.win32_1.0.0.202411081344/tools/bin/../lib/gcc/arm-none-eabi/13.3.1/../../../../arm-none-eabi/lib/thumb/v7e-m+fp/hard\libc_nano.a(libc_a-strtoul.o)
 .text.strtoul  0x0800ea64       0x14 C:/Users/rombo/OneDrive/Desktop/MDP/STT/STM32CubeIDE_1.19.0/STM32CubeIDE/plugins/com.st.stm32cube.ide.mcu.externaltools.gnu-tools-for-stm32.13.3.rel1.win32_1.0.0.202411081344/tools/bin/../lib/gcc/arm-none-eabi/13.3.1/../../../../arm-none-eabi/lib/thumb/v7e-m+fp/hard\libc_nano.a(libc_a-strtoul.o)
                0x0800ea64                strtoul
 .text.__cvt    0x0800ea78       0xca C:/Users/rombo/OneDrive/Desktop/MDP/STT/STM32CubeIDE_1.19.0/STM32CubeIDE/plugins/com.st.stm32cube.ide.mcu.externaltools.gnu-tools-for-stm32.13.3.rel1.win32_1.0.0.202411081344/tools/bin/../lib/gcc/arm-none-eabi/13.3.1/../../../../arm-none-eabi/lib/thumb/v7e-m+fp/hard\libc_nano.a(libc_a-nano-vfprintf_float.o)
                0x0800ea78                __cvt
 .text.__exponent
                0x0800eb42       0x74 C:/Users/rombo/OneDrive/Desktop/MDP/STT/STM32CubeIDE_1.19.0/STM32CubeIDE/plugins/com.st.stm32cube.ide.mcu.externaltools.gnu-tools-for-stm32.13.3.rel1.win32_1.0.0.202411081344/tools/bin/../lib/gcc/arm-none-eabi/13.3.1/../../../../arm-none-eabi/lib/thumb/v7e-m+fp/hard\libc_nano.a(libc_a-nano-vfprintf_float.o)
                0x0800eb42                __exponent
 *fill*         0x0800ebb6        0x2 
 .text._printf_float
                0x0800ebb8      0x454 C:/Users/rombo/OneDrive/Desktop/MDP/STT/STM32CubeIDE_1.19.0/STM32CubeIDE/plugins/com.st.stm32cube.ide.mcu.externaltools.gnu-tools-for-stm32.13.3.rel1.win32_1.0.0.202411081344/tools/bin/../lib/gcc/arm-none-eabi/13.3.1/../../../../arm-none-eabi/lib/thumb/v7e-m+fp/hard\libc_nano.a(libc_a-nano-vfprintf_float.o)
                0x0800ebb8                _printf_float
 .text._printf_common
                0x0800f00c       0xda C:/Users/rombo/OneDrive/Desktop/MDP/STT/STM32CubeIDE_1.19.0/STM32CubeIDE/plugins/com.st.stm32cube.ide.mcu.externaltools.gnu-tools-for-stm32.13.3.rel1.win32_1.0.0.202411081344/tools/bin/../lib/gcc/arm-none-eabi/13.3.1/../../../../arm-none-eabi/lib/thumb/v7e-m+fp/hard\libc_nano.a(libc_a-nano-vfprintf_i.o)
                0x0800f00c                _printf_common
 *fill*         0x0800f0e6        0x2 
 .text._printf_i
                0x0800f0e8      0x23c C:/Users/rombo/OneDrive/Desktop/MDP/STT/STM32CubeIDE_1.19.0/STM32CubeIDE/plugins/com.st.stm32cube.ide.mcu.externaltools.gnu-tools-for-stm32.13.3.rel1.win32_1.0.0.202411081344/tools/bin/../lib/gcc/arm-none-eabi/13.3.1/../../../../arm-none-eabi/lib/thumb/v7e-m+fp/hard\libc_nano.a(libc_a-nano-vfprintf_i.o)
                0x0800f0e8                _printf_i
 .text.std      0x0800f324       0x6c C:/Users/rombo/OneDrive/Desktop/MDP/STT/STM32CubeIDE_1.19.0/STM32CubeIDE/plugins/com.st.stm32cube.ide.mcu.externaltools.gnu-tools-for-stm32.13.3.rel1.win32_1.0.0.202411081344/tools/bin/../lib/gcc/arm-none-eabi/13.3.1/../../../../arm-none-eabi/lib/thumb/v7e-m+fp/hard\libc_nano.a(libc_a-findfp.o)
 .text.stdio_exit_handler
                0x0800f390       0x18 C:/Users/rombo/OneDrive/Desktop/MDP/STT/STM32CubeIDE_1.19.0/STM32CubeIDE/plugins/com.st.stm32cube.ide.mcu.externaltools.gnu-tools-for-stm32.13.3.rel1.win32_1.0.0.202411081344/tools/bin/../lib/gcc/arm-none-eabi/13.3.1/../../../../arm-none-eabi/lib/thumb/v7e-m+fp/hard\libc_nano.a(libc_a-findfp.o)
 .text.cleanup_stdio
                0x0800f3a8       0x40 C:/Users/rombo/OneDrive/Desktop/MDP/STT/STM32CubeIDE_1.19.0/STM32CubeIDE/plugins/com.st.stm32cube.ide.mcu.externaltools.gnu-tools-for-stm32.13.3.rel1.win32_1.0.0.202411081344/tools/bin/../lib/gcc/arm-none-eabi/13.3.1/../../../../arm-none-eabi/lib/thumb/v7e-m+fp/hard\libc_nano.a(libc_a-findfp.o)
 .text.global_stdio_init.part.0
                0x0800f3e8       0x3c C:/Users/rombo/OneDrive/Desktop/MDP/STT/STM32CubeIDE_1.19.0/STM32CubeIDE/plugins/com.st.stm32cube.ide.mcu.externaltools.gnu-tools-for-stm32.13.3.rel1.win32_1.0.0.202411081344/tools/bin/../lib/gcc/arm-none-eabi/13.3.1/../../../../arm-none-eabi/lib/thumb/v7e-m+fp/hard\libc_nano.a(libc_a-findfp.o)
 .text.__sfp_lock_acquire
                0x0800f424        0xc C:/Users/rombo/OneDrive/Desktop/MDP/STT/STM32CubeIDE_1.19.0/STM32CubeIDE/plugins/com.st.stm32cube.ide.mcu.externaltools.gnu-tools-for-stm32.13.3.rel1.win32_1.0.0.202411081344/tools/bin/../lib/gcc/arm-none-eabi/13.3.1/../../../../arm-none-eabi/lib/thumb/v7e-m+fp/hard\libc_nano.a(libc_a-findfp.o)
                0x0800f424                __sfp_lock_acquire
 .text.__sfp_lock_release
                0x0800f430        0xc C:/Users/rombo/OneDrive/Desktop/MDP/STT/STM32CubeIDE_1.19.0/STM32CubeIDE/plugins/com.st.stm32cube.ide.mcu.externaltools.gnu-tools-for-stm32.13.3.rel1.win32_1.0.0.202411081344/tools/bin/../lib/gcc/arm-none-eabi/13.3.1/../../../../arm-none-eabi/lib/thumb/v7e-m+fp/hard\libc_nano.a(libc_a-findfp.o)
                0x0800f430                __sfp_lock_release
 .text.__sinit  0x0800f43c       0x30 C:/Users/rombo/OneDrive/Desktop/MDP/STT/STM32CubeIDE_1.19.0/STM32CubeIDE/plugins/com.st.stm32cube.ide.mcu.externaltools.gnu-tools-for-stm32.13.3.rel1.win32_1.0.0.202411081344/tools/bin/../lib/gcc/arm-none-eabi/13.3.1/../../../../arm-none-eabi/lib/thumb/v7e-m+fp/hard\libc_nano.a(libc_a-findfp.o)
                0x0800f43c                __sinit
 .text._fwalk_sglue
                0x0800f46c       0x3c C:/Users/rombo/OneDrive/Desktop/MDP/STT/STM32CubeIDE_1.19.0/STM32CubeIDE/plugins/com.st.stm32cube.ide.mcu.externaltools.gnu-tools-for-stm32.13.3.rel1.win32_1.0.0.202411081344/tools/bin/../lib/gcc/arm-none-eabi/13.3.1/../../../../arm-none-eabi/lib/thumb/v7e-m+fp/hard\libc_nano.a(libc_a-fwalk.o)
                0x0800f46c                _fwalk_sglue
 .text.snprintf
                0x0800f4a8       0x6c C:/Users/rombo/OneDrive/Desktop/MDP/STT/STM32CubeIDE_1.19.0/STM32CubeIDE/plugins/com.st.stm32cube.ide.mcu.externaltools.gnu-tools-for-stm32.13.3.rel1.win32_1.0.0.202411081344/tools/bin/../lib/gcc/arm-none-eabi/13.3.1/../../../../arm-none-eabi/lib/thumb/v7e-m+fp/hard\libc_nano.a(libc_a-snprintf.o)
                0x0800f4a8                sniprintf
                0x0800f4a8                snprintf
 .text.__sread  0x0800f514       0x22 C:/Users/rombo/OneDrive/Desktop/MDP/STT/STM32CubeIDE_1.19.0/STM32CubeIDE/plugins/com.st.stm32cube.ide.mcu.externaltools.gnu-tools-for-stm32.13.3.rel1.win32_1.0.0.202411081344/tools/bin/../lib/gcc/arm-none-eabi/13.3.1/../../../../arm-none-eabi/lib/thumb/v7e-m+fp/hard\libc_nano.a(libc_a-stdio.o)
                0x0800f514                __sread
 .text.__swrite
                0x0800f536       0x38 C:/Users/rombo/OneDrive/Desktop/MDP/STT/STM32CubeIDE_1.19.0/STM32CubeIDE/plugins/com.st.stm32cube.ide.mcu.externaltools.gnu-tools-for-stm32.13.3.rel1.win32_1.0.0.202411081344/tools/bin/../lib/gcc/arm-none-eabi/13.3.1/../../../../arm-none-eabi/lib/thumb/v7e-m+fp/hard\libc_nano.a(libc_a-stdio.o)
                0x0800f536                __swrite
 .text.__sseek  0x0800f56e       0x24 C:/Users/rombo/OneDrive/Desktop/MDP/STT/STM32CubeIDE_1.19.0/STM32CubeIDE/plugins/com.st.stm32cube.ide.mcu.externaltools.gnu-tools-for-stm32.13.3.rel1.win32_1.0.0.202411081344/tools/bin/../lib/gcc/arm-none-eabi/13.3.1/../../../../arm-none-eabi/lib/thumb/v7e-m+fp/hard\libc_nano.a(libc_a-stdio.o)
                0x0800f56e                __sseek
 .text.__sclose
                0x0800f592        0x8 C:/Users/rombo/OneDrive/Desktop/MDP/STT/STM32CubeIDE_1.19.0/STM32CubeIDE/plugins/com.st.stm32cube.ide.mcu.externaltools.gnu-tools-for-stm32.13.3.rel1.win32_1.0.0.202411081344/tools/bin/../lib/gcc/arm-none-eabi/13.3.1/../../../../arm-none-eabi/lib/thumb/v7e-m+fp/hard\libc_nano.a(libc_a-stdio.o)
                0x0800f592                __sclose
 .text.memset   0x0800f59a       0x10 C:/Users/rombo/OneDrive/Desktop/MDP/STT/STM32CubeIDE_1.19.0/STM32CubeIDE/plugins/com.st.stm32cube.ide.mcu.externaltools.gnu-tools-for-stm32.13.3.rel1.win32_1.0.0.202411081344/tools/bin/../lib/gcc/arm-none-eabi/13.3.1/../../../../arm-none-eabi/lib/thumb/v7e-m+fp/hard\libc_nano.a(libc_a-memset.o)
                0x0800f59a                memset
 .text.strcat   0x0800f5aa       0x1e C:/Users/rombo/OneDrive/Desktop/MDP/STT/STM32CubeIDE_1.19.0/STM32CubeIDE/plugins/com.st.stm32cube.ide.mcu.externaltools.gnu-tools-for-stm32.13.3.rel1.win32_1.0.0.202411081344/tools/bin/../lib/gcc/arm-none-eabi/13.3.1/../../../../arm-none-eabi/lib/thumb/v7e-m+fp/hard\libc_nano.a(libc_a-strcat.o)
                0x0800f5aa                strcat
 .text._localeconv_r
                0x0800f5c8        0x8 C:/Users/rombo/OneDrive/Desktop/MDP/STT/STM32CubeIDE_1.19.0/STM32CubeIDE/plugins/com.st.stm32cube.ide.mcu.externaltools.gnu-tools-for-stm32.13.3.rel1.win32_1.0.0.202411081344/tools/bin/../lib/gcc/arm-none-eabi/13.3.1/../../../../arm-none-eabi/lib/thumb/v7e-m+fp/hard\libc_nano.a(libc_a-localeconv.o)
                0x0800f5c8                _localeconv_r
 .text._close_r
                0x0800f5d0       0x20 C:/Users/rombo/OneDrive/Desktop/MDP/STT/STM32CubeIDE_1.19.0/STM32CubeIDE/plugins/com.st.stm32cube.ide.mcu.externaltools.gnu-tools-for-stm32.13.3.rel1.win32_1.0.0.202411081344/tools/bin/../lib/gcc/arm-none-eabi/13.3.1/../../../../arm-none-eabi/lib/thumb/v7e-m+fp/hard\libc_nano.a(libc_a-closer.o)
                0x0800f5d0                _close_r
 .text._reclaim_reent
                0x0800f5f0       0xbc C:/Users/rombo/OneDrive/Desktop/MDP/STT/STM32CubeIDE_1.19.0/STM32CubeIDE/plugins/com.st.stm32cube.ide.mcu.externaltools.gnu-tools-for-stm32.13.3.rel1.win32_1.0.0.202411081344/tools/bin/../lib/gcc/arm-none-eabi/13.3.1/../../../../arm-none-eabi/lib/thumb/v7e-m+fp/hard\libc_nano.a(libc_a-reent.o)
                0x0800f5f0                _reclaim_reent
 .text._lseek_r
                0x0800f6ac       0x24 C:/Users/rombo/OneDrive/Desktop/MDP/STT/STM32CubeIDE_1.19.0/STM32CubeIDE/plugins/com.st.stm32cube.ide.mcu.externaltools.gnu-tools-for-stm32.13.3.rel1.win32_1.0.0.202411081344/tools/bin/../lib/gcc/arm-none-eabi/13.3.1/../../../../arm-none-eabi/lib/thumb/v7e-m+fp/hard\libc_nano.a(libc_a-lseekr.o)
                0x0800f6ac                _lseek_r
 .text._read_r  0x0800f6d0       0x24 C:/Users/rombo/OneDrive/Desktop/MDP/STT/STM32CubeIDE_1.19.0/STM32CubeIDE/plugins/com.st.stm32cube.ide.mcu.externaltools.gnu-tools-for-stm32.13.3.rel1.win32_1.0.0.202411081344/tools/bin/../lib/gcc/arm-none-eabi/13.3.1/../../../../arm-none-eabi/lib/thumb/v7e-m+fp/hard\libc_nano.a(libc_a-readr.o)
                0x0800f6d0                _read_r
 .text._write_r
                0x0800f6f4       0x24 C:/Users/rombo/OneDrive/Desktop/MDP/STT/STM32CubeIDE_1.19.0/STM32CubeIDE/plugins/com.st.stm32cube.ide.mcu.externaltools.gnu-tools-for-stm32.13.3.rel1.win32_1.0.0.202411081344/tools/bin/../lib/gcc/arm-none-eabi/13.3.1/../../../../arm-none-eabi/lib/thumb/v7e-m+fp/hard\libc_nano.a(libc_a-writer.o)
                0x0800f6f4                _write_r
 .text.__errno  0x0800f718        0xc C:/Users/rombo/OneDrive/Desktop/MDP/STT/STM32CubeIDE_1.19.0/STM32CubeIDE/plugins/com.st.stm32cube.ide.mcu.externaltools.gnu-tools-for-stm32.13.3.rel1.win32_1.0.0.202411081344/tools/bin/../lib/gcc/arm-none-eabi/13.3.1/../../../../arm-none-eabi/lib/thumb/v7e-m+fp/hard\libc_nano.a(libc_a-errno.o)
                0x0800f718                __errno
 .text.__libc_init_array
                0x0800f724       0x48 C:/Users/rombo/OneDrive/Desktop/MDP/STT/STM32CubeIDE_1.19.0/STM32CubeIDE/plugins/com.st.stm32cube.ide.mcu.externaltools.gnu-tools-for-stm32.13.3.rel1.win32_1.0.0.202411081344/tools/bin/../lib/gcc/arm-none-eabi/13.3.1/../../../../arm-none-eabi/lib/thumb/v7e-m+fp/hard\libc_nano.a(libc_a-init.o)
                0x0800f724                __libc_init_array
 .text.__retarget_lock_init_recursive
                0x0800f76c        0x2 C:/Users/rombo/OneDrive/Desktop/MDP/STT/STM32CubeIDE_1.19.0/STM32CubeIDE/plugins/com.st.stm32cube.ide.mcu.externaltools.gnu-tools-for-stm32.13.3.rel1.win32_1.0.0.202411081344/tools/bin/../lib/gcc/arm-none-eabi/13.3.1/../../../../arm-none-eabi/lib/thumb/v7e-m+fp/hard\libc_nano.a(libc_a-lock.o)
                0x0800f76c                __retarget_lock_init_recursive
 .text.__retarget_lock_acquire_recursive
                0x0800f76e        0x2 C:/Users/rombo/OneDrive/Desktop/MDP/STT/STM32CubeIDE_1.19.0/STM32CubeIDE/plugins/com.st.stm32cube.ide.mcu.externaltools.gnu-tools-for-stm32.13.3.rel1.win32_1.0.0.202411081344/tools/bin/../lib/gcc/arm-none-eabi/13.3.1/../../../../arm-none-eabi/lib/thumb/v7e-m+fp/hard\libc_nano.a(libc_a-lock.o)
                0x0800f76e                __retarget_lock_acquire_recursive
 .text.__retarget_lock_release_recursive
                0x0800f770        0x2 C:/Users/rombo/OneDrive/Desktop/MDP/STT/STM32CubeIDE_1.19.0/STM32CubeIDE/plugins/com.st.stm32cube.ide.mcu.externaltools.gnu-tools-for-stm32.13.3.rel1.win32_1.0.0.202411081344/tools/bin/../lib/gcc/arm-none-eabi/13.3.1/../../../../arm-none-eabi/lib/thumb/v7e-m+fp/hard\libc_nano.a(libc_a-lock.o)
                0x0800f770                __retarget_lock_release_recursive
 .text.memcpy   0x0800f772       0x1c C:/Users/rombo/OneDrive/Desktop/MDP/STT/STM32CubeIDE_1.19.0/STM32CubeIDE/plugins/com.st.stm32cube.ide.mcu.externaltools.gnu-tools-for-stm32.13.3.rel1.win32_1.0.0.202411081344/tools/bin/../lib/gcc/arm-none-eabi/13.3.1/../../../../arm-none-eabi/lib/thumb/v7e-m+fp/hard\libc_nano.a(libc_a-memcpy-stub.o)
                0x0800f772                memcpy
 .text.quorem   0x0800f78e      0x110 C:/Users/rombo/OneDrive/Desktop/MDP/STT/STM32CubeIDE_1.19.0/STM32CubeIDE/plugins/com.st.stm32cube.ide.mcu.externaltools.gnu-tools-for-stm32.13.3.rel1.win32_1.0.0.202411081344/tools/bin/../lib/gcc/arm-none-eabi/13.3.1/../../../../arm-none-eabi/lib/thumb/v7e-m+fp/hard\libc_nano.a(libc_a-dtoa.o)
 *fill*         0x0800f89e        0x2 
 .text._dtoa_r  0x0800f8a0      0xba0 C:/Users/rombo/OneDrive/Desktop/MDP/STT/STM32CubeIDE_1.19.0/STM32CubeIDE/plugins/com.st.stm32cube.ide.mcu.externaltools.gnu-tools-for-stm32.13.3.rel1.win32_1.0.0.202411081344/tools/bin/../lib/gcc/arm-none-eabi/13.3.1/../../../../arm-none-eabi/lib/thumb/v7e-m+fp/hard\libc_nano.a(libc_a-dtoa.o)
                0x0800f8a0                _dtoa_r
 .text._free_r  0x08010440       0x94 C:/Users/rombo/OneDrive/Desktop/MDP/STT/STM32CubeIDE_1.19.0/STM32CubeIDE/plugins/com.st.stm32cube.ide.mcu.externaltools.gnu-tools-for-stm32.13.3.rel1.win32_1.0.0.202411081344/tools/bin/../lib/gcc/arm-none-eabi/13.3.1/../../../../arm-none-eabi/lib/thumb/v7e-m+fp/hard\libc_nano.a(libc_a-freer.o)
                0x08010440                _free_r
 .text.malloc   0x080104d4       0x10 C:/Users/rombo/OneDrive/Desktop/MDP/STT/STM32CubeIDE_1.19.0/STM32CubeIDE/plugins/com.st.stm32cube.ide.mcu.externaltools.gnu-tools-for-stm32.13.3.rel1.win32_1.0.0.202411081344/tools/bin/../lib/gcc/arm-none-eabi/13.3.1/../../../../arm-none-eabi/lib/thumb/v7e-m+fp/hard\libc_nano.a(libc_a-malloc.o)
                0x080104d4                malloc
 .text.sbrk_aligned
                0x080104e4       0x44 C:/Users/rombo/OneDrive/Desktop/MDP/STT/STM32CubeIDE_1.19.0/STM32CubeIDE/plugins/com.st.stm32cube.ide.mcu.externaltools.gnu-tools-for-stm32.13.3.rel1.win32_1.0.0.202411081344/tools/bin/../lib/gcc/arm-none-eabi/13.3.1/../../../../arm-none-eabi/lib/thumb/v7e-m+fp/hard\libc_nano.a(libc_a-mallocr.o)
 .text._malloc_r
                0x08010528      0x100 C:/Users/rombo/OneDrive/Desktop/MDP/STT/STM32CubeIDE_1.19.0/STM32CubeIDE/plugins/com.st.stm32cube.ide.mcu.externaltools.gnu-tools-for-stm32.13.3.rel1.win32_1.0.0.202411081344/tools/bin/../lib/gcc/arm-none-eabi/13.3.1/../../../../arm-none-eabi/lib/thumb/v7e-m+fp/hard\libc_nano.a(libc_a-mallocr.o)
                0x08010528                _malloc_r
 .text.__malloc_lock
                0x08010628        0xc C:/Users/rombo/OneDrive/Desktop/MDP/STT/STM32CubeIDE_1.19.0/STM32CubeIDE/plugins/com.st.stm32cube.ide.mcu.externaltools.gnu-tools-for-stm32.13.3.rel1.win32_1.0.0.202411081344/tools/bin/../lib/gcc/arm-none-eabi/13.3.1/../../../../arm-none-eabi/lib/thumb/v7e-m+fp/hard\libc_nano.a(libc_a-mlock.o)
                0x08010628                __malloc_lock
 .text.__malloc_unlock
                0x08010634        0xc C:/Users/rombo/OneDrive/Desktop/MDP/STT/STM32CubeIDE_1.19.0/STM32CubeIDE/plugins/com.st.stm32cube.ide.mcu.externaltools.gnu-tools-for-stm32.13.3.rel1.win32_1.0.0.202411081344/tools/bin/../lib/gcc/arm-none-eabi/13.3.1/../../../../arm-none-eabi/lib/thumb/v7e-m+fp/hard\libc_nano.a(libc_a-mlock.o)
                0x08010634                __malloc_unlock
 .text._Balloc  0x08010640       0x80 C:/Users/rombo/OneDrive/Desktop/MDP/STT/STM32CubeIDE_1.19.0/STM32CubeIDE/plugins/com.st.stm32cube.ide.mcu.externaltools.gnu-tools-for-stm32.13.3.rel1.win32_1.0.0.202411081344/tools/bin/../lib/gcc/arm-none-eabi/13.3.1/../../../../arm-none-eabi/lib/thumb/v7e-m+fp/hard\libc_nano.a(libc_a-mprec.o)
                0x08010640                _Balloc
 .text._Bfree   0x080106c0       0x44 C:/Users/rombo/OneDrive/Desktop/MDP/STT/STM32CubeIDE_1.19.0/STM32CubeIDE/plugins/com.st.stm32cube.ide.mcu.externaltools.gnu-tools-for-stm32.13.3.rel1.win32_1.0.0.202411081344/tools/bin/../lib/gcc/arm-none-eabi/13.3.1/../../../../arm-none-eabi/lib/thumb/v7e-m+fp/hard\libc_nano.a(libc_a-mprec.o)
                0x080106c0                _Bfree
 .text.__multadd
                0x08010704       0x8c C:/Users/rombo/OneDrive/Desktop/MDP/STT/STM32CubeIDE_1.19.0/STM32CubeIDE/plugins/com.st.stm32cube.ide.mcu.externaltools.gnu-tools-for-stm32.13.3.rel1.win32_1.0.0.202411081344/tools/bin/../lib/gcc/arm-none-eabi/13.3.1/../../../../arm-none-eabi/lib/thumb/v7e-m+fp/hard\libc_nano.a(libc_a-mprec.o)
                0x08010704                __multadd
 .text.__hi0bits
                0x08010790       0x3e C:/Users/rombo/OneDrive/Desktop/MDP/STT/STM32CubeIDE_1.19.0/STM32CubeIDE/plugins/com.st.stm32cube.ide.mcu.externaltools.gnu-tools-for-stm32.13.3.rel1.win32_1.0.0.202411081344/tools/bin/../lib/gcc/arm-none-eabi/13.3.1/../../../../arm-none-eabi/lib/thumb/v7e-m+fp/hard\libc_nano.a(libc_a-mprec.o)
                0x08010790                __hi0bits
 .text.__lo0bits
                0x080107ce       0x5a C:/Users/rombo/OneDrive/Desktop/MDP/STT/STM32CubeIDE_1.19.0/STM32CubeIDE/plugins/com.st.stm32cube.ide.mcu.externaltools.gnu-tools-for-stm32.13.3.rel1.win32_1.0.0.202411081344/tools/bin/../lib/gcc/arm-none-eabi/13.3.1/../../../../arm-none-eabi/lib/thumb/v7e-m+fp/hard\libc_nano.a(libc_a-mprec.o)
                0x080107ce                __lo0bits
 .text.__i2b    0x08010828       0x2c C:/Users/rombo/OneDrive/Desktop/MDP/STT/STM32CubeIDE_1.19.0/STM32CubeIDE/plugins/com.st.stm32cube.ide.mcu.externaltools.gnu-tools-for-stm32.13.3.rel1.win32_1.0.0.202411081344/tools/bin/../lib/gcc/arm-none-eabi/13.3.1/../../../../arm-none-eabi/lib/thumb/v7e-m+fp/hard\libc_nano.a(libc_a-mprec.o)
                0x08010828                __i2b
 .text.__multiply
                0x08010854      0x144 C:/Users/rombo/OneDrive/Desktop/MDP/STT/STM32CubeIDE_1.19.0/STM32CubeIDE/plugins/com.st.stm32cube.ide.mcu.externaltools.gnu-tools-for-stm32.13.3.rel1.win32_1.0.0.202411081344/tools/bin/../lib/gcc/arm-none-eabi/13.3.1/../../../../arm-none-eabi/lib/thumb/v7e-m+fp/hard\libc_nano.a(libc_a-mprec.o)
                0x08010854                __multiply
 .text.__pow5mult
                0x08010998       0xb4 C:/Users/rombo/OneDrive/Desktop/MDP/STT/STM32CubeIDE_1.19.0/STM32CubeIDE/plugins/com.st.stm32cube.ide.mcu.externaltools.gnu-tools-for-stm32.13.3.rel1.win32_1.0.0.202411081344/tools/bin/../lib/gcc/arm-none-eabi/13.3.1/../../../../arm-none-eabi/lib/thumb/v7e-m+fp/hard\libc_nano.a(libc_a-mprec.o)
                0x08010998                __pow5mult
 .text.__lshift
                0x08010a4c       0xd8 C:/Users/rombo/OneDrive/Desktop/MDP/STT/STM32CubeIDE_1.19.0/STM32CubeIDE/plugins/com.st.stm32cube.ide.mcu.externaltools.gnu-tools-for-stm32.13.3.rel1.win32_1.0.0.202411081344/tools/bin/../lib/gcc/arm-none-eabi/13.3.1/../../../../arm-none-eabi/lib/thumb/v7e-m+fp/hard\libc_nano.a(libc_a-mprec.o)
                0x08010a4c                __lshift
 .text.__mcmp   0x08010b24       0x36 C:/Users/rombo/OneDrive/Desktop/MDP/STT/STM32CubeIDE_1.19.0/STM32CubeIDE/plugins/com.st.stm32cube.ide.mcu.externaltools.gnu-tools-for-stm32.13.3.rel1.win32_1.0.0.202411081344/tools/bin/../lib/gcc/arm-none-eabi/13.3.1/../../../../arm-none-eabi/lib/thumb/v7e-m+fp/hard\libc_nano.a(libc_a-mprec.o)
                0x08010b24                __mcmp
 *fill*         0x08010b5a        0x2 
 .text.__mdiff  0x08010b5c      0x128 C:/Users/rombo/OneDrive/Desktop/MDP/STT/STM32CubeIDE_1.19.0/STM32CubeIDE/plugins/com.st.stm32cube.ide.mcu.externaltools.gnu-tools-for-stm32.13.3.rel1.win32_1.0.0.202411081344/tools/bin/../lib/gcc/arm-none-eabi/13.3.1/../../../../arm-none-eabi/lib/thumb/v7e-m+fp/hard\libc_nano.a(libc_a-mprec.o)
                0x08010b5c                __mdiff
 .text.__d2b    0x08010c84       0xb0 C:/Users/rombo/OneDrive/Desktop/MDP/STT/STM32CubeIDE_1.19.0/STM32CubeIDE/plugins/com.st.stm32cube.ide.mcu.externaltools.gnu-tools-for-stm32.13.3.rel1.win32_1.0.0.202411081344/tools/bin/../lib/gcc/arm-none-eabi/13.3.1/../../../../arm-none-eabi/lib/thumb/v7e-m+fp/hard\libc_nano.a(libc_a-mprec.o)
                0x08010c84                __d2b
 .text.__ssputs_r
                0x08010d34       0xb6 C:/Users/rombo/OneDrive/Desktop/MDP/STT/STM32CubeIDE_1.19.0/STM32CubeIDE/plugins/com.st.stm32cube.ide.mcu.externaltools.gnu-tools-for-stm32.13.3.rel1.win32_1.0.0.202411081344/tools/bin/../lib/gcc/arm-none-eabi/13.3.1/../../../../arm-none-eabi/lib/thumb/v7e-m+fp/hard\libc_nano.a(libc_a-nano-svfprintf.o)
                0x08010d34                __ssputs_r
 *fill*         0x08010dea        0x2 
 .text._svfprintf_r
                0x08010dec      0x1f8 C:/Users/rombo/OneDrive/Desktop/MDP/STT/STM32CubeIDE_1.19.0/STM32CubeIDE/plugins/com.st.stm32cube.ide.mcu.externaltools.gnu-tools-for-stm32.13.3.rel1.win32_1.0.0.202411081344/tools/bin/../lib/gcc/arm-none-eabi/13.3.1/../../../../arm-none-eabi/lib/thumb/v7e-m+fp/hard\libc_nano.a(libc_a-nano-svfprintf.o)
                0x08010dec                _svfiprintf_r
                0x08010dec                _svfprintf_r
 .text.__sflush_r
                0x08010fe4      0x108 C:/Users/rombo/OneDrive/Desktop/MDP/STT/STM32CubeIDE_1.19.0/STM32CubeIDE/plugins/com.st.stm32cube.ide.mcu.externaltools.gnu-tools-for-stm32.13.3.rel1.win32_1.0.0.202411081344/tools/bin/../lib/gcc/arm-none-eabi/13.3.1/../../../../arm-none-eabi/lib/thumb/v7e-m+fp/hard\libc_nano.a(libc_a-fflush.o)
                0x08010fe4                __sflush_r
 .text._fflush_r
                0x080110ec       0x50 C:/Users/rombo/OneDrive/Desktop/MDP/STT/STM32CubeIDE_1.19.0/STM32CubeIDE/plugins/com.st.stm32cube.ide.mcu.externaltools.gnu-tools-for-stm32.13.3.rel1.win32_1.0.0.202411081344/tools/bin/../lib/gcc/arm-none-eabi/13.3.1/../../../../arm-none-eabi/lib/thumb/v7e-m+fp/hard\libc_nano.a(libc_a-fflush.o)
                0x080110ec                _fflush_r
 .text.memmove  0x0801113c       0x34 C:/Users/rombo/OneDrive/Desktop/MDP/STT/STM32CubeIDE_1.19.0/STM32CubeIDE/plugins/com.st.stm32cube.ide.mcu.externaltools.gnu-tools-for-stm32.13.3.rel1.win32_1.0.0.202411081344/tools/bin/../lib/gcc/arm-none-eabi/13.3.1/../../../../arm-none-eabi/lib/thumb/v7e-m+fp/hard\libc_nano.a(libc_a-memmove.o)
                0x0801113c                memmove
 .text._sbrk_r  0x08011170       0x20 C:/Users/rombo/OneDrive/Desktop/MDP/STT/STM32CubeIDE_1.19.0/STM32CubeIDE/plugins/com.st.stm32cube.ide.mcu.externaltools.gnu-tools-for-stm32.13.3.rel1.win32_1.0.0.202411081344/tools/bin/../lib/gcc/arm-none-eabi/13.3.1/../../../../arm-none-eabi/lib/thumb/v7e-m+fp/hard\libc_nano.a(libc_a-sbrkr.o)
                0x08011170                _sbrk_r
 .text.__assert_func
                0x08011190       0x3c C:/Users/rombo/OneDrive/Desktop/MDP/STT/STM32CubeIDE_1.19.0/STM32CubeIDE/plugins/com.st.stm32cube.ide.mcu.externaltools.gnu-tools-for-stm32.13.3.rel1.win32_1.0.0.202411081344/tools/bin/../lib/gcc/arm-none-eabi/13.3.1/../../../../arm-none-eabi/lib/thumb/v7e-m+fp/hard\libc_nano.a(libc_a-assert.o)
                0x08011190                __assert_func
 .text._calloc_r
                0x080111cc       0x28 C:/Users/rombo/OneDrive/Desktop/MDP/STT/STM32CubeIDE_1.19.0/STM32CubeIDE/plugins/com.st.stm32cube.ide.mcu.externaltools.gnu-tools-for-stm32.13.3.rel1.win32_1.0.0.202411081344/tools/bin/../lib/gcc/arm-none-eabi/13.3.1/../../../../arm-none-eabi/lib/thumb/v7e-m+fp/hard\libc_nano.a(libc_a-callocr.o)
                0x080111cc                _calloc_r
 .text.__ascii_mbtowc
                0x080111f4       0x24 C:/Users/rombo/OneDrive/Desktop/MDP/STT/STM32CubeIDE_1.19.0/STM32CubeIDE/plugins/com.st.stm32cube.ide.mcu.externaltools.gnu-tools-for-stm32.13.3.rel1.win32_1.0.0.202411081344/tools/bin/../lib/gcc/arm-none-eabi/13.3.1/../../../../arm-none-eabi/lib/thumb/v7e-m+fp/hard\libc_nano.a(libc_a-mbtowc_r.o)
                0x080111f4                __ascii_mbtowc
 .text._realloc_r
                0x08011218       0x5c C:/Users/rombo/OneDrive/Desktop/MDP/STT/STM32CubeIDE_1.19.0/STM32CubeIDE/plugins/com.st.stm32cube.ide.mcu.externaltools.gnu-tools-for-stm32.13.3.rel1.win32_1.0.0.202411081344/tools/bin/../lib/gcc/arm-none-eabi/13.3.1/../../../../arm-none-eabi/lib/thumb/v7e-m+fp/hard\libc_nano.a(libc_a-reallocr.o)
                0x08011218                _realloc_r
 .text.__ascii_wctomb
                0x08011274       0x1a C:/Users/rombo/OneDrive/Desktop/MDP/STT/STM32CubeIDE_1.19.0/STM32CubeIDE/plugins/com.st.stm32cube.ide.mcu.externaltools.gnu-tools-for-stm32.13.3.rel1.win32_1.0.0.202411081344/tools/bin/../lib/gcc/arm-none-eabi/13.3.1/../../../../arm-none-eabi/lib/thumb/v7e-m+fp/hard\libc_nano.a(libc_a-wctomb_r.o)
                0x08011274                __ascii_wctomb
 *fill*         0x0801128e        0x2 
 .text.fprintf  0x08011290       0x24 C:/Users/rombo/OneDrive/Desktop/MDP/STT/STM32CubeIDE_1.19.0/STM32CubeIDE/plugins/com.st.stm32cube.ide.mcu.externaltools.gnu-tools-for-stm32.13.3.rel1.win32_1.0.0.202411081344/tools/bin/../lib/gcc/arm-none-eabi/13.3.1/../../../../arm-none-eabi/lib/thumb/v7e-m+fp/hard\libc_nano.a(libc_a-fprintf.o)
                0x08011290                fiprintf
                0x08011290                fprintf
 .text.abort    0x080112b4        0xe C:/Users/rombo/OneDrive/Desktop/MDP/STT/STM32CubeIDE_1.19.0/STM32CubeIDE/plugins/com.st.stm32cube.ide.mcu.externaltools.gnu-tools-for-stm32.13.3.rel1.win32_1.0.0.202411081344/tools/bin/../lib/gcc/arm-none-eabi/13.3.1/../../../../arm-none-eabi/lib/thumb/v7e-m+fp/hard\libc_nano.a(libc_a-abort.o)
                0x080112b4                abort
 .text._malloc_usable_size_r
                0x080112c2       0x10 C:/Users/rombo/OneDrive/Desktop/MDP/STT/STM32CubeIDE_1.19.0/STM32CubeIDE/plugins/com.st.stm32cube.ide.mcu.externaltools.gnu-tools-for-stm32.13.3.rel1.win32_1.0.0.202411081344/tools/bin/../lib/gcc/arm-none-eabi/13.3.1/../../../../arm-none-eabi/lib/thumb/v7e-m+fp/hard\libc_nano.a(libc_a-msizer.o)
                0x080112c2                _malloc_usable_size_r
 .text.__sfputc_r
                0x080112d2       0x2e C:/Users/rombo/OneDrive/Desktop/MDP/STT/STM32CubeIDE_1.19.0/STM32CubeIDE/plugins/com.st.stm32cube.ide.mcu.externaltools.gnu-tools-for-stm32.13.3.rel1.win32_1.0.0.202411081344/tools/bin/../lib/gcc/arm-none-eabi/13.3.1/../../../../arm-none-eabi/lib/thumb/v7e-m+fp/hard\libc_nano.a(libc_a-nano-vfprintf.o)
 .text.__sfputs_r
                0x08011300       0x24 C:/Users/rombo/OneDrive/Desktop/MDP/STT/STM32CubeIDE_1.19.0/STM32CubeIDE/plugins/com.st.stm32cube.ide.mcu.externaltools.gnu-tools-for-stm32.13.3.rel1.win32_1.0.0.202411081344/tools/bin/../lib/gcc/arm-none-eabi/13.3.1/../../../../arm-none-eabi/lib/thumb/v7e-m+fp/hard\libc_nano.a(libc_a-nano-vfprintf.o)
                0x08011300                __sfputs_r
 .text._vfprintf_r
                0x08011324      0x230 C:/Users/rombo/OneDrive/Desktop/MDP/STT/STM32CubeIDE_1.19.0/STM32CubeIDE/plugins/com.st.stm32cube.ide.mcu.externaltools.gnu-tools-for-stm32.13.3.rel1.win32_1.0.0.202411081344/tools/bin/../lib/gcc/arm-none-eabi/13.3.1/../../../../arm-none-eabi/lib/thumb/v7e-m+fp/hard\libc_nano.a(libc_a-nano-vfprintf.o)
                0x08011324                _vfprintf_r
                0x08011324                _vfiprintf_r
 .text.__swbuf_r
                0x08011554       0x7c C:/Users/rombo/OneDrive/Desktop/MDP/STT/STM32CubeIDE_1.19.0/STM32CubeIDE/plugins/com.st.stm32cube.ide.mcu.externaltools.gnu-tools-for-stm32.13.3.rel1.win32_1.0.0.202411081344/tools/bin/../lib/gcc/arm-none-eabi/13.3.1/../../../../arm-none-eabi/lib/thumb/v7e-m+fp/hard\libc_nano.a(libc_a-wbuf.o)
                0x08011554                __swbuf_r
 .text.__swsetup_r
                0x080115d0       0xac C:/Users/rombo/OneDrive/Desktop/MDP/STT/STM32CubeIDE_1.19.0/STM32CubeIDE/plugins/com.st.stm32cube.ide.mcu.externaltools.gnu-tools-for-stm32.13.3.rel1.win32_1.0.0.202411081344/tools/bin/../lib/gcc/arm-none-eabi/13.3.1/../../../../arm-none-eabi/lib/thumb/v7e-m+fp/hard\libc_nano.a(libc_a-wsetup.o)
                0x080115d0                __swsetup_r
 .text._raise_r
                0x0801167c       0x50 C:/Users/rombo/OneDrive/Desktop/MDP/STT/STM32CubeIDE_1.19.0/STM32CubeIDE/plugins/com.st.stm32cube.ide.mcu.externaltools.gnu-tools-for-stm32.13.3.rel1.win32_1.0.0.202411081344/tools/bin/../lib/gcc/arm-none-eabi/13.3.1/../../../../arm-none-eabi/lib/thumb/v7e-m+fp/hard\libc_nano.a(libc_a-signal.o)
                0x0801167c                _raise_r
 .text.raise    0x080116cc       0x10 C:/Users/rombo/OneDrive/Desktop/MDP/STT/STM32CubeIDE_1.19.0/STM32CubeIDE/plugins/com.st.stm32cube.ide.mcu.externaltools.gnu-tools-for-stm32.13.3.rel1.win32_1.0.0.202411081344/tools/bin/../lib/gcc/arm-none-eabi/13.3.1/../../../../arm-none-eabi/lib/thumb/v7e-m+fp/hard\libc_nano.a(libc_a-signal.o)
                0x080116cc                raise
 .text._kill_r  0x080116dc       0x24 C:/Users/rombo/OneDrive/Desktop/MDP/STT/STM32CubeIDE_1.19.0/STM32CubeIDE/plugins/com.st.stm32cube.ide.mcu.externaltools.gnu-tools-for-stm32.13.3.rel1.win32_1.0.0.202411081344/tools/bin/../lib/gcc/arm-none-eabi/13.3.1/../../../../arm-none-eabi/lib/thumb/v7e-m+fp/hard\libc_nano.a(libc_a-signalr.o)
                0x080116dc                _kill_r
 .text._getpid_r