19:32:50 **** Incremental Build of configuration Debug for project STM32_code ****
make -j20 all 
arm-none-eabi-g++ "../Core/Src/app_parser.cpp" -mcpu=cortex-m4 -std=gnu++14 -g3 -DDEBUG -DUSE_HAL_DRIVER -DSTM32F407xx -DSTM32_THREAD_SAFE_STRATEGY=4 -c -I../Core/Inc -I"C:/Users/Edward/Documents/GitHub/MDP/STM32 Code/STM32_code/Core/OLED_lib" -I"C:/Users/Edward/Documents/GitHub/MDP/STM32 Code/STM32_code/Core/Inc" -I"C:/Users/Edward/Documents/GitHub/MDP/STM32 Code/STM32_code/Core/ICM20948_lib" -I../Drivers/STM32F4xx_HAL_Driver/Inc -I../Drivers/STM32F4xx_HAL_Driver/Inc/Legacy -I../Drivers/CMSIS/Device/ST/STM32F4xx/Include -I../Drivers/CMSIS/Include -I../Middlewares/Third_Party/FreeRTOS/Source/include -I../Middlewares/Third_Party/FreeRTOS/Source/CMSIS_RTOS_V2 -I../Middlewares/Third_Party/FreeRTOS/Source/portable/GCC/ARM_CM4F -I../Core/ThreadSafe -O0 -ffunction-sections -fdata-sections -fno-exceptions -fno-rtti -fno-use-cxa-atexit -Wall -fstack-usage -MMD -MP -MF"Core/Src/app_parser.d" -MT"Core/Src/app_parser.o" --specs=nano.specs -mfpu=fpv4-sp-d16 -mfloat-abi=hard -mthumb -o "Core/Src/app_parser.o"
../Core/Src/app_parser.cpp: In member function 'volatile void AppParser::Listener::invoke()':
../Core/Src/app_parser.cpp:34:13: warning: unused variable 'tmp' [-Wunused-variable]
   34 |  osStatus_t tmp = osMessageQueuePut(ctx->mailbox.queue, &msg, 0, 0);
      |             ^~~
../Core/Src/app_parser.cpp: In static member function 'static void AppParser::Processor::processorTask(void*)':
../Core/Src/app_parser.cpp:105:12: warning: unused variable 'buf_fill' [-Wunused-variable]
  105 |   uint32_t buf_fill = 0;
      |            ^~~~~~~~
arm-none-eabi-g++ -o "STM32_code.elf" @"objects.list"   -mcpu=cortex-m4 -T"C:\Users\Edward\Documents\GitHub\MDP\STM32 Code\STM32_code\STM32F407VETX_FLASH.ld" --specs=nosys.specs -Wl,-Map="STM32_code.map" -Wl,--gc-sections -static --specs=nano.specs -mfpu=fpv4-sp-d16 -mfloat-abi=hard -mthumb -u _printf_float -Wl,--start-group -lc -lm -lstdc++ -lsupc++ -Wl,--end-group
Finished building target: STM32_code.elf
 
arm-none-eabi-size   STM32_code.elf 
arm-none-eabi-objdump -h -S  STM32_code.elf  > "STM32_code.list"
   text	   data	    bss	    dec	    hex	filename
  87468	    600	  26208	 114276	  1be64	STM32_code.elf
Finished building: default.size.stdout
 
Finished building: STM32_code.list
 
