../Core/Src/app_parser.cpp:19:1:AppParser::Listener::Listener(u_ctx*)	16	static
../Core/Src/app_parser.cpp:23:1:AppParser::Listener::~Listener()	16	static
../Core/Src/app_parser.cpp:29:15:volatile void AppParser::Listener::invoke()	40	static
../Core/Src/app_parser.cpp:41:1:AppParser::Processor::Processor(u_ctx*, u_ctx*)	32	static
../Core/Src/app_parser.cpp:48:1:AppParser::Processor::~Processor()	16	static
../Core/Src/app_parser.cpp:53:6:static void AppParser::Processor::startImpl(void*)	16	static
../Core/Src/app_parser.cpp:58:6:void AppParser::Processor::start()	32	static
../Core/Src/app_parser.cpp:71:6:static void AppParser::Processor::processorTask(void*)	104	static
../Core/Src/app_parser.cpp:249:6:static void AppParser::Processor::returnSensorRequestCmd(AppParser::BUF_CMP_t)	104	static
../Core/Src/app_parser.cpp:301:15:static AppParser::MOTION_PKT_t* AppParser::Processor::getMotionCmdFromBytes(AppParser::BUF_CMP_t*)	24	static
../Core/Inc/app_parser.h:82:14:static bool AppParser::Processor::isEq(const T&, const T&) [with T = unsigned char]	16	static
