../Core/Src/main.c:80:1:__io_putchar	16	static
../Core/Src/main.c:117:5:main	8	static
../Core/Src/main.c:220:6:SystemClock_Config	88	static
../Core/Src/main.c:262:13:MX_ADC1_Init	24	static
../Core/Src/main.c:314:13:MX_ADC2_Init	24	static
../Core/Src/main.c:366:13:MX_I2C1_Init	8	static
../Core/Src/main.c:400:13:MX_TIM1_Init	96	static
../Core/Src/main.c:475:13:MX_TIM2_Init	56	static
../Core/Src/main.c:524:13:MX_TIM3_Init	56	static
../Core/Src/main.c:573:13:MX_TIM8_Init	96	static
../Core/Src/main.c:651:13:MX_USART3_UART_Init	8	static
../Core/Src/main.c:682:13:MX_DMA_Init	16	static
../Core/Src/main.c:703:13:MX_GPIO_Init	48	static
../Core/Src/main.c:784:6:StartDefaultTask	16	static
../Core/Src/main.c:805:6:HAL_TIM_PeriodElapsedCallback	16	static
../Core/Src/main.c:822:6:Error_Handler	4	static,ignoring_inline_asm
