Archive member included to satisfy reference by file (symbol)

c:/st/stm32cubeide_1.11.0/stm32cubeide/plugins/com.st.stm32cube.ide.mcu.externaltools.gnu-tools-for-stm32.10.3-2021.10.win32_1.0.100.202210260954/tools/bin/../lib/gcc/arm-none-eabi/10.3.1/../../../../arm-none-eabi/lib/thumb/v7e-m+fp/hard\libstdc++_nano.a(new_op.o)
                              ./Core/Src/app_motion.o (operator new(unsigned int))
c:/st/stm32cubeide_1.11.0/stm32cubeide/plugins/com.st.stm32cube.ide.mcu.externaltools.gnu-tools-for-stm32.10.3-2021.10.win32_1.0.100.202210260954/tools/bin/../lib/gcc/arm-none-eabi/10.3.1/../../../../arm-none-eabi/lib/thumb/v7e-m+fp/hard\libstdc++_nano.a(new_handler.o)
                              c:/st/stm32cubeide_1.11.0/stm32cubeide/plugins/com.st.stm32cube.ide.mcu.externaltools.gnu-tools-for-stm32.10.3-2021.10.win32_1.0.100.202210260954/tools/bin/../lib/gcc/arm-none-eabi/10.3.1/../../../../arm-none-eabi/lib/thumb/v7e-m+fp/hard\libstdc++_nano.a(new_op.o) (std::get_new_handler())
c:/st/stm32cubeide_1.11.0/stm32cubeide/plugins/com.st.stm32cube.ide.mcu.externaltools.gnu-tools-for-stm32.10.3-2021.10.win32_1.0.100.202210260954/tools/bin/../lib/gcc/arm-none-eabi/10.3.1/../../../../arm-none-eabi/lib/thumb/v7e-m+fp/hard\libm.a(lib_a-sf_round.o)
                              ./Core/Src/app_main.o (roundf)
c:/st/stm32cubeide_1.11.0/stm32cubeide/plugins/com.st.stm32cube.ide.mcu.externaltools.gnu-tools-for-stm32.10.3-2021.10.win32_1.0.100.202210260954/tools/bin/../lib/gcc/arm-none-eabi/10.3.1/../../../../arm-none-eabi/lib/thumb/v7e-m+fp/hard\libm.a(lib_a-w_atan2.o)
                              ./Core/Src/app_main.o (atan2)
c:/st/stm32cubeide_1.11.0/stm32cubeide/plugins/com.st.stm32cube.ide.mcu.externaltools.gnu-tools-for-stm32.10.3-2021.10.win32_1.0.100.202210260954/tools/bin/../lib/gcc/arm-none-eabi/10.3.1/../../../../arm-none-eabi/lib/thumb/v7e-m+fp/hard\libm.a(lib_a-w_fmod.o)
                              ./Core/Src/app_motion.o (fmod)
c:/st/stm32cubeide_1.11.0/stm32cubeide/plugins/com.st.stm32cube.ide.mcu.externaltools.gnu-tools-for-stm32.10.3-2021.10.win32_1.0.100.202210260954/tools/bin/../lib/gcc/arm-none-eabi/10.3.1/../../../../arm-none-eabi/lib/thumb/v7e-m+fp/hard\libm.a(lib_a-w_pow.o)
                              ./Core/Src/app_main.o (pow)
c:/st/stm32cubeide_1.11.0/stm32cubeide/plugins/com.st.stm32cube.ide.mcu.externaltools.gnu-tools-for-stm32.10.3-2021.10.win32_1.0.100.202210260954/tools/bin/../lib/gcc/arm-none-eabi/10.3.1/../../../../arm-none-eabi/lib/thumb/v7e-m+fp/hard\libm.a(lib_a-w_sqrt.o)
                              ./Core/ICM20948_lib/ICM20948.o (sqrt)
c:/st/stm32cubeide_1.11.0/stm32cubeide/plugins/com.st.stm32cube.ide.mcu.externaltools.gnu-tools-for-stm32.10.3-2021.10.win32_1.0.100.202210260954/tools/bin/../lib/gcc/arm-none-eabi/10.3.1/../../../../arm-none-eabi/lib/thumb/v7e-m+fp/hard\libm.a(lib_a-e_atan2.o)
                              c:/st/stm32cubeide_1.11.0/stm32cubeide/plugins/com.st.stm32cube.ide.mcu.externaltools.gnu-tools-for-stm32.10.3-2021.10.win32_1.0.100.202210260954/tools/bin/../lib/gcc/arm-none-eabi/10.3.1/../../../../arm-none-eabi/lib/thumb/v7e-m+fp/hard\libm.a(lib_a-w_atan2.o) (__ieee754_atan2)
c:/st/stm32cubeide_1.11.0/stm32cubeide/plugins/com.st.stm32cube.ide.mcu.externaltools.gnu-tools-for-stm32.10.3-2021.10.win32_1.0.100.202210260954/tools/bin/../lib/gcc/arm-none-eabi/10.3.1/../../../../arm-none-eabi/lib/thumb/v7e-m+fp/hard\libm.a(lib_a-e_fmod.o)
                              c:/st/stm32cubeide_1.11.0/stm32cubeide/plugins/com.st.stm32cube.ide.mcu.externaltools.gnu-tools-for-stm32.10.3-2021.10.win32_1.0.100.202210260954/tools/bin/../lib/gcc/arm-none-eabi/10.3.1/../../../../arm-none-eabi/lib/thumb/v7e-m+fp/hard\libm.a(lib_a-w_fmod.o) (__ieee754_fmod)
c:/st/stm32cubeide_1.11.0/stm32cubeide/plugins/com.st.stm32cube.ide.mcu.externaltools.gnu-tools-for-stm32.10.3-2021.10.win32_1.0.100.202210260954/tools/bin/../lib/gcc/arm-none-eabi/10.3.1/../../../../arm-none-eabi/lib/thumb/v7e-m+fp/hard\libm.a(lib_a-e_pow.o)
                              c:/st/stm32cubeide_1.11.0/stm32cubeide/plugins/com.st.stm32cube.ide.mcu.externaltools.gnu-tools-for-stm32.10.3-2021.10.win32_1.0.100.202210260954/tools/bin/../lib/gcc/arm-none-eabi/10.3.1/../../../../arm-none-eabi/lib/thumb/v7e-m+fp/hard\libm.a(lib_a-w_pow.o) (__ieee754_pow)
c:/st/stm32cubeide_1.11.0/stm32cubeide/plugins/com.st.stm32cube.ide.mcu.externaltools.gnu-tools-for-stm32.10.3-2021.10.win32_1.0.100.202210260954/tools/bin/../lib/gcc/arm-none-eabi/10.3.1/../../../../arm-none-eabi/lib/thumb/v7e-m+fp/hard\libm.a(lib_a-e_sqrt.o)
                              c:/st/stm32cubeide_1.11.0/stm32cubeide/plugins/com.st.stm32cube.ide.mcu.externaltools.gnu-tools-for-stm32.10.3-2021.10.win32_1.0.100.202210260954/tools/bin/../lib/gcc/arm-none-eabi/10.3.1/../../../../arm-none-eabi/lib/thumb/v7e-m+fp/hard\libm.a(lib_a-w_sqrt.o) (__ieee754_sqrt)
[...]
Memory Configuration

Name             Origin             Length             Attributes
CCMRAM           0x0000000010000000 0x0000000000010000 xrw
RAM              0x0000000020000000 0x0000000000020000 xrw
FLASH            0x0000000008000000 0x0000000000080000 xr
*default*        0x0000000000000000 0xffffffffffffffff

Linker script and memory map

LOAD c:/st/stm32cubeide_1.11.0/stm32cubeide/plugins/com.st.stm32cube.ide.mcu.externaltools.gnu-tools-for-stm32.10.3-2021.10.win32_1.0.100.202210260954/tools/bin/../lib/gcc/arm-none-eabi/10.3.1/thumb/v7e-m+fp/hard/crti.o
LOAD c:/st/stm32cubeide_1.11.0/stm32cubeide/plugins/com.st.stm32cube.ide.mcu.externaltools.gnu-tools-for-stm32.10.3-2021.10.win32_1.0.100.202210260954/tools/bin/../lib/gcc/arm-none-eabi/10.3.1/thumb/v7e-m+fp/hard/crtbegin.o
LOAD c:/st/stm32cubeide_1.11.0/stm32cubeide/plugins/com.st.stm32cube.ide.mcu.externaltools.gnu-tools-for-stm32.10.3-2021.10.win32_1.0.100.202210260954/tools/bin/../lib/gcc/arm-none-eabi/10.3.1/../../../../arm-none-eabi/lib/thumb/v7e-m+fp/hard/crt0.o
LOAD ./Core/ICM20948_lib/ICM20948.o
LOAD ./Core/OLED_lib/oled.o
LOAD ./Core/Src/app_display.o
LOAD ./Core/Src/app_main.o
LOAD ./Core/Src/app_motion.o
LOAD ./Core/Src/app_parser.o
LOAD ./Core/Src/freertos.o
LOAD ./Core/Src/main.o
LOAD ./Core/Src/pid.o
LOAD ./Core/Src/stm32f4xx_hal_msp.o
LOAD ./Core/Src/stm32f4xx_hal_timebase_tim.o
LOAD ./Core/Src/stm32f4xx_it.o
LOAD ./Core/Src/syscalls.o
LOAD ./Core/Src/sysmem.o
LOAD ./Core/Src/system_stm32f4xx.o
LOAD ./Core/Startup/startup_stm32f407vetx.o
LOAD ./Core/ThreadSafe/newlib_lock_glue.o
LOAD ./Drivers/STM32F4xx_HAL_Driver/Src/stm32f4xx_hal.o
LOAD ./Drivers/STM32F4xx_HAL_Driver/Src/stm32f4xx_hal_adc.o
LOAD ./Drivers/STM32F4xx_HAL_Driver/Src/stm32f4xx_hal_adc_ex.o
LOAD ./Drivers/STM32F4xx_HAL_Driver/Src/stm32f4xx_hal_cortex.o
LOAD ./Drivers/STM32F4xx_HAL_Driver/Src/stm32f4xx_hal_dma.o
LOAD ./Drivers/STM32F4xx_HAL_Driver/Src/stm32f4xx_hal_dma_ex.o
LOAD ./Drivers/STM32F4xx_HAL_Driver/Src/stm32f4xx_hal_exti.o
LOAD ./Drivers/STM32F4xx_HAL_Driver/Src/stm32f4xx_hal_flash.o
LOAD ./Drivers/STM32F4xx_HAL_Driver/Src/stm32f4xx_hal_flash_ex.o
LOAD ./Drivers/STM32F4xx_HAL_Driver/Src/stm32f4xx_hal_flash_ramfunc.o
LOAD ./Drivers/STM32F4xx_HAL_Driver/Src/stm32f4xx_hal_gpio.o
LOAD ./Drivers/STM32F4xx_HAL_Driver/Src/stm32f4xx_hal_i2c.o
LOAD ./Drivers/STM32F4xx_HAL_Driver/Src/stm32f4xx_hal_i2c_ex.o
LOAD ./Drivers/STM32F4xx_HAL_Driver/Src/stm32f4xx_hal_pwr.o
LOAD ./Drivers/STM32F4xx_HAL_Driver/Src/stm32f4xx_hal_pwr_ex.o
LOAD ./Drivers/STM32F4xx_HAL_Driver/Src/stm32f4xx_hal_rcc.o
LOAD ./Drivers/STM32F4xx_HAL_Driver/Src/stm32f4xx_hal_rcc_ex.o
LOAD ./Drivers/STM32F4xx_HAL_Driver/Src/stm32f4xx_hal_tim.o
LOAD ./Drivers/STM32F4xx_HAL_Driver/Src/stm32f4xx_hal_tim_ex.o
LOAD ./Drivers/STM32F4xx_HAL_Driver/Src/stm32f4xx_hal_uart.o
LOAD ./Drivers/STM32F4xx_HAL_Driver/Src/stm32f4xx_ll_adc.o
LOAD ./Middlewares/Third_Party/FreeRTOS/Source/CMSIS_RTOS_V2/cmsis_os2.o
LOAD ./Middlewares/Third_Party/FreeRTOS/Source/croutine.o
LOAD ./Middlewares/Third_Party/FreeRTOS/Source/event_groups.o
LOAD ./Middlewares/Third_Party/FreeRTOS/Source/list.o
LOAD ./Middlewares/Third_Party/FreeRTOS/Source/queue.o
LOAD ./Middlewares/Third_Party/FreeRTOS/Source/stream_buffer.o
LOAD ./Middlewares/Third_Party/FreeRTOS/Source/tasks.o
LOAD ./Middlewares/Third_Party/FreeRTOS/Source/timers.o
LOAD ./Middlewares/Third_Party/FreeRTOS/Source/portable/GCC/ARM_CM4F/port.o
LOAD ./Middlewares/Third_Party/FreeRTOS/Source/portable/MemMang/heap_4.o
START GROUP
LOAD c:/st/stm32cubeide_1.11.0/stm32cubeide/plugins/com.st.stm32cube.ide.mcu.externaltools.gnu-tools-for-stm32.10.3-2021.10.win32_1.0.100.202210260954/tools/bin/../lib/gcc/arm-none-eabi/10.3.1/../../../../arm-none-eabi/lib/thumb/v7e-m+fp/hard\libstdc++_nano.a
LOAD c:/st/stm32cubeide_1.11.0/stm32cubeide/plugins/com.st.stm32cube.ide.mcu.externaltools.gnu-tools-for-stm32.10.3-2021.10.win32_1.0.100.202210260954/tools/bin/../lib/gcc/arm-none-eabi/10.3.1/../../../../arm-none-eabi/lib/thumb/v7e-m+fp/hard\libsupc++_nano.a
END GROUP
LOAD c:/st/stm32cubeide_1.11.0/stm32cubeide/plugins/com.st.stm32cube.ide.mcu.externaltools.gnu-tools-for-stm32.10.3-2021.10.win32_1.0.100.202210260954/tools/bin/../lib/gcc/arm-none-eabi/10.3.1/../../../../arm-none-eabi/lib/thumb/v7e-m+fp/hard\libstdc++_nano.a
LOAD c:/st/stm32cubeide_1.11.0/stm32cubeide/plugins/com.st.stm32cube.ide.mcu.externaltools.gnu-tools-for-stm32.10.3-2021.10.win32_1.0.100.202210260954/tools/bin/../lib/gcc/arm-none-eabi/10.3.1/../../../../arm-none-eabi/lib/thumb/v7e-m+fp/hard\libm.a
LOAD c:/st/stm32cubeide_1.11.0/stm32cubeide/plugins/com.st.stm32cube.ide.mcu.externaltools.gnu-tools-for-stm32.10.3-2021.10.win32_1.0.100.202210260954/tools/bin/../lib/gcc/arm-none-eabi/10.3.1/../../../../arm-none-eabi/lib/thumb/v7e-m+fp/hard\libc_nano.a
START GROUP
LOAD c:/st/stm32cubeide_1.11.0/stm32cubeide/plugins/com.st.stm32cube.ide.mcu.externaltools.gnu-tools-for-stm32.10.3-2021.10.win32_1.0.100.202210260954/tools/bin/../lib/gcc/arm-none-eabi/10.3.1/thumb/v7e-m+fp/hard\libgcc.a
LOAD c:/st/stm32cubeide_1.11.0/stm32cubeide/plugins/com.st.stm32cube.ide.mcu.externaltools.gnu-tools-for-stm32.10.3-2021.10.win32_1.0.100.202210260954/tools/bin/../lib/gcc/arm-none-eabi/10.3.1/../../../../arm-none-eabi/lib/thumb/v7e-m+fp/hard\libc_nano.a
END GROUP
START GROUP
LOAD c:/st/stm32cubeide_1.11.0/stm32cubeide/plugins/com.st.stm32cube.ide.mcu.externaltools.gnu-tools-for-stm32.10.3-2021.10.win32_1.0.100.202210260954/tools/bin/../lib/gcc/arm-none-eabi/10.3.1/thumb/v7e-m+fp/hard\libgcc.a
LOAD c:/st/stm32cubeide_1.11.0/stm32cubeide/plugins/com.st.stm32cube.ide.mcu.externaltools.gnu-tools-for-stm32.10.3-2021.10.win32_1.0.100.202210260954/tools/bin/../lib/gcc/arm-none-eabi/10.3.1/../../../../arm-none-eabi/lib/thumb/v7e-m+fp/hard\libc_nano.a
LOAD c:/st/stm32cubeide_1.11.0/stm32cubeide/plugins/com.st.stm32cube.ide.mcu.externaltools.gnu-tools-for-stm32.10.3-2021.10.win32_1.0.100.202210260954/tools/bin/../lib/gcc/arm-none-eabi/10.3.1/../../../../arm-none-eabi/lib/thumb/v7e-m+fp/hard\libnosys.a
END GROUP
START GROUP
LOAD c:/st/stm32cubeide_1.11.0/stm32cubeide/plugins/com.st.stm32cube.ide.mcu.externaltools.gnu-tools-for-stm32.10.3-2021.10.win32_1.0.100.202210260954/tools/bin/../lib/gcc/arm-none-eabi/10.3.1/thumb/v7e-m+fp/hard\libgcc.a
LOAD c:/st/stm32cubeide_1.11.0/stm32cubeide/plugins/com.st.stm32cube.ide.mcu.externaltools.gnu-tools-for-stm32.10.3-2021.10.win32_1.0.100.202210260954/tools/bin/../lib/gcc/arm-none-eabi/10.3.1/../../../../arm-none-eabi/lib/thumb/v7e-m+fp/hard\libc_nano.a
LOAD c:/st/stm32cubeide_1.11.0/stm32cubeide/plugins/com.st.stm32cube.ide.mcu.externaltools.gnu-tools-for-stm32.10.3-2021.10.win32_1.0.100.202210260954/tools/bin/../lib/gcc/arm-none-eabi/10.3.1/../../../../arm-none-eabi/lib/thumb/v7e-m+fp/hard\libnosys.a
END GROUP
LOAD c:/st/stm32cubeide_1.11.0/stm32cubeide/plugins/com.st.stm32cube.ide.mcu.externaltools.gnu-tools-for-stm32.10.3-2021.10.win32_1.0.100.202210260954/tools/bin/../lib/gcc/arm-none-eabi/10.3.1/thumb/v7e-m+fp/hard/crtend.o
LOAD c:/st/stm32cubeide_1.11.0/stm32cubeide/plugins/com.st.stm32cube.ide.mcu.externaltools.gnu-tools-for-stm32.10.3-2021.10.win32_1.0.100.202210260954/tools/bin/../lib/gcc/arm-none-eabi/10.3.1/thumb/v7e-m+fp/hard/crtn.o
                0x0000000020020000                _estack = (ORIGIN (RAM) + LENGTH (RAM))
                0x0000000000000400                _Min_Heap_Size = 0x400
                0x0000000000000800                _Min_Stack_Size = 0x800

.isr_vector     0x0000000008000000      0x188
                0x0000000008000000                . = ALIGN (0x4)
 *(.isr_vector)
 .isr_vector    0x0000000008000000      0x188 ./Core/Startup/startup_stm32f407vetx.o
                0x0000000008000000                g_pfnVectors
                0x0000000008000188                . = ALIGN (0x4)

.text           0x0000000008000190    0x142f8
                0x0000000008000190                . = ALIGN (0x4)
 *(.text)
 .text          0x0000000008000190       0x40 c:/st/stm32cubeide_1.11.0/stm32cubeide/plugins/com.st.stm32cube.ide.mcu.externaltools.gnu-tools-for-stm32.10.3-2021.10.win32_1.0.100.202210260954/tools/bin/../lib/gcc/arm-none-eabi/10.3.1/thumb/v7e-m+fp/hard/crtbegin.o
 .text          0x00000000080001d0       0x10 c:/st/stm32cubeide_1.11.0/stm32cubeide/plugins/com.st.stm32cube.ide.mcu.externaltools.gnu-tools-for-stm32.10.3-2021.10.win32_1.0.100.202210260954/tools/bin/../lib/gcc/arm-none-eabi/10.3.1/../../../../arm-none-eabi/lib/thumb/v7e-m+fp/hard\libc_nano.a(lib_a-strlen.o)
                0x00000000080001d0                strlen
 .text          0x00000000080001e0       0xa0 c:/st/stm32cubeide_1.11.0/stm32cubeide/plugins/com.st.stm32cube.ide.mcu.externaltools.gnu-tools-for-stm32.10.3-2021.10.win32_1.0.100.202210260954/tools/bin/../lib/gcc/arm-none-eabi/10.3.1/../../../../arm-none-eabi/lib/thumb/v7e-m+fp/hard\libc_nano.a(lib_a-memchr.o)
                0x00000000080001e0                memchr
 .text          0x0000000008000280      0x378 c:/st/stm32cubeide_1.11.0/stm32cubeide/plugins/com.st.stm32cube.ide.mcu.externaltools.gnu-tools-for-stm32.10.3-2021.10.win32_1.0.100.202210260954/tools/bin/../lib/gcc/arm-none-eabi/10.3.1/thumb/v7e-m+fp/hard\libgcc.a(_arm_addsubdf3.o)
                0x0000000008000280                __aeabi_drsub
                0x0000000008000288                __aeabi_dsub
                0x0000000008000288                __subdf3
                0x000000000800028c                __aeabi_dadd
                0x000000000800028c                __adddf3
                0x0000000008000504                __floatunsidf
                0x0000000008000504                __aeabi_ui2d
                0x0000000008000524                __floatsidf
                0x0000000008000524                __aeabi_i2d
                0x0000000008000548                __aeabi_f2d
                0x0000000008000548                __extendsfdf2
                0x000000000800058c                __floatundidf
                0x000000000800058c                __aeabi_ul2d
                0x000000000800059c                __floatdidf
                0x000000000800059c                __aeabi_l2d
 .text          0x00000000080005f8      0x424 c:/st/stm32cubeide_1.11.0/stm32cubeide/plugins/com.st.stm32cube.ide.mcu.externaltools.gnu-tools-for-stm32.10.3-2021.10.win32_1.0.100.202210260954/tools/bin/../lib/gcc/arm-none-eabi/10.3.1/thumb/v7e-m+fp/hard\libgcc.a(_arm_muldivdf3.o)
                0x00000000080005f8                __aeabi_dmul
                0x00000000080005f8                __muldf3
                0x000000000800084c                __divdf3
                0x000000000800084c                __aeabi_ddiv
 .text          0x0000000008000a1c      0x110 c:/st/stm32cubeide_1.11.0/stm32cubeide/plugins/com.st.stm32cube.ide.mcu.externaltools.gnu-tools-for-stm32.10.3-2021.10.win32_1.0.100.202210260954/tools/bin/../lib/gcc/arm-none-eabi/10.3.1/thumb/v7e-m+fp/hard\libgcc.a(_arm_cmpdf2.o)
                0x0000000008000a1c                __gtdf2
                0x0000000008000a1c                __gedf2
                0x0000000008000a24                __ltdf2
                0x0000000008000a24                __ledf2
                0x0000000008000a2c                __nedf2
                0x0000000008000a2c                __eqdf2
                0x0000000008000a2c                __cmpdf2
                0x0000000008000aa8                __aeabi_cdrcmple
                0x0000000008000ab8                __aeabi_cdcmpeq
                0x0000000008000ab8                __aeabi_cdcmple
                0x0000000008000ac8                __aeabi_dcmpeq
                0x0000000008000adc                __aeabi_dcmplt
                0x0000000008000af0                __aeabi_dcmple
                0x0000000008000b04                __aeabi_dcmpge
                0x0000000008000b18                __aeabi_dcmpgt
 .text          0x0000000008000b2c       0x2c c:/st/stm32cubeide_1.11.0/stm32cubeide/plugins/com.st.stm32cube.ide.mcu.externaltools.gnu-tools-for-stm32.10.3-2021.10.win32_1.0.100.202210260954/tools/bin/../lib/gcc/arm-none-eabi/10.3.1/thumb/v7e-m+fp/hard\libgcc.a(_arm_unorddf2.o)
                0x0000000008000b2c                __unorddf2
                0x0000000008000b2c                __aeabi_dcmpun
 .text          0x0000000008000b58       0x50 c:/st/stm32cubeide_1.11.0/stm32cubeide/plugins/com.st.stm32cube.ide.mcu.externaltools.gnu-tools-for-stm32.10.3-2021.10.win32_1.0.100.202210260954/tools/bin/../lib/gcc/arm-none-eabi/10.3.1/thumb/v7e-m+fp/hard\libgcc.a(_arm_fixdfsi.o)
                0x0000000008000b58                __aeabi_d2iz
                0x0000000008000b58                __fixdfsi
 .text          0x0000000008000ba8       0x40 c:/st/stm32cubeide_1.11.0/stm32cubeide/plugins/com.st.stm32cube.ide.mcu.externaltools.gnu-tools-for-stm32.10.3-2021.10.win32_1.0.100.202210260954/tools/bin/../lib/gcc/arm-none-eabi/10.3.1/thumb/v7e-m+fp/hard\libgcc.a(_arm_fixunsdfsi.o)
                0x0000000008000ba8                __aeabi_d2uiz
                0x0000000008000ba8                __fixunsdfsi
 .text          0x0000000008000be8       0xa0 c:/st/stm32cubeide_1.11.0/stm32cubeide/plugins/com.st.stm32cube.ide.mcu.externaltools.gnu-tools-for-stm32.10.3-2021.10.win32_1.0.100.202210260954/tools/bin/../lib/gcc/arm-none-eabi/10.3.1/thumb/v7e-m+fp/hard\libgcc.a(_arm_truncdfsf2.o)
                0x0000000008000be8                __truncdfsf2
                0x0000000008000be8                __aeabi_d2f
 .text          0x0000000008000c88       0x30 c:/st/stm32cubeide_1.11.0/stm32cubeide/plugins/com.st.stm32cube.ide.mcu.externaltools.gnu-tools-for-stm32.10.3-2021.10.win32_1.0.100.202210260954/tools/bin/../lib/gcc/arm-none-eabi/10.3.1/thumb/v7e-m+fp/hard\libgcc.a(_aeabi_uldivmod.o)
                0x0000000008000c88                __aeabi_uldivmod
 .text          0x0000000008000cb8      0x2d0 c:/st/stm32cubeide_1.11.0/stm32cubeide/plugins/com.st.stm32cube.ide.mcu.externaltools.gnu-tools-for-stm32.10.3-2021.10.win32_1.0.100.202210260954/tools/bin/../lib/gcc/arm-none-eabi/10.3.1/thumb/v7e-m+fp/hard\libgcc.a(_udivmoddi4.o)
                0x0000000008000cb8                __udivmoddi4
 .text          0x0000000008000f88        0x4 c:/st/stm32cubeide_1.11.0/stm32cubeide/plugins/com.st.stm32cube.ide.mcu.externaltools.gnu-tools-for-stm32.10.3-2021.10.win32_1.0.100.202210260954/tools/bin/../lib/gcc/arm-none-eabi/10.3.1/thumb/v7e-m+fp/hard\libgcc.a(_dvmd_tls.o)
                0x0000000008000f88                __aeabi_idiv0
                0x0000000008000f88                __aeabi_ldiv0
 *(.text*)
 .text.IMU_Initialise
                0x0000000008000f8c      0x180 ./Core/ICM20948_lib/ICM20948.o
                0x0000000008000f8c                IMU_Initialise
 .text.IMU_WriteOneByte
                0x000000000800110c       0x38 ./Core/ICM20948_lib/ICM20948.o
                0x000000000800110c                IMU_WriteOneByte
 .text.IMU_ReadOneByte
                0x0000000008001144       0x36 ./Core/ICM20948_lib/ICM20948.o
                0x0000000008001144                IMU_ReadOneByte
 .text.Mag_WriteOneByte
                0x000000000800117a       0x38 ./Core/ICM20948_lib/ICM20948.o
                0x000000000800117a                Mag_WriteOneByte
 *fill*         0x00000000080011b2        0x2 
 .text.IMU_AccelRead
                0x00000000080011b4      0x1b0 ./Core/ICM20948_lib/ICM20948.o
                0x00000000080011b4                IMU_AccelRead
 .text.Gyro_calibrate
                0x0000000008001364      0x150 ./Core/ICM20948_lib/ICM20948.o
                0x0000000008001364                Gyro_calibrate
 .text.IMU_GyroRead
                0x00000000080014b4      0x194 ./Core/ICM20948_lib/ICM20948.o
                0x00000000080014b4                IMU_GyroRead
 .text.Mag_init
                0x0000000008001648       0x20 ./Core/ICM20948_lib/ICM20948.o
                0x0000000008001648                Mag_init
 .text.OLED_Refresh_Gram
                0x0000000008001668       0x70 ./Core/OLED_lib/oled.o
                0x0000000008001668                OLED_Refresh_Gram
 .text.OLED_WR_Byte
                0x00000000080016d8       0x94 ./Core/OLED_lib/oled.o
                0x00000000080016d8                OLED_WR_Byte
 .text.OLED_Clear
                0x000000000800176c       0x4c ./Core/OLED_lib/oled.o
                0x000000000800176c                OLED_Clear
 .text.OLED_Display_On
                0x00000000080017b8       0x20 ./Core/OLED_lib/oled.o
                0x00000000080017b8                OLED_Display_On
 .text.OLED_DrawPoint
                0x00000000080017d8       0xb4 ./Core/OLED_lib/oled.o
                0x00000000080017d8                OLED_DrawPoint
 .text.OLED_DrawRect
                0x000000000800188c       0x88 ./Core/OLED_lib/oled.o
                0x000000000800188c                OLED_DrawRect
 .text.OLED_DrawRectWithFill
                0x0000000008001914       0xc2 ./Core/OLED_lib/oled.o
                0x0000000008001914                OLED_DrawRectWithFill
 .text.OLED_DrawVerticalLine
                0x00000000080019d6       0x40 ./Core/OLED_lib/oled.o
                0x00000000080019d6                OLED_DrawVerticalLine
 *fill*         0x0000000008001a16        0x2 
 .text.OLED_ShowChar
                0x0000000008001a18       0xe4 ./Core/OLED_lib/oled.o
                0x0000000008001a18                OLED_ShowChar
 .text.OLED_ShowString
                0x0000000008001afc       0x64 ./Core/OLED_lib/oled.o
                0x0000000008001afc                OLED_ShowString
 .text.OLED_Init
                0x0000000008001b60      0x118 ./Core/OLED_lib/oled.o
                0x0000000008001b60                OLED_Init
 .text._ZN7Display8oledTaskEPv
                0x0000000008001c78      0x268 ./Core/Src/app_display.o
                0x0000000008001c78                Display::oledTask(void*)
 .text._ZN9AppParser9Processor19signalNoObstructionEv
                0x0000000008001ee0       0x24 ./Core/Src/app_main.o
                0x0000000008001ee0                AppParser::Processor::signalNoObstruction()
 .text._ZN9AppMotion16MotionControllerD2Ev
                0x0000000008001f04       0x16 ./Core/Src/app_main.o
                0x0000000008001f04                AppMotion::MotionController::~MotionController()
                0x0000000008001f04                AppMotion::MotionController::~MotionController()
 *fill*         0x0000000008001f1a        0x2 
 .text.HAL_GPIO_EXTI_Callback
                0x0000000008001f1c       0x20 ./Core/Src/app_main.o
                0x0000000008001f1c                HAL_GPIO_EXTI_Callback
 .text.HAL_UART_RxCpltCallback
                0x0000000008001f3c       0x28 ./Core/Src/app_main.o
                0x0000000008001f3c                HAL_UART_RxCpltCallback
 .text.initializeCPPconstructs
                0x0000000008001f64       0x70 ./Core/Src/app_main.o
                0x0000000008001f64                initializeCPPconstructs
 *fill*         0x0000000008001fd4        0x4 
 .text._Z6irTaskPv
                0x0000000008001fd8      0x240 ./Core/Src/app_main.o
                0x0000000008001fd8                irTask(void*)
 .text.sensorTask
                0x0000000008002218      0x26c ./Core/Src/app_main.o
                0x0000000008002218                sensorTask
 .text._ext_sig_halt
                0x0000000008002484       0x14 ./Core/Src/app_main.o
                0x0000000008002484                _ext_sig_halt
 .text.quaternionUpdate
                0x0000000008002498      0x680 ./Core/Src/app_main.o
                0x0000000008002498                quaternionUpdate
 .text._Z41__static_initialization_and_destruction_0ii
                0x0000000008002b18       0xa8 ./Core/Src/app_main.o
 .text._GLOBAL__sub_I_sensor_data
                0x0000000008002bc0       0x10 ./Core/Src/app_main.o
 .text._GLOBAL__sub_D_sensor_data
                0x0000000008002bd0       0x10 ./Core/Src/app_main.o
 .text._ZN9AppMotion16MotionController3mapEfffff
                0x0000000008002be0       0x5c ./Core/Src/app_motion.o
                0x0000000008002be0                AppMotion::MotionController::map(float, float, float, float, float)
 .text._ZN9AppMotion16MotionControllerC2EP5u_ctx
                0x0000000008002c3c       0x1e ./Core/Src/app_motion.o
                0x0000000008002c3c                AppMotion::MotionController::MotionController(u_ctx*)
                0x0000000008002c3c                AppMotion::MotionController::MotionController(u_ctx*)
 *fill*         0x0000000008002c5a        0x2 
 .text._ZN9AppMotion16MotionController5startEv
                0x0000000008002c5c      0x19c ./Core/Src/app_motion.o
                0x0000000008002c5c                AppMotion::MotionController::start()
 .text._ZN9AppMotion16MotionController10motionTaskEPv
                0x0000000008002df8      0x1c8 ./Core/Src/app_motion.o
                0x0000000008002df8                AppMotion::MotionController::motionTask(void*)
 .text._ZN9AppMotion16MotionController4moveEbmmbb
                0x0000000008002fc0      0x524 ./Core/Src/app_motion.o
                0x0000000008002fc0                AppMotion::MotionController::move(bool, unsigned long, unsigned long, bool, bool)
 *fill*         0x00000000080034e4        0x4 
 .text._ZN9AppMotion16MotionController4turnEbbbm
                0x00000000080034e8      0x69c ./Core/Src/app_motion.o
                0x00000000080034e8                AppMotion::MotionController::turn(bool, bool, bool, unsigned long)
 .text._ZN9AppMotion16MotionController13emergencyStopEv
                0x0000000008003b84       0x1c ./Core/Src/app_motion.o
                0x0000000008003b84                AppMotion::MotionController::emergencyStop()
 .text._ZN9AppMotion16MotionController15task2ScanAndRotEb
                0x0000000008003ba0      0x7e4 ./Core/Src/app_motion.o
                0x0000000008003ba0                AppMotion::MotionController::task2ScanAndRot(bool)
 *fill*         0x0000000008004384        0x4 
 .text._ZN9AppMotion16MotionController18task2ScanAndReturnEb
                0x0000000008004388      0x7e4 ./Core/Src/app_motion.o
                0x0000000008004388                AppMotion::MotionController::task2ScanAndReturn(bool)
 .text._ZN9AppMotion5ServoC2EP17TIM_HandleTypeDefmmmm
                0x0000000008004b6c       0x3e ./Core/Src/app_motion.o
                0x0000000008004b6c                AppMotion::Servo::Servo(TIM_HandleTypeDef*, unsigned long, unsigned long, unsigned long, unsigned long)
                0x0000000008004b6c                AppMotion::Servo::Servo(TIM_HandleTypeDef*, unsigned long, unsigned long, unsigned long, unsigned long)
 .text._ZN9AppMotion5Servo8turnLeftEv
                0x0000000008004baa       0x22 ./Core/Src/app_motion.o
                0x0000000008004baa                AppMotion::Servo::turnLeft()
 .text._ZN9AppMotion5Servo9turnRightEv
                0x0000000008004bcc       0x22 ./Core/Src/app_motion.o
                0x0000000008004bcc                AppMotion::Servo::turnRight()
 .text._ZN9AppMotion5Servo9turnFrontEv
                0x0000000008004bee       0x22 ./Core/Src/app_motion.o
                0x0000000008004bee                AppMotion::Servo::turnFront()
 .text._ZN9AppMotion5MotorC2EP17TIM_HandleTypeDefmP12GPIO_TypeDefS4_ttm
                0x0000000008004c10       0x4a ./Core/Src/app_motion.o
                0x0000000008004c10                AppMotion::Motor::Motor(TIM_HandleTypeDef*, unsigned long, GPIO_TypeDef*, GPIO_TypeDef*, unsigned short, unsigned short, unsigned long)
                0x0000000008004c10                AppMotion::Motor::Motor(TIM_HandleTypeDef*, unsigned long, GPIO_TypeDef*, GPIO_TypeDef*, unsigned short, unsigned short, unsigned long)
 *fill*         0x0000000008004c5a        0x2 
 .text._ZN9AppMotion5Motor8setSpeedEm
                0x0000000008004c5c       0x80 ./Core/Src/app_motion.o
                0x0000000008004c5c                AppMotion::Motor::setSpeed(unsigned long)
 .text._ZN9AppMotion5Motor16_setDutyCycleValEm
                0x0000000008004cdc       0x6c ./Core/Src/app_motion.o
                0x0000000008004cdc                AppMotion::Motor::_setDutyCycleVal(unsigned long)
 .text._ZN9AppMotion5Motor4haltEv
                0x0000000008004d48       0x5a ./Core/Src/app_motion.o
                0x0000000008004d48                AppMotion::Motor::halt()
 .text._ZN9AppMotion5Motor10setForwardEv
                0x0000000008004da2       0x30 ./Core/Src/app_motion.o
                0x0000000008004da2                AppMotion::Motor::setForward()
 .text._ZN9AppMotion5Motor11setBackwardEv
                0x0000000008004dd2       0x30 ./Core/Src/app_motion.o
                0x0000000008004dd2                AppMotion::Motor::setBackward()
 .text._ZN9AppMotion7EncoderC2EP17TIM_HandleTypeDefm
                0x0000000008004e02       0x2a ./Core/Src/app_motion.o
                0x0000000008004e02                AppMotion::Encoder::Encoder(TIM_HandleTypeDef*, unsigned long)
                0x0000000008004e02                AppMotion::Encoder::Encoder(TIM_HandleTypeDef*, unsigned long)
 .text._ZN9AppMotion7Encoder8getCountEv
                0x0000000008004e2c       0x1c ./Core/Src/app_motion.o
                0x0000000008004e2c                AppMotion::Encoder::getCount()
 .text._ZN9AppMotion7Encoder8getDeltaEmm
                0x0000000008004e48       0x6c ./Core/Src/app_motion.o
                0x0000000008004e48                AppMotion::Encoder::getDelta(unsigned long, unsigned long)
 .text._ZN9AppMotion16MotionController3sgnIfEEiT_
                0x0000000008004eb4       0x42 ./Core/Src/app_motion.o
                0x0000000008004eb4                int AppMotion::MotionController::sgn<float>(float)
 .text._ZN9AppParser8ListenerC2EP5u_ctx
                0x0000000008004ef6       0x1e ./Core/Src/app_parser.o
                0x0000000008004ef6                AppParser::Listener::Listener(u_ctx*)
                0x0000000008004ef6                AppParser::Listener::Listener(u_ctx*)
 .text._ZN9AppParser8ListenerD2Ev
                0x0000000008004f14       0x16 ./Core/Src/app_parser.o
                0x0000000008004f14                AppParser::Listener::~Listener()
                0x0000000008004f14                AppParser::Listener::~Listener()
 *fill*         0x0000000008004f2a        0x2 
 .text._ZN9AppParser8Listener6invokeEv
                0x0000000008004f2c       0x4c ./Core/Src/app_parser.o
                0x0000000008004f2c                AppParser::Listener::invoke()
 .text._ZN9AppParser9ProcessorC2EP5u_ctxS2_
                0x0000000008004f78       0x34 ./Core/Src/app_parser.o
                0x0000000008004f78                AppParser::Processor::Processor(u_ctx*, u_ctx*)
                0x0000000008004f78                AppParser::Processor::Processor(u_ctx*, u_ctx*)
 .text._ZN9AppParser9ProcessorD2Ev
                0x0000000008004fac       0x16 ./Core/Src/app_parser.o
                0x0000000008004fac                AppParser::Processor::~Processor()
                0x0000000008004fac                AppParser::Processor::~Processor()
 *fill*         0x0000000008004fc2        0x2 
 .text._ZN9AppParser9Processor5startEv
                0x0000000008004fc4       0x4c ./Core/Src/app_parser.o
                0x0000000008004fc4                AppParser::Processor::start()
 .text._ZN9AppParser9Processor13processorTaskEPv
                0x0000000008005010      0x490 ./Core/Src/app_parser.o
                0x0000000008005010                AppParser::Processor::processorTask(void*)
 .text._ZN9AppParser9Processor22returnSensorRequestCmdEh
                0x00000000080054a0      0x250 ./Core/Src/app_parser.o
                0x00000000080054a0                AppParser::Processor::returnSensorRequestCmd(unsigned char)
 .text._ZN9AppParser9Processor21getMotionCmdFromBytesEPh
                0x00000000080056f0      0x178 ./Core/Src/app_parser.o
                0x00000000080056f0                AppParser::Processor::getMotionCmdFromBytes(unsigned char*)
 .text._ZN9AppParser9Processor4isEqIhEEbRKT_S4_
                0x0000000008005868       0x28 ./Core/Src/app_parser.o
                0x0000000008005868                bool AppParser::Processor::isEq<unsigned char>(unsigned char const&, unsigned char const&)
 .text.__io_putchar
                0x0000000008005890       0x24 ./Core/Src/main.o
                0x0000000008005890                __io_putchar
 .text.main     0x00000000080058b4       0x94 ./Core/Src/main.o
                0x00000000080058b4                main
 .text.SystemClock_Config
                0x0000000008005948       0xbc ./Core/Src/main.o
                0x0000000008005948                SystemClock_Config
 .text.MX_ADC1_Init
                0x0000000008005a04       0xa4 ./Core/Src/main.o
 .text.MX_ADC2_Init
                0x0000000008005aa8       0xa4 ./Core/Src/main.o
 .text.MX_I2C1_Init
                0x0000000008005b4c       0x5c ./Core/Src/main.o
 .text.MX_TIM1_Init
                0x0000000008005ba8      0x140 ./Core/Src/main.o
 .text.MX_TIM2_Init
                0x0000000008005ce8       0xa8 ./Core/Src/main.o
 .text.MX_TIM3_Init
                0x0000000008005d90       0xa8 ./Core/Src/main.o
 .text.MX_TIM8_Init
                0x0000000008005e38      0x154 ./Core/Src/main.o
 .text.MX_USART3_UART_Init
                0x0000000008005f8c       0x54 ./Core/Src/main.o
 .text.MX_DMA_Init
                0x0000000008005fe0       0x50 ./Core/Src/main.o
 .text.MX_GPIO_Init
                0x0000000008006030      0x198 ./Core/Src/main.o
 .text.StartDefaultTask
                0x00000000080061c8       0x10 ./Core/Src/main.o
                0x00000000080061c8                StartDefaultTask
 .text.HAL_TIM_PeriodElapsedCallback
                0x00000000080061d8       0x24 ./Core/Src/main.o
                0x00000000080061d8                HAL_TIM_PeriodElapsedCallback
 .text.Error_Handler
                0x00000000080061fc        0xa ./Core/Src/main.o
                0x00000000080061fc                Error_Handler
 .text._Z8PID_initP12pid_type_defhPKfff
                0x0000000008006206       0xae ./Core/Src/pid.o
                0x0000000008006206                PID_init(pid_type_def*, unsigned char, float const*, float, float)
 .text._Z8PID_calcP12pid_type_defff
                0x00000000080062b4      0x290 ./Core/Src/pid.o
                0x00000000080062b4                PID_calc(pid_type_def*, float, float)
 .text.HAL_MspInit
                0x0000000008006544       0x58 ./Core/Src/stm32f4xx_hal_msp.o
                0x0000000008006544                HAL_MspInit
 .text.HAL_ADC_MspInit
                0x000000000800659c       0xec ./Core/Src/stm32f4xx_hal_msp.o
                0x000000000800659c                HAL_ADC_MspInit
 .text.HAL_I2C_MspInit
                0x0000000008006688       0x90 ./Core/Src/stm32f4xx_hal_msp.o
                0x0000000008006688                HAL_I2C_MspInit
 .text.HAL_TIM_Base_MspInit
                0x0000000008006718       0xfc ./Core/Src/stm32f4xx_hal_msp.o
                0x0000000008006718                HAL_TIM_Base_MspInit
 .text.HAL_TIM_Encoder_MspInit
                0x0000000008006814      0x134 ./Core/Src/stm32f4xx_hal_msp.o
                0x0000000008006814                HAL_TIM_Encoder_MspInit
 .text.HAL_TIM_MspPostInit
                0x0000000008006948       0x74 ./Core/Src/stm32f4xx_hal_msp.o
                0x0000000008006948                HAL_TIM_MspPostInit
 .text.HAL_UART_MspInit
                0x00000000080069bc      0x1b0 ./Core/Src/stm32f4xx_hal_msp.o
                0x00000000080069bc                HAL_UART_MspInit
 .text.HAL_InitTick
                0x0000000008006b6c       0xf8 ./Core/Src/stm32f4xx_hal_timebase_tim.o
                0x0000000008006b6c                HAL_InitTick
 .text.NMI_Handler
                0x0000000008006c64        0x6 ./Core/Src/stm32f4xx_it.o
                0x0000000008006c64                NMI_Handler
 .text.HardFault_Handler
                0x0000000008006c6a        0x6 ./Core/Src/stm32f4xx_it.o
                0x0000000008006c6a                HardFault_Handler
 .text.MemManage_Handler
                0x0000000008006c70        0x6 ./Core/Src/stm32f4xx_it.o
                0x0000000008006c70                MemManage_Handler
 .text.BusFault_Handler
                0x0000000008006c76        0x6 ./Core/Src/stm32f4xx_it.o
                0x0000000008006c76                BusFault_Handler
 .text.UsageFault_Handler
                0x0000000008006c7c        0x6 ./Core/Src/stm32f4xx_it.o
                0x0000000008006c7c                UsageFault_Handler
 .text.DebugMon_Handler
                0x0000000008006c82        0xe ./Core/Src/stm32f4xx_it.o
                0x0000000008006c82                DebugMon_Handler
 .text.DMA1_Stream1_IRQHandler
                0x0000000008006c90       0x14 ./Core/Src/stm32f4xx_it.o
                0x0000000008006c90                DMA1_Stream1_IRQHandler
 .text.DMA1_Stream3_IRQHandler
                0x0000000008006ca4       0x14 ./Core/Src/stm32f4xx_it.o
                0x0000000008006ca4                DMA1_Stream3_IRQHandler
 .text.EXTI9_5_IRQHandler
                0x0000000008006cb8       0x10 ./Core/Src/stm32f4xx_it.o
                0x0000000008006cb8                EXTI9_5_IRQHandler
 .text.USART3_IRQHandler
                0x0000000008006cc8       0x14 ./Core/Src/stm32f4xx_it.o
                0x0000000008006cc8                USART3_IRQHandler
 .text.TIM7_IRQHandler
                0x0000000008006cdc       0x14 ./Core/Src/stm32f4xx_it.o
                0x0000000008006cdc                TIM7_IRQHandler
 .text._getpid  0x0000000008006cf0       0x10 ./Core/Src/syscalls.o
                0x0000000008006cf0                _getpid
 .text._kill    0x0000000008006d00       0x20 ./Core/Src/syscalls.o
                0x0000000008006d00                _kill
 .text._exit    0x0000000008006d20       0x14 ./Core/Src/syscalls.o
                0x0000000008006d20                _exit
 .text._read    0x0000000008006d34       0x3a ./Core/Src/syscalls.o
                0x0000000008006d34                _read
 .text._write   0x0000000008006d6e       0x38 ./Core/Src/syscalls.o
                0x0000000008006d6e                _write
 .text._close   0x0000000008006da6       0x18 ./Core/Src/syscalls.o
                0x0000000008006da6                _close
 .text._fstat   0x0000000008006dbe       0x20 ./Core/Src/syscalls.o
                0x0000000008006dbe                _fstat
 .text._isatty  0x0000000008006dde       0x16 ./Core/Src/syscalls.o
                0x0000000008006dde                _isatty
 .text._lseek   0x0000000008006df4       0x1a ./Core/Src/syscalls.o
                0x0000000008006df4                _lseek
 *fill*         0x0000000008006e0e        0x2 
 .text._sbrk    0x0000000008006e10       0x6c ./Core/Src/sysmem.o
                0x0000000008006e10                _sbrk
 .text.SystemInit
                0x0000000008006e7c       0x24 ./Core/Src/system_stm32f4xx.o
                0x0000000008006e7c                SystemInit
 .text.Reset_Handler
                0x0000000008006ea0       0x50 ./Core/Startup/startup_stm32f407vetx.o
                0x0000000008006ea0                Reset_Handler
 .text.Default_Handler
                0x0000000008006ef0        0x2 ./Core/Startup/startup_stm32f407vetx.o
                0x0000000008006ef0                RTC_Alarm_IRQHandler
                0x0000000008006ef0                HASH_RNG_IRQHandler
                0x0000000008006ef0                EXTI2_IRQHandler
                0x0000000008006ef0                TIM8_CC_IRQHandler
                0x0000000008006ef0                TIM1_CC_IRQHandler
                0x0000000008006ef0                DMA2_Stream5_IRQHandler
                0x0000000008006ef0                DMA1_Stream5_IRQHandler
                0x0000000008006ef0                PVD_IRQHandler
                0x0000000008006ef0                SDIO_IRQHandler
                0x0000000008006ef0                TAMP_STAMP_IRQHandler
                0x0000000008006ef0                CAN2_RX1_IRQHandler
                0x0000000008006ef0                EXTI3_IRQHandler
                0x0000000008006ef0                TIM8_TRG_COM_TIM14_IRQHandler
                0x0000000008006ef0                TIM1_UP_TIM10_IRQHandler
                0x0000000008006ef0                TIM8_UP_TIM13_IRQHandler
                0x0000000008006ef0                I2C3_ER_IRQHandler
                0x0000000008006ef0                EXTI0_IRQHandler
                0x0000000008006ef0                I2C2_EV_IRQHandler
                0x0000000008006ef0                DMA1_Stream2_IRQHandler
                0x0000000008006ef0                CAN1_RX0_IRQHandler
                0x0000000008006ef0                FPU_IRQHandler
                0x0000000008006ef0                OTG_HS_WKUP_IRQHandler
                0x0000000008006ef0                CAN2_SCE_IRQHandler
                0x0000000008006ef0                DMA2_Stream2_IRQHandler
                0x0000000008006ef0                SPI1_IRQHandler
                0x0000000008006ef0                TIM6_DAC_IRQHandler
                0x0000000008006ef0                TIM1_BRK_TIM9_IRQHandler
                0x0000000008006ef0                DCMI_IRQHandler
                0x0000000008006ef0                CAN2_RX0_IRQHandler
                0x0000000008006ef0                DMA2_Stream3_IRQHandler
                0x0000000008006ef0                USART6_IRQHandler
                0x0000000008006ef0                CAN1_RX1_IRQHandler
                0x0000000008006ef0                UART5_IRQHandler
                0x0000000008006ef0                DMA2_Stream0_IRQHandler
                0x0000000008006ef0                TIM4_IRQHandler
                0x0000000008006ef0                I2C1_EV_IRQHandler
                0x0000000008006ef0                DMA1_Stream6_IRQHandler
                0x0000000008006ef0                UART4_IRQHandler
                0x0000000008006ef0                TIM3_IRQHandler
                0x0000000008006ef0                RCC_IRQHandler
                0x0000000008006ef0                TIM8_BRK_TIM12_IRQHandler
                0x0000000008006ef0                Default_Handler
                0x0000000008006ef0                EXTI15_10_IRQHandler
                0x0000000008006ef0                ADC_IRQHandler
                0x0000000008006ef0                DMA1_Stream7_IRQHandler
                0x0000000008006ef0                CAN2_TX_IRQHandler
                0x0000000008006ef0                TIM5_IRQHandler
                0x0000000008006ef0                DMA2_Stream7_IRQHandler
                0x0000000008006ef0                I2C3_EV_IRQHandler
                0x0000000008006ef0                RTC_WKUP_IRQHandler
                0x0000000008006ef0                ETH_WKUP_IRQHandler
                0x0000000008006ef0                SPI2_IRQHandler
                0x0000000008006ef0                OTG_HS_EP1_IN_IRQHandler
                0x0000000008006ef0                DMA1_Stream0_IRQHandler
                0x0000000008006ef0                CAN1_TX_IRQHandler
                0x0000000008006ef0                EXTI4_IRQHandler
                0x0000000008006ef0                FSMC_IRQHandler
                0x0000000008006ef0                ETH_IRQHandler
                0x0000000008006ef0                OTG_HS_EP1_OUT_IRQHandler
                0x0000000008006ef0                WWDG_IRQHandler
                0x0000000008006ef0                TIM2_IRQHandler
                0x0000000008006ef0                OTG_FS_WKUP_IRQHandler
                0x0000000008006ef0                TIM1_TRG_COM_TIM11_IRQHandler
                0x0000000008006ef0                OTG_HS_IRQHandler
                0x0000000008006ef0                EXTI1_IRQHandler
                0x0000000008006ef0                USART2_IRQHandler
                0x0000000008006ef0                I2C2_ER_IRQHandler
                0x0000000008006ef0                DMA2_Stream1_IRQHandler
                0x0000000008006ef0                CAN1_SCE_IRQHandler
                0x0000000008006ef0                FLASH_IRQHandler
                0x0000000008006ef0                DMA2_Stream4_IRQHandler
                0x0000000008006ef0                USART1_IRQHandler
                0x0000000008006ef0                OTG_FS_IRQHandler
                0x0000000008006ef0                SPI3_IRQHandler
                0x0000000008006ef0                DMA1_Stream4_IRQHandler
                0x0000000008006ef0                I2C1_ER_IRQHandler
                0x0000000008006ef0                DMA2_Stream6_IRQHandler
 .text.stm32_lock_init
                0x0000000008006ef2       0x42 ./Core/ThreadSafe/newlib_lock_glue.o
 .text.stm32_lock_acquire
                0x0000000008006f34       0x60 ./Core/ThreadSafe/newlib_lock_glue.o
 .text.stm32_lock_release
                0x0000000008006f94       0x54 ./Core/ThreadSafe/newlib_lock_glue.o
 .text.__retarget_lock_init_recursive
                0x0000000008006fe8       0x4c ./Core/ThreadSafe/newlib_lock_glue.o
                0x0000000008006fe8                __retarget_lock_init_recursive
 .text.__retarget_lock_acquire_recursive
                0x0000000008007034       0x28 ./Core/ThreadSafe/newlib_lock_glue.o
                0x0000000008007034                __retarget_lock_acquire_recursive
 .text.__retarget_lock_release_recursive
                0x000000000800705c       0x28 ./Core/ThreadSafe/newlib_lock_glue.o
                0x000000000800705c                __retarget_lock_release_recursive
 .text.HAL_Init
                0x0000000008007084       0x44 ./Drivers/STM32F4xx_HAL_Driver/Src/stm32f4xx_hal.o
                0x0000000008007084                HAL_Init
 .text.HAL_IncTick
                0x00000000080070c8       0x28 ./Drivers/STM32F4xx_HAL_Driver/Src/stm32f4xx_hal.o
                0x00000000080070c8                HAL_IncTick
 .text.HAL_GetTick
                0x00000000080070f0       0x18 ./Drivers/STM32F4xx_HAL_Driver/Src/stm32f4xx_hal.o
                0x00000000080070f0                HAL_GetTick
 .text.HAL_Delay
                0x0000000008007108       0x48 ./Drivers/STM32F4xx_HAL_Driver/Src/stm32f4xx_hal.o
                0x0000000008007108                HAL_Delay
 .text.HAL_ADC_Init
                0x0000000008007150       0x86 ./Drivers/STM32F4xx_HAL_Driver/Src/stm32f4xx_hal_adc.o
                0x0000000008007150                HAL_ADC_Init
 *fill*         0x00000000080071d6        0x2 
 .text.HAL_ADC_Start
                0x00000000080071d8      0x1a4 ./Drivers/STM32F4xx_HAL_Driver/Src/stm32f4xx_hal_adc.o
                0x00000000080071d8                HAL_ADC_Start
 .text.HAL_ADC_Stop
                0x000000000800737c       0x66 ./Drivers/STM32F4xx_HAL_Driver/Src/stm32f4xx_hal_adc.o
                0x000000000800737c                HAL_ADC_Stop
 .text.HAL_ADC_PollForConversion
                0x00000000080073e2      0x116 ./Drivers/STM32F4xx_HAL_Driver/Src/stm32f4xx_hal_adc.o
                0x00000000080073e2                HAL_ADC_PollForConversion
 .text.HAL_ADC_GetValue
                0x00000000080074f8       0x1a ./Drivers/STM32F4xx_HAL_Driver/Src/stm32f4xx_hal_adc.o
                0x00000000080074f8                HAL_ADC_GetValue
 *fill*         0x0000000008007512        0x2 
 .text.HAL_ADC_ConfigChannel
                0x0000000008007514      0x244 ./Drivers/STM32F4xx_HAL_Driver/Src/stm32f4xx_hal_adc.o
                0x0000000008007514                HAL_ADC_ConfigChannel
 .text.ADC_Init
                0x0000000008007758      0x1f8 ./Drivers/STM32F4xx_HAL_Driver/Src/stm32f4xx_hal_adc.o
 .text.__NVIC_SetPriorityGrouping
                0x0000000008007950       0x48 ./Drivers/STM32F4xx_HAL_Driver/Src/stm32f4xx_hal_cortex.o
 .text.__NVIC_GetPriorityGrouping
                0x0000000008007998       0x1c ./Drivers/STM32F4xx_HAL_Driver/Src/stm32f4xx_hal_cortex.o
 .text.__NVIC_EnableIRQ
                0x00000000080079b4       0x3c ./Drivers/STM32F4xx_HAL_Driver/Src/stm32f4xx_hal_cortex.o
 .text.__NVIC_SetPriority
                0x00000000080079f0       0x54 ./Drivers/STM32F4xx_HAL_Driver/Src/stm32f4xx_hal_cortex.o
 .text.NVIC_EncodePriority
                0x0000000008007a44       0x66 ./Drivers/STM32F4xx_HAL_Driver/Src/stm32f4xx_hal_cortex.o
 .text.HAL_NVIC_SetPriorityGrouping
                0x0000000008007aaa       0x16 ./Drivers/STM32F4xx_HAL_Driver/Src/stm32f4xx_hal_cortex.o
                0x0000000008007aaa                HAL_NVIC_SetPriorityGrouping
 .text.HAL_NVIC_SetPriority
                0x0000000008007ac0       0x38 ./Drivers/STM32F4xx_HAL_Driver/Src/stm32f4xx_hal_cortex.o
                0x0000000008007ac0                HAL_NVIC_SetPriority
 .text.HAL_NVIC_EnableIRQ
                0x0000000008007af8       0x1c ./Drivers/STM32F4xx_HAL_Driver/Src/stm32f4xx_hal_cortex.o
                0x0000000008007af8                HAL_NVIC_EnableIRQ
 .text.HAL_DMA_Init
                0x0000000008007b14      0x15c ./Drivers/STM32F4xx_HAL_Driver/Src/stm32f4xx_hal_dma.o
                0x0000000008007b14                HAL_DMA_Init
 .text.HAL_DMA_Start_IT
                0x0000000008007c70       0xb0 ./Drivers/STM32F4xx_HAL_Driver/Src/stm32f4xx_hal_dma.o
                0x0000000008007c70                HAL_DMA_Start_IT
 .text.HAL_DMA_Abort
                0x0000000008007d20       0xe0 ./Drivers/STM32F4xx_HAL_Driver/Src/stm32f4xx_hal_dma.o
                0x0000000008007d20                HAL_DMA_Abort
 .text.HAL_DMA_Abort_IT
                0x0000000008007e00       0x44 ./Drivers/STM32F4xx_HAL_Driver/Src/stm32f4xx_hal_dma.o
                0x0000000008007e00                HAL_DMA_Abort_IT
 .text.HAL_DMA_IRQHandler
                0x0000000008007e44      0x314 ./Drivers/STM32F4xx_HAL_Driver/Src/stm32f4xx_hal_dma.o
                0x0000000008007e44                HAL_DMA_IRQHandler
 .text.DMA_SetConfig
                0x0000000008008158       0x5c ./Drivers/STM32F4xx_HAL_Driver/Src/stm32f4xx_hal_dma.o
 .text.DMA_CalcBaseAndBitshift
                0x00000000080081b4       0x6c ./Drivers/STM32F4xx_HAL_Driver/Src/stm32f4xx_hal_dma.o
 .text.DMA_CheckFifoParam
                0x0000000008008220       0xf8 ./Drivers/STM32F4xx_HAL_Driver/Src/stm32f4xx_hal_dma.o
 .text.HAL_GPIO_Init
                0x0000000008008318      0x338 ./Drivers/STM32F4xx_HAL_Driver/Src/stm32f4xx_hal_gpio.o
                0x0000000008008318                HAL_GPIO_Init
 .text.HAL_GPIO_WritePin
                0x0000000008008650       0x32 ./Drivers/STM32F4xx_HAL_Driver/Src/stm32f4xx_hal_gpio.o
                0x0000000008008650                HAL_GPIO_WritePin
 .text.HAL_GPIO_TogglePin
                0x0000000008008682       0x34 ./Drivers/STM32F4xx_HAL_Driver/Src/stm32f4xx_hal_gpio.o
                0x0000000008008682                HAL_GPIO_TogglePin
 *fill*         0x00000000080086b6        0x2 
 .text.HAL_GPIO_EXTI_IRQHandler
                0x00000000080086b8       0x30 ./Drivers/STM32F4xx_HAL_Driver/Src/stm32f4xx_hal_gpio.o
                0x00000000080086b8                HAL_GPIO_EXTI_IRQHandler
 .text.HAL_I2C_Init
                0x00000000080086e8      0x288 ./Drivers/STM32F4xx_HAL_Driver/Src/stm32f4xx_hal_i2c.o
                0x00000000080086e8                HAL_I2C_Init
 .text.HAL_I2C_Mem_Write
                0x0000000008008970      0x1f4 ./Drivers/STM32F4xx_HAL_Driver/Src/stm32f4xx_hal_i2c.o
                0x0000000008008970                HAL_I2C_Mem_Write
 .text.HAL_I2C_Mem_Read
                0x0000000008008b64      0x44c ./Drivers/STM32F4xx_HAL_Driver/Src/stm32f4xx_hal_i2c.o
                0x0000000008008b64                HAL_I2C_Mem_Read
 .text.HAL_I2C_IsDeviceReady
                0x0000000008008fb0      0x25c ./Drivers/STM32F4xx_HAL_Driver/Src/stm32f4xx_hal_i2c.o
                0x0000000008008fb0                HAL_I2C_IsDeviceReady
 .text.I2C_RequestMemoryWrite
                0x000000000800920c      0x12c ./Drivers/STM32F4xx_HAL_Driver/Src/stm32f4xx_hal_i2c.o
 .text.I2C_RequestMemoryRead
                0x0000000008009338      0x1d0 ./Drivers/STM32F4xx_HAL_Driver/Src/stm32f4xx_hal_i2c.o
 .text.I2C_WaitOnFlagUntilTimeout
                0x0000000008009508       0xae ./Drivers/STM32F4xx_HAL_Driver/Src/stm32f4xx_hal_i2c.o
 .text.I2C_WaitOnMasterAddressFlagUntilTimeout
                0x00000000080095b6       0xfe ./Drivers/STM32F4xx_HAL_Driver/Src/stm32f4xx_hal_i2c.o
 .text.I2C_WaitOnTXEFlagUntilTimeout
                0x00000000080096b4       0x82 ./Drivers/STM32F4xx_HAL_Driver/Src/stm32f4xx_hal_i2c.o
 .text.I2C_WaitOnBTFFlagUntilTimeout
                0x0000000008009736       0x82 ./Drivers/STM32F4xx_HAL_Driver/Src/stm32f4xx_hal_i2c.o
 .text.I2C_WaitOnRXNEFlagUntilTimeout
                0x00000000080097b8       0xac ./Drivers/STM32F4xx_HAL_Driver/Src/stm32f4xx_hal_i2c.o
 .text.I2C_IsAcknowledgeFailed
                0x0000000008009864       0x5e ./Drivers/STM32F4xx_HAL_Driver/Src/stm32f4xx_hal_i2c.o
 *fill*         0x00000000080098c2        0x2 
 .text.HAL_PWR_EnableBkUpAccess
                0x00000000080098c4       0x28 ./Drivers/STM32F4xx_HAL_Driver/Src/stm32f4xx_hal_pwr.o
                0x00000000080098c4                HAL_PWR_EnableBkUpAccess
 .text.HAL_PWR_DisableBkUpAccess
                0x00000000080098ec       0x28 ./Drivers/STM32F4xx_HAL_Driver/Src/stm32f4xx_hal_pwr.o
                0x00000000080098ec                HAL_PWR_DisableBkUpAccess
 .text.HAL_RCC_OscConfig
                0x0000000008009914      0x4f0 ./Drivers/STM32F4xx_HAL_Driver/Src/stm32f4xx_hal_rcc.o
                0x0000000008009914                HAL_RCC_OscConfig
 .text.HAL_RCC_ClockConfig
                0x0000000008009e04      0x1cc ./Drivers/STM32F4xx_HAL_Driver/Src/stm32f4xx_hal_rcc.o
                0x0000000008009e04                HAL_RCC_ClockConfig
 .text.HAL_RCC_GetSysClockFreq
                0x0000000008009fd0      0x20c ./Drivers/STM32F4xx_HAL_Driver/Src/stm32f4xx_hal_rcc.o
                0x0000000008009fd0                HAL_RCC_GetSysClockFreq
 .text.HAL_RCC_GetHCLKFreq
                0x000000000800a1dc       0x18 ./Drivers/STM32F4xx_HAL_Driver/Src/stm32f4xx_hal_rcc.o
                0x000000000800a1dc                HAL_RCC_GetHCLKFreq
 .text.HAL_RCC_GetPCLK1Freq
                0x000000000800a1f4       0x28 ./Drivers/STM32F4xx_HAL_Driver/Src/stm32f4xx_hal_rcc.o
                0x000000000800a1f4                HAL_RCC_GetPCLK1Freq
 .text.HAL_RCC_GetPCLK2Freq
                0x000000000800a21c       0x28 ./Drivers/STM32F4xx_HAL_Driver/Src/stm32f4xx_hal_rcc.o
                0x000000000800a21c                HAL_RCC_GetPCLK2Freq
 .text.HAL_RCC_GetClockConfig
                0x000000000800a244       0x64 ./Drivers/STM32F4xx_HAL_Driver/Src/stm32f4xx_hal_rcc.o
                0x000000000800a244                HAL_RCC_GetClockConfig
 .text.HAL_TIM_Base_Init
                0x000000000800a2a8       0x9e ./Drivers/STM32F4xx_HAL_Driver/Src/stm32f4xx_hal_tim.o
                0x000000000800a2a8                HAL_TIM_Base_Init
 *fill*         0x000000000800a346        0x2 
 .text.HAL_TIM_Base_Start_IT
                0x000000000800a348       0xe0 ./Drivers/STM32F4xx_HAL_Driver/Src/stm32f4xx_hal_tim.o
                0x000000000800a348                HAL_TIM_Base_Start_IT
 .text.HAL_TIM_PWM_Init
                0x000000000800a428       0x9e ./Drivers/STM32F4xx_HAL_Driver/Src/stm32f4xx_hal_tim.o
                0x000000000800a428                HAL_TIM_PWM_Init
 .text.HAL_TIM_PWM_MspInit
                0x000000000800a4c6       0x14 ./Drivers/STM32F4xx_HAL_Driver/Src/stm32f4xx_hal_tim.o
                0x000000000800a4c6                HAL_TIM_PWM_MspInit
 *fill*         0x000000000800a4da        0x2 
 .text.HAL_TIM_PWM_Start
                0x000000000800a4dc      0x190 ./Drivers/STM32F4xx_HAL_Driver/Src/stm32f4xx_hal_tim.o
                0x000000000800a4dc                HAL_TIM_PWM_Start
 .text.HAL_TIM_Encoder_Init
                0x000000000800a66c      0x14c ./Drivers/STM32F4xx_HAL_Driver/Src/stm32f4xx_hal_tim.o
                0x000000000800a66c                HAL_TIM_Encoder_Init
 .text.HAL_TIM_Encoder_Start
                0x000000000800a7b8      0x11c ./Drivers/STM32F4xx_HAL_Driver/Src/stm32f4xx_hal_tim.o
                0x000000000800a7b8                HAL_TIM_Encoder_Start
 .text.HAL_TIM_IRQHandler
                0x000000000800a8d4      0x210 ./Drivers/STM32F4xx_HAL_Driver/Src/stm32f4xx_hal_tim.o
                0x000000000800a8d4                HAL_TIM_IRQHandler
 .text.HAL_TIM_PWM_ConfigChannel
                0x000000000800aae4      0x184 ./Drivers/STM32F4xx_HAL_Driver/Src/stm32f4xx_hal_tim.o
                0x000000000800aae4                HAL_TIM_PWM_ConfigChannel
 .text.HAL_TIM_ConfigClockSource
                0x000000000800ac68      0x18e ./Drivers/STM32F4xx_HAL_Driver/Src/stm32f4xx_hal_tim.o
                0x000000000800ac68                HAL_TIM_ConfigClockSource
 .text.HAL_TIM_OC_DelayElapsedCallback
                0x000000000800adf6       0x14 ./Drivers/STM32F4xx_HAL_Driver/Src/stm32f4xx_hal_tim.o
                0x000000000800adf6                HAL_TIM_OC_DelayElapsedCallback
 .text.HAL_TIM_IC_CaptureCallback
                0x000000000800ae0a       0x14 ./Drivers/STM32F4xx_HAL_Driver/Src/stm32f4xx_hal_tim.o
                0x000000000800ae0a                HAL_TIM_IC_CaptureCallback
 .text.HAL_TIM_PWM_PulseFinishedCallback
                0x000000000800ae1e       0x14 ./Drivers/STM32F4xx_HAL_Driver/Src/stm32f4xx_hal_tim.o
                0x000000000800ae1e                HAL_TIM_PWM_PulseFinishedCallback
 .text.HAL_TIM_TriggerCallback
                0x000000000800ae32       0x14 ./Drivers/STM32F4xx_HAL_Driver/Src/stm32f4xx_hal_tim.o
                0x000000000800ae32                HAL_TIM_TriggerCallback
 *fill*         0x000000000800ae46        0x2 
 .text.TIM_Base_SetConfig
                0x000000000800ae48      0x140 ./Drivers/STM32F4xx_HAL_Driver/Src/stm32f4xx_hal_tim.o
                0x000000000800ae48                TIM_Base_SetConfig
 .text.TIM_OC1_SetConfig
                0x000000000800af88       0xe0 ./Drivers/STM32F4xx_HAL_Driver/Src/stm32f4xx_hal_tim.o
 .text.TIM_OC2_SetConfig
                0x000000000800b068       0xec ./Drivers/STM32F4xx_HAL_Driver/Src/stm32f4xx_hal_tim.o
                0x000000000800b068                TIM_OC2_SetConfig
 .text.TIM_OC3_SetConfig
                0x000000000800b154       0xe8 ./Drivers/STM32F4xx_HAL_Driver/Src/stm32f4xx_hal_tim.o
 .text.TIM_OC4_SetConfig
                0x000000000800b23c       0xac ./Drivers/STM32F4xx_HAL_Driver/Src/stm32f4xx_hal_tim.o
 .text.TIM_TI1_ConfigInputStage
                0x000000000800b2e8       0x5e ./Drivers/STM32F4xx_HAL_Driver/Src/stm32f4xx_hal_tim.o
 .text.TIM_TI2_ConfigInputStage
                0x000000000800b346       0x60 ./Drivers/STM32F4xx_HAL_Driver/Src/stm32f4xx_hal_tim.o
 .text.TIM_ITRx_SetConfig
                0x000000000800b3a6       0x36 ./Drivers/STM32F4xx_HAL_Driver/Src/stm32f4xx_hal_tim.o
 .text.TIM_ETR_SetConfig
                0x000000000800b3dc       0x40 ./Drivers/STM32F4xx_HAL_Driver/Src/stm32f4xx_hal_tim.o
                0x000000000800b3dc                TIM_ETR_SetConfig
 .text.TIM_CCxChannelCmd
                0x000000000800b41c       0x4a ./Drivers/STM32F4xx_HAL_Driver/Src/stm32f4xx_hal_tim.o
                0x000000000800b41c                TIM_CCxChannelCmd
 *fill*         0x000000000800b466        0x2 
 .text.HAL_TIMEx_MasterConfigSynchronization
                0x000000000800b468       0xf8 ./Drivers/STM32F4xx_HAL_Driver/Src/stm32f4xx_hal_tim_ex.o
                0x000000000800b468                HAL_TIMEx_MasterConfigSynchronization
 .text.HAL_TIMEx_ConfigBreakDeadTime
                0x000000000800b560       0xa4 ./Drivers/STM32F4xx_HAL_Driver/Src/stm32f4xx_hal_tim_ex.o
                0x000000000800b560                HAL_TIMEx_ConfigBreakDeadTime
 .text.HAL_TIMEx_CommutCallback
                0x000000000800b604       0x14 ./Drivers/STM32F4xx_HAL_Driver/Src/stm32f4xx_hal_tim_ex.o
                0x000000000800b604                HAL_TIMEx_CommutCallback
 .text.HAL_TIMEx_BreakCallback
                0x000000000800b618       0x14 ./Drivers/STM32F4xx_HAL_Driver/Src/stm32f4xx_hal_tim_ex.o
                0x000000000800b618                HAL_TIMEx_BreakCallback
 .text.HAL_UART_Init
                0x000000000800b62c       0xb4 ./Drivers/STM32F4xx_HAL_Driver/Src/stm32f4xx_hal_uart.o
                0x000000000800b62c                HAL_UART_Init
 .text.HAL_UART_Transmit
                0x000000000800b6e0      0x124 ./Drivers/STM32F4xx_HAL_Driver/Src/stm32f4xx_hal_uart.o
                0x000000000800b6e0                HAL_UART_Transmit
 .text.HAL_UART_Receive_DMA
                0x000000000800b804       0x60 ./Drivers/STM32F4xx_HAL_Driver/Src/stm32f4xx_hal_uart.o
                0x000000000800b804                HAL_UART_Receive_DMA
 .text.HAL_UART_DMAStop
                0x000000000800b864       0xfe ./Drivers/STM32F4xx_HAL_Driver/Src/stm32f4xx_hal_uart.o
                0x000000000800b864                HAL_UART_DMAStop
 *fill*         0x000000000800b962        0x2 
 .text.HAL_UART_IRQHandler
                0x000000000800b964      0x524 ./Drivers/STM32F4xx_HAL_Driver/Src/stm32f4xx_hal_uart.o
                0x000000000800b964                HAL_UART_IRQHandler
 .text.HAL_UART_TxCpltCallback
                0x000000000800be88       0x14 ./Drivers/STM32F4xx_HAL_Driver/Src/stm32f4xx_hal_uart.o
                0x000000000800be88                HAL_UART_TxCpltCallback
 .text.HAL_UART_TxHalfCpltCallback
                0x000000000800be9c       0x14 ./Drivers/STM32F4xx_HAL_Driver/Src/stm32f4xx_hal_uart.o
                0x000000000800be9c                HAL_UART_TxHalfCpltCallback
 .text.HAL_UART_RxHalfCpltCallback
                0x000000000800beb0       0x14 ./Drivers/STM32F4xx_HAL_Driver/Src/stm32f4xx_hal_uart.o
                0x000000000800beb0                HAL_UART_RxHalfCpltCallback
 .text.HAL_UART_ErrorCallback
                0x000000000800bec4       0x14 ./Drivers/STM32F4xx_HAL_Driver/Src/stm32f4xx_hal_uart.o
                0x000000000800bec4                HAL_UART_ErrorCallback
 .text.HAL_UART_AbortCpltCallback
                0x000000000800bed8       0x14 ./Drivers/STM32F4xx_HAL_Driver/Src/stm32f4xx_hal_uart.o
                0x000000000800bed8                HAL_UART_AbortCpltCallback
 .text.HAL_UART_AbortTransmitCpltCallback
                0x000000000800beec       0x14 ./Drivers/STM32F4xx_HAL_Driver/Src/stm32f4xx_hal_uart.o
                0x000000000800beec                HAL_UART_AbortTransmitCpltCallback
 .text.HAL_UART_AbortReceiveCpltCallback
                0x000000000800bf00       0x14 ./Drivers/STM32F4xx_HAL_Driver/Src/stm32f4xx_hal_uart.o
                0x000000000800bf00                HAL_UART_AbortReceiveCpltCallback
 .text.HAL_UARTEx_RxEventCallback
                0x000000000800bf14       0x18 ./Drivers/STM32F4xx_HAL_Driver/Src/stm32f4xx_hal_uart.o
                0x000000000800bf14                HAL_UARTEx_RxEventCallback
 .text.UART_InitCallbacksToDefault
                0x000000000800bf2c       0x70 ./Drivers/STM32F4xx_HAL_Driver/Src/stm32f4xx_hal_uart.o
                0x000000000800bf2c                UART_InitCallbacksToDefault
 .text.UART_DMAReceiveCplt
                0x000000000800bf9c      0x12a ./Drivers/STM32F4xx_HAL_Driver/Src/stm32f4xx_hal_uart.o
 .text.UART_DMARxHalfCplt
                0x000000000800c0c6       0x3a ./Drivers/STM32F4xx_HAL_Driver/Src/stm32f4xx_hal_uart.o
 .text.UART_DMAError
                0x000000000800c100       0x96 ./Drivers/STM32F4xx_HAL_Driver/Src/stm32f4xx_hal_uart.o
 .text.UART_WaitOnFlagUntilTimeout
                0x000000000800c196       0xdc ./Drivers/STM32F4xx_HAL_Driver/Src/stm32f4xx_hal_uart.o
 *fill*         0x000000000800c272        0x2 
 .text.UART_Start_Receive_DMA
                0x000000000800c274      0x13c ./Drivers/STM32F4xx_HAL_Driver/Src/stm32f4xx_hal_uart.o
                0x000000000800c274                UART_Start_Receive_DMA
 .text.UART_EndTxTransfer
                0x000000000800c3b0       0x50 ./Drivers/STM32F4xx_HAL_Driver/Src/stm32f4xx_hal_uart.o
 .text.UART_EndRxTransfer
                0x000000000800c400       0xc6 ./Drivers/STM32F4xx_HAL_Driver/Src/stm32f4xx_hal_uart.o
 .text.UART_DMAAbortOnError
                0x000000000800c4c6       0x2a ./Drivers/STM32F4xx_HAL_Driver/Src/stm32f4xx_hal_uart.o
 .text.UART_Transmit_IT
                0x000000000800c4f0       0xa0 ./Drivers/STM32F4xx_HAL_Driver/Src/stm32f4xx_hal_uart.o
 .text.UART_EndTransmit_IT
                0x000000000800c590       0x32 ./Drivers/STM32F4xx_HAL_Driver/Src/stm32f4xx_hal_uart.o
 .text.UART_Receive_IT
                0x000000000800c5c2      0x17a ./Drivers/STM32F4xx_HAL_Driver/Src/stm32f4xx_hal_uart.o
 .text.UART_SetConfig
                0x000000000800c73c      0x4e8 ./Drivers/STM32F4xx_HAL_Driver/Src/stm32f4xx_hal_uart.o
 .text.__NVIC_SetPriority
                0x000000000800cc24       0x54 ./Middlewares/Third_Party/FreeRTOS/Source/CMSIS_RTOS_V2/cmsis_os2.o
 .text.SysTick_Handler
                0x000000000800cc78       0x20 ./Middlewares/Third_Party/FreeRTOS/Source/CMSIS_RTOS_V2/cmsis_os2.o
                0x000000000800cc78                SysTick_Handler
 .text.SVC_Setup
                0x000000000800cc98       0x12 ./Middlewares/Third_Party/FreeRTOS/Source/CMSIS_RTOS_V2/cmsis_os2.o
 *fill*         0x000000000800ccaa        0x2 
 .text.osKernelInitialize
                0x000000000800ccac       0x48 ./Middlewares/Third_Party/FreeRTOS/Source/CMSIS_RTOS_V2/cmsis_os2.o
                0x000000000800ccac                osKernelInitialize
 .text.osKernelStart
                0x000000000800ccf4       0x4c ./Middlewares/Third_Party/FreeRTOS/Source/CMSIS_RTOS_V2/cmsis_os2.o
                0x000000000800ccf4                osKernelStart
 .text.osThreadNew
                0x000000000800cd40      0x126 ./Middlewares/Third_Party/FreeRTOS/Source/CMSIS_RTOS_V2/cmsis_os2.o
                0x000000000800cd40                osThreadNew
 *fill*         0x000000000800ce66        0x2 
 .text.osThreadYield
                0x000000000800ce68       0x40 ./Middlewares/Third_Party/FreeRTOS/Source/CMSIS_RTOS_V2/cmsis_os2.o
                0x000000000800ce68                osThreadYield
 .text.osDelay  0x000000000800cea8       0x36 ./Middlewares/Third_Party/FreeRTOS/Source/CMSIS_RTOS_V2/cmsis_os2.o
                0x000000000800cea8                osDelay
 .text.osMessageQueueNew
                0x000000000800cede       0xe6 ./Middlewares/Third_Party/FreeRTOS/Source/CMSIS_RTOS_V2/cmsis_os2.o
                0x000000000800cede                osMessageQueueNew
 .text.osMessageQueuePut
                0x000000000800cfc4       0xc0 ./Middlewares/Third_Party/FreeRTOS/Source/CMSIS_RTOS_V2/cmsis_os2.o
                0x000000000800cfc4                osMessageQueuePut
 .text.osMessageQueueGet
                0x000000000800d084       0xbc ./Middlewares/Third_Party/FreeRTOS/Source/CMSIS_RTOS_V2/cmsis_os2.o
                0x000000000800d084                osMessageQueueGet
 .text.osMessageQueueGetCount
                0x000000000800d140       0x40 ./Middlewares/Third_Party/FreeRTOS/Source/CMSIS_RTOS_V2/cmsis_os2.o
                0x000000000800d140                osMessageQueueGetCount
 .text.osMessageQueueReset
                0x000000000800d180       0x44 ./Middlewares/Third_Party/FreeRTOS/Source/CMSIS_RTOS_V2/cmsis_os2.o
                0x000000000800d180                osMessageQueueReset
 .text.vApplicationGetIdleTaskMemory
                0x000000000800d1c4       0x34 ./Middlewares/Third_Party/FreeRTOS/Source/CMSIS_RTOS_V2/cmsis_os2.o
                0x000000000800d1c4                vApplicationGetIdleTaskMemory
 .text.vApplicationGetTimerTaskMemory
                0x000000000800d1f8       0x34 ./Middlewares/Third_Party/FreeRTOS/Source/CMSIS_RTOS_V2/cmsis_os2.o
                0x000000000800d1f8                vApplicationGetTimerTaskMemory
 .text.vListInitialise
                0x000000000800d22c       0x40 ./Middlewares/Third_Party/FreeRTOS/Source/list.o
                0x000000000800d22c                vListInitialise
 .text.vListInitialiseItem
                0x000000000800d26c       0x1a ./Middlewares/Third_Party/FreeRTOS/Source/list.o
                0x000000000800d26c                vListInitialiseItem
 .text.vListInsertEnd
                0x000000000800d286       0x48 ./Middlewares/Third_Party/FreeRTOS/Source/list.o
                0x000000000800d286                vListInsertEnd
 .text.vListInsert
                0x000000000800d2ce       0x72 ./Middlewares/Third_Party/FreeRTOS/Source/list.o
                0x000000000800d2ce                vListInsert
 .text.uxListRemove
                0x000000000800d340       0x54 ./Middlewares/Third_Party/FreeRTOS/Source/list.o
                0x000000000800d340                uxListRemove
 .text.xQueueGenericReset
                0x000000000800d394       0xb6 ./Middlewares/Third_Party/FreeRTOS/Source/queue.o
                0x000000000800d394                xQueueGenericReset
 .text.xQueueGenericCreateStatic
                0x000000000800d44a       0xf0 ./Middlewares/Third_Party/FreeRTOS/Source/queue.o
                0x000000000800d44a                xQueueGenericCreateStatic
 .text.xQueueGenericCreate
                0x000000000800d53a       0x74 ./Middlewares/Third_Party/FreeRTOS/Source/queue.o
                0x000000000800d53a                xQueueGenericCreate
 .text.prvInitialiseNewQueue
                0x000000000800d5ae       0x46 ./Middlewares/Third_Party/FreeRTOS/Source/queue.o
 .text.xQueueGenericSend
                0x000000000800d5f4      0x1cc ./Middlewares/Third_Party/FreeRTOS/Source/queue.o
                0x000000000800d5f4                xQueueGenericSend
 .text.xQueueGenericSendFromISR
                0x000000000800d7c0      0x136 ./Middlewares/Third_Party/FreeRTOS/Source/queue.o
                0x000000000800d7c0                xQueueGenericSendFromISR
 *fill*         0x000000000800d8f6        0x2 
 .text.xQueueReceive
                0x000000000800d8f8      0x1a8 ./Middlewares/Third_Party/FreeRTOS/Source/queue.o
                0x000000000800d8f8                xQueueReceive
 .text.xQueueReceiveFromISR
                0x000000000800daa0      0x100 ./Middlewares/Third_Party/FreeRTOS/Source/queue.o
                0x000000000800daa0                xQueueReceiveFromISR
 .text.uxQueueMessagesWaiting
                0x000000000800dba0       0x3c ./Middlewares/Third_Party/FreeRTOS/Source/queue.o
                0x000000000800dba0                uxQueueMessagesWaiting
 .text.uxQueueMessagesWaitingFromISR
                0x000000000800dbdc       0x3c ./Middlewares/Third_Party/FreeRTOS/Source/queue.o
                0x000000000800dbdc                uxQueueMessagesWaitingFromISR
 .text.prvCopyDataToQueue
                0x000000000800dc18       0xd4 ./Middlewares/Third_Party/FreeRTOS/Source/queue.o
 .text.prvCopyDataFromQueue
                0x000000000800dcec       0x4c ./Middlewares/Third_Party/FreeRTOS/Source/queue.o
 .text.prvUnlockQueue
                0x000000000800dd38       0xa4 ./Middlewares/Third_Party/FreeRTOS/Source/queue.o
 .text.prvIsQueueEmpty
                0x000000000800dddc       0x2c ./Middlewares/Third_Party/FreeRTOS/Source/queue.o
 .text.prvIsQueueFull
                0x000000000800de08       0x30 ./Middlewares/Third_Party/FreeRTOS/Source/queue.o
 .text.vQueueAddToRegistry
                0x000000000800de38       0x54 ./Middlewares/Third_Party/FreeRTOS/Source/queue.o
                0x000000000800de38                vQueueAddToRegistry
 .text.vQueueWaitForMessageRestricted
                0x000000000800de8c       0x68 ./Middlewares/Third_Party/FreeRTOS/Source/queue.o
                0x000000000800de8c                vQueueWaitForMessageRestricted
 .text.xTaskCreateStatic
                0x000000000800def4       0xba ./Middlewares/Third_Party/FreeRTOS/Source/tasks.o
                0x000000000800def4                xTaskCreateStatic
 .text.xTaskCreate
                0x000000000800dfae       0x8a ./Middlewares/Third_Party/FreeRTOS/Source/tasks.o
                0x000000000800dfae                xTaskCreate
 .text.prvInitialiseNewTask
                0x000000000800e038      0x14c ./Middlewares/Third_Party/FreeRTOS/Source/tasks.o
 .text.prvAddNewTaskToReadyList
                0x000000000800e184       0xc0 ./Middlewares/Third_Party/FreeRTOS/Source/tasks.o
 .text.vTaskDelay
                0x000000000800e244       0x68 ./Middlewares/Third_Party/FreeRTOS/Source/tasks.o
                0x000000000800e244                vTaskDelay
 .text.vTaskStartScheduler
                0x000000000800e2ac       0xe0 ./Middlewares/Third_Party/FreeRTOS/Source/tasks.o
                0x000000000800e2ac                vTaskStartScheduler
 .text.vTaskSuspendAll
                0x000000000800e38c       0x1c ./Middlewares/Third_Party/FreeRTOS/Source/tasks.o
                0x000000000800e38c                vTaskSuspendAll
 .text.xTaskResumeAll
                0x000000000800e3a8      0x120 ./Middlewares/Third_Party/FreeRTOS/Source/tasks.o
                0x000000000800e3a8                xTaskResumeAll
 .text.xTaskGetTickCount
                0x000000000800e4c8       0x20 ./Middlewares/Third_Party/FreeRTOS/Source/tasks.o
                0x000000000800e4c8                xTaskGetTickCount
 .text.xTaskIncrementTick
                0x000000000800e4e8      0x12c ./Middlewares/Third_Party/FreeRTOS/Source/tasks.o
                0x000000000800e4e8                xTaskIncrementTick
 .text.vTaskSwitchContext
                0x000000000800e614       0xc8 ./Middlewares/Third_Party/FreeRTOS/Source/tasks.o
                0x000000000800e614                vTaskSwitchContext
 .text.vTaskPlaceOnEventList
                0x000000000800e6dc       0x48 ./Middlewares/Third_Party/FreeRTOS/Source/tasks.o
                0x000000000800e6dc                vTaskPlaceOnEventList
 .text.vTaskPlaceOnEventListRestricted
                0x000000000800e724       0x58 ./Middlewares/Third_Party/FreeRTOS/Source/tasks.o
                0x000000000800e724                vTaskPlaceOnEventListRestricted
 .text.xTaskRemoveFromEventList
                0x000000000800e77c       0xc8 ./Middlewares/Third_Party/FreeRTOS/Source/tasks.o
                0x000000000800e77c                xTaskRemoveFromEventList
 .text.vTaskInternalSetTimeOutState
                0x000000000800e844       0x2c ./Middlewares/Third_Party/FreeRTOS/Source/tasks.o
                0x000000000800e844                vTaskInternalSetTimeOutState
 .text.xTaskCheckForTimeOut
                0x000000000800e870       0xc4 ./Middlewares/Third_Party/FreeRTOS/Source/tasks.o
                0x000000000800e870                xTaskCheckForTimeOut
 .text.vTaskMissedYield
                0x000000000800e934       0x18 ./Middlewares/Third_Party/FreeRTOS/Source/tasks.o
                0x000000000800e934                vTaskMissedYield
 .text.prvIdleTask
                0x000000000800e94c       0x24 ./Middlewares/Third_Party/FreeRTOS/Source/tasks.o
 .text.prvInitialiseTaskLists
                0x000000000800e970       0x80 ./Middlewares/Third_Party/FreeRTOS/Source/tasks.o
 .text.prvCheckTasksWaitingTermination
                0x000000000800e9f0       0x5c ./Middlewares/Third_Party/FreeRTOS/Source/tasks.o
 .text.prvDeleteTCB
                0x000000000800ea4c       0x68 ./Middlewares/Third_Party/FreeRTOS/Source/tasks.o
 .text.prvResetNextTaskUnblockTime
                0x000000000800eab4       0x40 ./Middlewares/Third_Party/FreeRTOS/Source/tasks.o
 .text.xTaskGetSchedulerState
                0x000000000800eaf4       0x3c ./Middlewares/Third_Party/FreeRTOS/Source/tasks.o
                0x000000000800eaf4                xTaskGetSchedulerState
 .text.xTaskPriorityDisinherit
                0x000000000800eb30       0xdc ./Middlewares/Third_Party/FreeRTOS/Source/tasks.o
                0x000000000800eb30                xTaskPriorityDisinherit
 .text.prvAddCurrentTaskToDelayedList
                0x000000000800ec0c       0xa8 ./Middlewares/Third_Party/FreeRTOS/Source/tasks.o
 .text.xTimerCreateTimerTask
                0x000000000800ecb4       0x90 ./Middlewares/Third_Party/FreeRTOS/Source/timers.o
                0x000000000800ecb4                xTimerCreateTimerTask
 .text.xTimerGenericCommand
                0x000000000800ed44       0x9c ./Middlewares/Third_Party/FreeRTOS/Source/timers.o
                0x000000000800ed44                xTimerGenericCommand
 .text.prvProcessExpiredTimer
                0x000000000800ede0       0x98 ./Middlewares/Third_Party/FreeRTOS/Source/timers.o
 .text.prvTimerTask
                0x000000000800ee78       0x24 ./Middlewares/Third_Party/FreeRTOS/Source/timers.o
 .text.prvProcessTimerOrBlockTask
                0x000000000800ee9c       0x9c ./Middlewares/Third_Party/FreeRTOS/Source/timers.o
 .text.prvGetNextExpireTime
                0x000000000800ef38       0x48 ./Middlewares/Third_Party/FreeRTOS/Source/timers.o
 .text.prvSampleTimeNow
                0x000000000800ef80       0x40 ./Middlewares/Third_Party/FreeRTOS/Source/timers.o
 .text.prvInsertTimerInActiveList
                0x000000000800efc0       0x84 ./Middlewares/Third_Party/FreeRTOS/Source/timers.o
 .text.prvProcessReceivedCommands
                0x000000000800f044      0x1c4 ./Middlewares/Third_Party/FreeRTOS/Source/timers.o
 .text.prvSwitchTimerLists
                0x000000000800f208       0xc8 ./Middlewares/Third_Party/FreeRTOS/Source/timers.o
 .text.prvCheckForValidListAndQueue
                0x000000000800f2d0       0x80 ./Middlewares/Third_Party/FreeRTOS/Source/timers.o
 .text.pxPortInitialiseStack
                0x000000000800f350       0x68 ./Middlewares/Third_Party/FreeRTOS/Source/portable/GCC/ARM_CM4F/port.o
                0x000000000800f350                pxPortInitialiseStack
 .text.prvTaskExitError
                0x000000000800f3b8       0x58 ./Middlewares/Third_Party/FreeRTOS/Source/portable/GCC/ARM_CM4F/port.o
 .text.SVC_Handler
                0x000000000800f410       0x28 ./Middlewares/Third_Party/FreeRTOS/Source/portable/GCC/ARM_CM4F/port.o
                0x000000000800f410                SVC_Handler
 .text.prvPortStartFirstTask
                0x000000000800f438       0x28 ./Middlewares/Third_Party/FreeRTOS/Source/portable/GCC/ARM_CM4F/port.o
 .text.xPortStartScheduler
                0x000000000800f460      0x144 ./Middlewares/Third_Party/FreeRTOS/Source/portable/GCC/ARM_CM4F/port.o
                0x000000000800f460                xPortStartScheduler
 .text.vPortEnterCritical
                0x000000000800f5a4       0x60 ./Middlewares/Third_Party/FreeRTOS/Source/portable/GCC/ARM_CM4F/port.o
                0x000000000800f5a4                vPortEnterCritical
 .text.vPortExitCritical
                0x000000000800f604       0x54 ./Middlewares/Third_Party/FreeRTOS/Source/portable/GCC/ARM_CM4F/port.o
                0x000000000800f604                vPortExitCritical
 *fill*         0x000000000800f658        0x8 
 .text.PendSV_Handler
                0x000000000800f660       0x68 ./Middlewares/Third_Party/FreeRTOS/Source/portable/GCC/ARM_CM4F/port.o
                0x000000000800f660                PendSV_Handler
 .text.xPortSysTickHandler
                0x000000000800f6c8       0x44 ./Middlewares/Third_Party/FreeRTOS/Source/portable/GCC/ARM_CM4F/port.o
                0x000000000800f6c8                xPortSysTickHandler
 .text.vPortSetupTimerInterrupt
                0x000000000800f70c       0x48 ./Middlewares/Third_Party/FreeRTOS/Source/portable/GCC/ARM_CM4F/port.o
                0x000000000800f70c                vPortSetupTimerInterrupt
 .text.vPortEnableVFP
                0x000000000800f754       0x14 ./Middlewares/Third_Party/FreeRTOS/Source/portable/GCC/ARM_CM4F/port.o
 .text.vPortValidateInterruptPriority
                0x000000000800f768       0x80 ./Middlewares/Third_Party/FreeRTOS/Source/portable/GCC/ARM_CM4F/port.o
                0x000000000800f768                vPortValidateInterruptPriority
 .text.pvPortMalloc
                0x000000000800f7e8      0x198 ./Middlewares/Third_Party/FreeRTOS/Source/portable/MemMang/heap_4.o
                0x000000000800f7e8                pvPortMalloc
 .text.vPortFree
                0x000000000800f980       0xc4 ./Middlewares/Third_Party/FreeRTOS/Source/portable/MemMang/heap_4.o
                0x000000000800f980                vPortFree
 .text.prvHeapInit
                0x000000000800fa44       0xc4 ./Middlewares/Third_Party/FreeRTOS/Source/portable/MemMang/heap_4.o
 .text.prvInsertBlockIntoFreeList
                0x000000000800fb08       0xb4 ./Middlewares/Third_Party/FreeRTOS/Source/portable/MemMang/heap_4.o
 .text._Znwj    0x000000000800fbbc       0x22 c:/st/stm32cubeide_1.11.0/stm32cubeide/plugins/com.st.stm32cube.ide.mcu.externaltools.gnu-tools-for-stm32.10.3-2021.10.win32_1.0.100.202210260954/tools/bin/../lib/gcc/arm-none-eabi/10.3.1/../../../../arm-none-eabi/lib/thumb/v7e-m+fp/hard\libstdc++_nano.a(new_op.o)
                0x000000000800fbbc                operator new(unsigned int)
 *fill*         0x000000000800fbde        0x2 
 .text._ZSt15get_new_handlerv
                0x000000000800fbe0       0x10 c:/st/stm32cubeide_1.11.0/stm32cubeide/plugins/com.st.stm32cube.ide.mcu.externaltools.gnu-tools-for-stm32.10.3-2021.10.win32_1.0.100.202210260954/tools/bin/../lib/gcc/arm-none-eabi/10.3.1/../../../../arm-none-eabi/lib/thumb/v7e-m+fp/hard\libstdc++_nano.a(new_handler.o)
                0x000000000800fbe0                std::get_new_handler()
 .text.roundf   0x000000000800fbf0       0x48 c:/st/stm32cubeide_1.11.0/stm32cubeide/plugins/com.st.stm32cube.ide.mcu.externaltools.gnu-tools-for-stm32.10.3-2021.10.win32_1.0.100.202210260954/tools/bin/../lib/gcc/arm-none-eabi/10.3.1/../../../../arm-none-eabi/lib/thumb/v7e-m+fp/hard\libm.a(lib_a-sf_round.o)
                0x000000000800fbf0                roundf
 .text.atan2    0x000000000800fc38        0x4 c:/st/stm32cubeide_1.11.0/stm32cubeide/plugins/com.st.stm32cube.ide.mcu.externaltools.gnu-tools-for-stm32.10.3-2021.10.win32_1.0.100.202210260954/tools/bin/../lib/gcc/arm-none-eabi/10.3.1/../../../../arm-none-eabi/lib/thumb/v7e-m+fp/hard\libm.a(lib_a-w_atan2.o)
                0x000000000800fc38                atan2
 .text.fmod     0x000000000800fc3c       0x5c c:/st/stm32cubeide_1.11.0/stm32cubeide/plugins/com.st.stm32cube.ide.mcu.externaltools.gnu-tools-for-stm32.10.3-2021.10.win32_1.0.100.202210260954/tools/bin/../lib/gcc/arm-none-eabi/10.3.1/../../../../arm-none-eabi/lib/thumb/v7e-m+fp/hard\libm.a(lib_a-w_fmod.o)
                0x000000000800fc3c                fmod
 .text.pow      0x000000000800fc98       0xe0 c:/st/stm32cubeide_1.11.0/stm32cubeide/plugins/com.st.stm32cube.ide.mcu.externaltools.gnu-tools-for-stm32.10.3-2021.10.win32_1.0.100.202210260954/tools/bin/../lib/gcc/arm-none-eabi/10.3.1/../../../../arm-none-eabi/lib/thumb/v7e-m+fp/hard\libm.a(lib_a-w_pow.o)
                0x000000000800fc98                pow
 .text.sqrt     0x000000000800fd78       0x58 c:/st/stm32cubeide_1.11.0/stm32cubeide/plugins/com.st.stm32cube.ide.mcu.externaltools.gnu-tools-for-stm32.10.3-2021.10.win32_1.0.100.202210260954/tools/bin/../lib/gcc/arm-none-eabi/10.3.1/../../../../arm-none-eabi/lib/thumb/v7e-m+fp/hard\libm.a(lib_a-w_sqrt.o)
                0x000000000800fd78                sqrt
 .text.__ieee754_atan2
                0x000000000800fdd0      0x194 c:/st/stm32cubeide_1.11.0/stm32cubeide/plugins/com.st.stm32cube.ide.mcu.externaltools.gnu-tools-for-stm32.10.3-2021.10.win32_1.0.100.202210260954/tools/bin/../lib/gcc/arm-none-eabi/10.3.1/../../../../arm-none-eabi/lib/thumb/v7e-m+fp/hard\libm.a(lib_a-e_atan2.o)
                0x000000000800fdd0                __ieee754_atan2
 .text.__ieee754_fmod
                0x000000000800ff64      0x224 c:/st/stm32cubeide_1.11.0/stm32cubeide/plugins/com.st.stm32cube.ide.mcu.externaltools.gnu-tools-for-stm32.10.3-2021.10.win32_1.0.100.202210260954/tools/bin/../lib/gcc/arm-none-eabi/10.3.1/../../../../arm-none-eabi/lib/thumb/v7e-m+fp/hard\libm.a(lib_a-e_fmod.o)
                0x000000000800ff64                __ieee754_fmod
 .text.__ieee754_pow
                0x0000000008010188      0xa5c c:/st/stm32cubeide_1.11.0/stm32cubeide/plugins/com.st.stm32cube.ide.mcu.externaltools.gnu-tools-for-stm32.10.3-2021.10.win32_1.0.100.202210260954/tools/bin/../lib/gcc/arm-none-eabi/10.3.1/../../../../arm-none-eabi/lib/thumb/v7e-m+fp/hard\libm.a(lib_a-e_pow.o)
                0x0000000008010188                __ieee754_pow
 .text.__ieee754_sqrt
                0x0000000008010be4      0x164 c:/st/stm32cubeide_1.11.0/stm32cubeide/plugins/com.st.stm32cube.ide.mcu.externaltools.gnu-tools-for-stm32.10.3-2021.10.win32_1.0.100.202210260954/tools/bin/../lib/gcc/arm-none-eabi/10.3.1/../../../../arm-none-eabi/lib/thumb/v7e-m+fp/hard\libm.a(lib_a-e_sqrt.o)
                0x0000000008010be4                __ieee754_sqrt
 .text.with_errno
                0x0000000008010d48       0x14 c:/st/stm32cubeide_1.11.0/stm32cubeide/plugins/com.st.stm32cube.ide.mcu.externaltools.gnu-tools-for-stm32.10.3-2021.10.win32_1.0.100.202210260954/tools/bin/../lib/gcc/arm-none-eabi/10.3.1/../../../../arm-none-eabi/lib/thumb/v7e-m+fp/hard\libm.a(lib_a-math_err.o)
 .text.xflow    0x0000000008010d5c       0x28 c:/st/stm32cubeide_1.11.0/stm32cubeide/plugins/com.st.stm32cube.ide.mcu.externaltools.gnu-tools-for-stm32.10.3-2021.10.win32_1.0.100.202210260954/tools/bin/../lib/gcc/arm-none-eabi/10.3.1/../../../../arm-none-eabi/lib/thumb/v7e-m+fp/hard\libm.a(lib_a-math_err.o)
 .text.__math_uflow
                0x0000000008010d84       0x12 c:/st/stm32cubeide_1.11.0/stm32cubeide/plugins/com.st.stm32cube.ide.mcu.externaltools.gnu-tools-for-stm32.10.3-2021.10.win32_1.0.100.202210260954/tools/bin/../lib/gcc/arm-none-eabi/10.3.1/../../../../arm-none-eabi/lib/thumb/v7e-m+fp/hard\libm.a(lib_a-math_err.o)
                0x0000000008010d84                __math_uflow
 .text.__math_oflow
                0x0000000008010d96       0x12 c:/st/stm32cubeide_1.11.0/stm32cubeide/plugins/com.st.stm32cube.ide.mcu.externaltools.gnu-tools-for-stm32.10.3-2021.10.win32_1.0.100.202210260954/tools/bin/../lib/gcc/arm-none-eabi/10.3.1/../../../../arm-none-eabi/lib/thumb/v7e-m+fp/hard\libm.a(lib_a-math_err.o)
                0x0000000008010d96                __math_oflow
 .text.atan     0x0000000008010da8      0x340 c:/st/stm32cubeide_1.11.0/stm32cubeide/plugins/com.st.stm32cube.ide.mcu.externaltools.gnu-tools-for-stm32.10.3-2021.10.win32_1.0.100.202210260954/tools/bin/../lib/gcc/arm-none-eabi/10.3.1/../../../../arm-none-eabi/lib/thumb/v7e-m+fp/hard\libm.a(lib_a-s_atan.o)
                0x0000000008010da8                atan
 .text.fabs     0x00000000080110e8       0x12 c:/st/stm32cubeide_1.11.0/stm32cubeide/plugins/com.st.stm32cube.ide.mcu.externaltools.gnu-tools-for-stm32.10.3-2021.10.win32_1.0.100.202210260954/tools/bin/../lib/gcc/arm-none-eabi/10.3.1/../../../../arm-none-eabi/lib/thumb/v7e-m+fp/hard\libm.a(lib_a-s_fabs.o)
                0x00000000080110e8                fabs
 .text.finite   0x00000000080110fa       0x16 c:/st/stm32cubeide_1.11.0/stm32cubeide/plugins/com.st.stm32cube.ide.mcu.externaltools.gnu-tools-for-stm32.10.3-2021.10.win32_1.0.100.202210260954/tools/bin/../lib/gcc/arm-none-eabi/10.3.1/../../../../arm-none-eabi/lib/thumb/v7e-m+fp/hard\libm.a(lib_a-s_finite.o)
                0x00000000080110fa                finite
 .text.scalbn   0x0000000008011110      0x10c c:/st/stm32cubeide_1.11.0/stm32cubeide/plugins/com.st.stm32cube.ide.mcu.externaltools.gnu-tools-for-stm32.10.3-2021.10.win32_1.0.100.202210260954/tools/bin/../lib/gcc/arm-none-eabi/10.3.1/../../../../arm-none-eabi/lib/thumb/v7e-m+fp/hard\libm.a(lib_a-s_scalbn.o)
                0x0000000008011110                scalbn
 .text.abort    0x000000000801121c        0xe c:/st/stm32cubeide_1.11.0/stm32cubeide/plugins/com.st.stm32cube.ide.mcu.externaltools.gnu-tools-for-stm32.10.3-2021.10.win32_1.0.100.202210260954/tools/bin/../lib/gcc/arm-none-eabi/10.3.1/../../../../arm-none-eabi/lib/thumb/v7e-m+fp/hard\libc_nano.a(lib_a-abort.o)
                0x000000000801121c                abort
 *fill*         0x000000000801122a        0x2 
 .text.__errno  0x000000000801122c        0xc c:/st/stm32cubeide_1.11.0/stm32cubeide/plugins/com.st.stm32cube.ide.mcu.externaltools.gnu-tools-for-stm32.10.3-2021.10.win32_1.0.100.202210260954/tools/bin/../lib/gcc/arm-none-eabi/10.3.1/../../../../arm-none-eabi/lib/thumb/v7e-m+fp/hard\libc_nano.a(lib_a-errno.o)
                0x000000000801122c                __errno
 .text.std      0x0000000008011238       0x48 c:/st/stm32cubeide_1.11.0/stm32cubeide/plugins/com.st.stm32cube.ide.mcu.externaltools.gnu-tools-for-stm32.10.3-2021.10.win32_1.0.100.202210260954/tools/bin/../lib/gcc/arm-none-eabi/10.3.1/../../../../arm-none-eabi/lib/thumb/v7e-m+fp/hard\libc_nano.a(lib_a-findfp.o)
 .text._cleanup_r
                0x0000000008011280        0xc c:/st/stm32cubeide_1.11.0/stm32cubeide/plugins/com.st.stm32cube.ide.mcu.externaltools.gnu-tools-for-stm32.10.3-2021.10.win32_1.0.100.202210260954/tools/bin/../lib/gcc/arm-none-eabi/10.3.1/../../../../arm-none-eabi/lib/thumb/v7e-m+fp/hard\libc_nano.a(lib_a-findfp.o)
                0x0000000008011280                _cleanup_r
 .text.__sfmoreglue
                0x000000000801128c       0x2c c:/st/stm32cubeide_1.11.0/stm32cubeide/plugins/com.st.stm32cube.ide.mcu.externaltools.gnu-tools-for-stm32.10.3-2021.10.win32_1.0.100.202210260954/tools/bin/../lib/gcc/arm-none-eabi/10.3.1/../../../../arm-none-eabi/lib/thumb/v7e-m+fp/hard\libc_nano.a(lib_a-findfp.o)
                0x000000000801128c                __sfmoreglue
 .text.__sfp_lock_acquire
                0x00000000080112b8        0xc c:/st/stm32cubeide_1.11.0/stm32cubeide/plugins/com.st.stm32cube.ide.mcu.externaltools.gnu-tools-for-stm32.10.3-2021.10.win32_1.0.100.202210260954/tools/bin/../lib/gcc/arm-none-eabi/10.3.1/../../../../arm-none-eabi/lib/thumb/v7e-m+fp/hard\libc_nano.a(lib_a-findfp.o)
                0x00000000080112b8                __sfp_lock_acquire
 .text.__sfp_lock_release
                0x00000000080112c4        0xc c:/st/stm32cubeide_1.11.0/stm32cubeide/plugins/com.st.stm32cube.ide.mcu.externaltools.gnu-tools-for-stm32.10.3-2021.10.win32_1.0.100.202210260954/tools/bin/../lib/gcc/arm-none-eabi/10.3.1/../../../../arm-none-eabi/lib/thumb/v7e-m+fp/hard\libc_nano.a(lib_a-findfp.o)
                0x00000000080112c4                __sfp_lock_release
 .text.__sinit_lock_acquire
                0x00000000080112d0        0xc c:/st/stm32cubeide_1.11.0/stm32cubeide/plugins/com.st.stm32cube.ide.mcu.externaltools.gnu-tools-for-stm32.10.3-2021.10.win32_1.0.100.202210260954/tools/bin/../lib/gcc/arm-none-eabi/10.3.1/../../../../arm-none-eabi/lib/thumb/v7e-m+fp/hard\libc_nano.a(lib_a-findfp.o)
                0x00000000080112d0                __sinit_lock_acquire
 .text.__sinit_lock_release
                0x00000000080112dc        0xc c:/st/stm32cubeide_1.11.0/stm32cubeide/plugins/com.st.stm32cube.ide.mcu.externaltools.gnu-tools-for-stm32.10.3-2021.10.win32_1.0.100.202210260954/tools/bin/../lib/gcc/arm-none-eabi/10.3.1/../../../../arm-none-eabi/lib/thumb/v7e-m+fp/hard\libc_nano.a(lib_a-findfp.o)
                0x00000000080112dc                __sinit_lock_release
 .text.__sinit  0x00000000080112e8       0x70 c:/st/stm32cubeide_1.11.0/stm32cubeide/plugins/com.st.stm32cube.ide.mcu.externaltools.gnu-tools-for-stm32.10.3-2021.10.win32_1.0.100.202210260954/tools/bin/../lib/gcc/arm-none-eabi/10.3.1/../../../../arm-none-eabi/lib/thumb/v7e-m+fp/hard\libc_nano.a(lib_a-findfp.o)
                0x00000000080112e8                __sinit
 .text.__sfp    0x0000000008011358       0x8c c:/st/stm32cubeide_1.11.0/stm32cubeide/plugins/com.st.stm32cube.ide.mcu.externaltools.gnu-tools-for-stm32.10.3-2021.10.win32_1.0.100.202210260954/tools/bin/../lib/gcc/arm-none-eabi/10.3.1/../../../../arm-none-eabi/lib/thumb/v7e-m+fp/hard\libc_nano.a(lib_a-findfp.o)
                0x0000000008011358                __sfp
 .text._fwalk_reent
                0x00000000080113e4       0x3e c:/st/stm32cubeide_1.11.0/stm32cubeide/plugins/com.st.stm32cube.ide.mcu.externaltools.gnu-tools-for-stm32.10.3-2021.10.win32_1.0.100.202210260954/tools/bin/../lib/gcc/arm-none-eabi/10.3.1/../../../../arm-none-eabi/lib/thumb/v7e-m+fp/hard\libc_nano.a(lib_a-fwalk.o)
                0x00000000080113e4                _fwalk_reent
 *fill*         0x0000000008011422        0x2 
 .text.__libc_init_array
                0x0000000008011424       0x48 c:/st/stm32cubeide_1.11.0/stm32cubeide/plugins/com.st.stm32cube.ide.mcu.externaltools.gnu-tools-for-stm32.10.3-2021.10.win32_1.0.100.202210260954/tools/bin/../lib/gcc/arm-none-eabi/10.3.1/../../../../arm-none-eabi/lib/thumb/v7e-m+fp/hard\libc_nano.a(lib_a-init.o)
                0x0000000008011424                __libc_init_array
 .text.malloc   0x000000000801146c       0x10 c:/st/stm32cubeide_1.11.0/stm32cubeide/plugins/com.st.stm32cube.ide.mcu.externaltools.gnu-tools-for-stm32.10.3-2021.10.win32_1.0.100.202210260954/tools/bin/../lib/gcc/arm-none-eabi/10.3.1/../../../../arm-none-eabi/lib/thumb/v7e-m+fp/hard\libc_nano.a(lib_a-malloc.o)
                0x000000000801146c                malloc
 .text.memcpy   0x000000000801147c       0x1c c:/st/stm32cubeide_1.11.0/stm32cubeide/plugins/com.st.stm32cube.ide.mcu.externaltools.gnu-tools-for-stm32.10.3-2021.10.win32_1.0.100.202210260954/tools/bin/../lib/gcc/arm-none-eabi/10.3.1/../../../../arm-none-eabi/lib/thumb/v7e-m+fp/hard\libc_nano.a(lib_a-memcpy-stub.o)
                0x000000000801147c                memcpy
 .text.memset   0x0000000008011498       0x10 c:/st/stm32cubeide_1.11.0/stm32cubeide/plugins/com.st.stm32cube.ide.mcu.externaltools.gnu-tools-for-stm32.10.3-2021.10.win32_1.0.100.202210260954/tools/bin/../lib/gcc/arm-none-eabi/10.3.1/../../../../arm-none-eabi/lib/thumb/v7e-m+fp/hard\libc_nano.a(lib_a-memset.o)
                0x0000000008011498                memset
 .text._free_r  0x00000000080114a8       0x98 c:/st/stm32cubeide_1.11.0/stm32cubeide/plugins/com.st.stm32cube.ide.mcu.externaltools.gnu-tools-for-stm32.10.3-2021.10.win32_1.0.100.202210260954/tools/bin/../lib/gcc/arm-none-eabi/10.3.1/../../../../arm-none-eabi/lib/thumb/v7e-m+fp/hard\libc_nano.a(lib_a-nano-freer.o)
                0x00000000080114a8                _free_r
 .text.sbrk_aligned
                0x0000000008011540       0x40 c:/st/stm32cubeide_1.11.0/stm32cubeide/plugins/com.st.stm32cube.ide.mcu.externaltools.gnu-tools-for-stm32.10.3-2021.10.win32_1.0.100.202210260954/tools/bin/../lib/gcc/arm-none-eabi/10.3.1/../../../../arm-none-eabi/lib/thumb/v7e-m+fp/hard\libc_nano.a(lib_a-nano-mallocr.o)
 .text._malloc_r
                0x0000000008011580       0xe8 c:/st/stm32cubeide_1.11.0/stm32cubeide/plugins/com.st.stm32cube.ide.mcu.externaltools.gnu-tools-for-stm32.10.3-2021.10.win32_1.0.100.202210260954/tools/bin/../lib/gcc/arm-none-eabi/10.3.1/../../../../arm-none-eabi/lib/thumb/v7e-m+fp/hard\libc_nano.a(lib_a-nano-mallocr.o)
                0x0000000008011580                _malloc_r
 .text.__cvt    0x0000000008011668       0xc4 c:/st/stm32cubeide_1.11.0/stm32cubeide/plugins/com.st.stm32cube.ide.mcu.externaltools.gnu-tools-for-stm32.10.3-2021.10.win32_1.0.100.202210260954/tools/bin/../lib/gcc/arm-none-eabi/10.3.1/../../../../arm-none-eabi/lib/thumb/v7e-m+fp/hard\libc_nano.a(lib_a-nano-vfprintf_float.o)
                0x0000000008011668                __cvt
 .text.__exponent
                0x000000000801172c       0x7c c:/st/stm32cubeide_1.11.0/stm32cubeide/plugins/com.st.stm32cube.ide.mcu.externaltools.gnu-tools-for-stm32.10.3-2021.10.win32_1.0.100.202210260954/tools/bin/../lib/gcc/arm-none-eabi/10.3.1/../../../../arm-none-eabi/lib/thumb/v7e-m+fp/hard\libc_nano.a(lib_a-nano-vfprintf_float.o)
                0x000000000801172c                __exponent
 .text._printf_float
                0x00000000080117a8      0x46c c:/st/stm32cubeide_1.11.0/stm32cubeide/plugins/com.st.stm32cube.ide.mcu.externaltools.gnu-tools-for-stm32.10.3-2021.10.win32_1.0.100.202210260954/tools/bin/../lib/gcc/arm-none-eabi/10.3.1/../../../../arm-none-eabi/lib/thumb/v7e-m+fp/hard\libc_nano.a(lib_a-nano-vfprintf_float.o)
                0x00000000080117a8                _printf_float
 .text._printf_common
                0x0000000008011c14       0xda c:/st/stm32cubeide_1.11.0/stm32cubeide/plugins/com.st.stm32cube.ide.mcu.externaltools.gnu-tools-for-stm32.10.3-2021.10.win32_1.0.100.202210260954/tools/bin/../lib/gcc/arm-none-eabi/10.3.1/../../../../arm-none-eabi/lib/thumb/v7e-m+fp/hard\libc_nano.a(lib_a-nano-vfprintf_i.o)
                0x0000000008011c14                _printf_common
 *fill*         0x0000000008011cee        0x2 
 .text._printf_i
                0x0000000008011cf0      0x24c c:/st/stm32cubeide_1.11.0/stm32cubeide/plugins/com.st.stm32cube.ide.mcu.externaltools.gnu-tools-for-stm32.10.3-2021.10.win32_1.0.100.202210260954/tools/bin/../lib/gcc/arm-none-eabi/10.3.1/../../../../arm-none-eabi/lib/thumb/v7e-m+fp/hard\libc_nano.a(lib_a-nano-vfprintf_i.o)
                0x0000000008011cf0                _printf_i
 .text.printf   0x0000000008011f3c       0x30 c:/st/stm32cubeide_1.11.0/stm32cubeide/plugins/com.st.stm32cube.ide.mcu.externaltools.gnu-tools-for-stm32.10.3-2021.10.win32_1.0.100.202210260954/tools/bin/../lib/gcc/arm-none-eabi/10.3.1/../../../../arm-none-eabi/lib/thumb/v7e-m+fp/hard\libc_nano.a(lib_a-printf.o)
                0x0000000008011f3c                iprintf
                0x0000000008011f3c                printf
 .text.putchar  0x0000000008011f6c       0x2c c:/st/stm32cubeide_1.11.0/stm32cubeide/plugins/com.st.stm32cube.ide.mcu.externaltools.gnu-tools-for-stm32.10.3-2021.10.win32_1.0.100.202210260954/tools/bin/../lib/gcc/arm-none-eabi/10.3.1/../../../../arm-none-eabi/lib/thumb/v7e-m+fp/hard\libc_nano.a(lib_a-putchar.o)
                0x0000000008011f6c                putchar
 .text._puts_r  0x0000000008011f98       0xdc c:/st/stm32cubeide_1.11.0/stm32cubeide/plugins/com.st.stm32cube.ide.mcu.externaltools.gnu-tools-for-stm32.10.3-2021.10.win32_1.0.100.202210260954/tools/bin/../lib/gcc/arm-none-eabi/10.3.1/../../../../arm-none-eabi/lib/thumb/v7e-m+fp/hard\libc_nano.a(lib_a-puts.o)
                0x0000000008011f98                _puts_r
 .text.puts     0x0000000008012074       0x10 c:/st/stm32cubeide_1.11.0/stm32cubeide/plugins/com.st.stm32cube.ide.mcu.externaltools.gnu-tools-for-stm32.10.3-2021.10.win32_1.0.100.202210260954/tools/bin/../lib/gcc/arm-none-eabi/10.3.1/../../../../arm-none-eabi/lib/thumb/v7e-m+fp/hard\libc_nano.a(lib_a-puts.o)
                0x0000000008012074                puts